<testsuites id="" name="" tests="75" failures="69" skipped="6" errors="0" time="3600.027297">
<testsuite name="invoices/invoice-calculations.spec.ts" timestamp="2025-09-25T07:53:49.510Z" hostname="chromium" tests="6" failures="6" skipped="0" time="289.265" errors="0">
<testcase name="Invoice Global Financial Calculations › JavaScript calculations update totals when global financial fields change" classname="invoices/invoice-calculations.spec.ts" time="48.19">
<failure message="invoice-calculations.spec.ts:16:7 JavaScript calculations update totals when global financial fields change" type="FAILURE">
<![CDATA[  [chromium] › invoices/invoice-calculations.spec.ts:16:7 › Invoice Global Financial Calculations › JavaScript calculations update totals when global financial fields change 

    TimeoutError: locator.click: Timeout 15000ms exceeded.
    Call log:
      - waiting for locator('input[name="email"], input[type="email"], #email')


       at ../pages/base.page.ts:58

      56 |    */
      57 |   async fillField(locator: Locator, value: string) {
    > 58 |     await locator.click();
         |                   ^
      59 |     await locator.clear();
      60 |     await locator.fill(value);
      61 |   }
        at LoginPage.fillField (/app/pages/base.page.ts:58:19)
        at LoginPage.login (/app/pages/login.page.ts:33:16)
        at LoginPage.quickLogin (/app/pages/login.page.ts:58:16)
        at Object.authenticatedPage (/app/fixtures/auth.fixture.ts:12:5)

    attachment #1: screenshot (image/png) ──────────────────────────────────────────────────────────
    ../test-results/invoices-invoice-calculati-6eea4-bal-financial-fields-change-chromium/test-failed-1.png
    ────────────────────────────────────────────────────────────────────────────────────────────────

    attachment #2: video (video/webm) ──────────────────────────────────────────────────────────────
    ../test-results/invoices-invoice-calculati-6eea4-bal-financial-fields-change-chromium/video.webm
    ────────────────────────────────────────────────────────────────────────────────────────────────

    Error Context: ../test-results/invoices-invoice-calculati-6eea4-bal-financial-fields-change-chromium/error-context.md

    Retry #1 ───────────────────────────────────────────────────────────────────────────────────────

    TimeoutError: locator.click: Timeout 15000ms exceeded.
    Call log:
      - waiting for locator('input[name="email"], input[type="email"], #email')


       at ../pages/base.page.ts:58

      56 |    */
      57 |   async fillField(locator: Locator, value: string) {
    > 58 |     await locator.click();
         |                   ^
      59 |     await locator.clear();
      60 |     await locator.fill(value);
      61 |   }
        at LoginPage.fillField (/app/pages/base.page.ts:58:19)
        at LoginPage.login (/app/pages/login.page.ts:33:16)
        at LoginPage.quickLogin (/app/pages/login.page.ts:58:16)
        at Object.authenticatedPage (/app/fixtures/auth.fixture.ts:12:5)

    attachment #1: screenshot (image/png) ──────────────────────────────────────────────────────────
    ../test-results/invoices-invoice-calculati-6eea4-bal-financial-fields-change-chromium-retry1/test-failed-1.png
    ────────────────────────────────────────────────────────────────────────────────────────────────

    attachment #2: video (video/webm) ──────────────────────────────────────────────────────────────
    ../test-results/invoices-invoice-calculati-6eea4-bal-financial-fields-change-chromium-retry1/video.webm
    ────────────────────────────────────────────────────────────────────────────────────────────────

    Error Context: ../test-results/invoices-invoice-calculati-6eea4-bal-financial-fields-change-chromium-retry1/error-context.md

    attachment #4: trace (application/zip) ─────────────────────────────────────────────────────────
    ../test-results/invoices-invoice-calculati-6eea4-bal-financial-fields-change-chromium-retry1/trace.zip
    Usage:

        npx playwright show-trace ../test-results/invoices-invoice-calculati-6eea4-bal-financial-fields-change-chromium-retry1/trace.zip

    ────────────────────────────────────────────────────────────────────────────────────────────────

    Retry #2 ───────────────────────────────────────────────────────────────────────────────────────

    TimeoutError: locator.click: Timeout 15000ms exceeded.
    Call log:
      - waiting for locator('input[name="email"], input[type="email"], #email')


       at ../pages/base.page.ts:58

      56 |    */
      57 |   async fillField(locator: Locator, value: string) {
    > 58 |     await locator.click();
         |                   ^
      59 |     await locator.clear();
      60 |     await locator.fill(value);
      61 |   }
        at LoginPage.fillField (/app/pages/base.page.ts:58:19)
        at LoginPage.login (/app/pages/login.page.ts:33:16)
        at LoginPage.quickLogin (/app/pages/login.page.ts:58:16)
        at Object.authenticatedPage (/app/fixtures/auth.fixture.ts:12:5)

    attachment #1: screenshot (image/png) ──────────────────────────────────────────────────────────
    ../test-results/invoices-invoice-calculati-6eea4-bal-financial-fields-change-chromium-retry2/test-failed-1.png
    ────────────────────────────────────────────────────────────────────────────────────────────────

    attachment #2: video (video/webm) ──────────────────────────────────────────────────────────────
    ../test-results/invoices-invoice-calculati-6eea4-bal-financial-fields-change-chromium-retry2/video.webm
    ────────────────────────────────────────────────────────────────────────────────────────────────

    Error Context: ../test-results/invoices-invoice-calculati-6eea4-bal-financial-fields-change-chromium-retry2/error-context.md
]]>
</failure>
<system-out>
<![CDATA[
[[ATTACHMENT|invoices-invoice-calculati-6eea4-bal-financial-fields-change-chromium/test-failed-1.png]]

[[ATTACHMENT|invoices-invoice-calculati-6eea4-bal-financial-fields-change-chromium/video.webm]]

[[ATTACHMENT|invoices-invoice-calculati-6eea4-bal-financial-fields-change-chromium/error-context.md]]

[[ATTACHMENT|invoices-invoice-calculati-6eea4-bal-financial-fields-change-chromium-retry1/test-failed-1.png]]

[[ATTACHMENT|invoices-invoice-calculati-6eea4-bal-financial-fields-change-chromium-retry1/video.webm]]

[[ATTACHMENT|invoices-invoice-calculati-6eea4-bal-financial-fields-change-chromium-retry1/error-context.md]]

[[ATTACHMENT|invoices-invoice-calculati-6eea4-bal-financial-fields-change-chromium-retry1/trace.zip]]

[[ATTACHMENT|invoices-invoice-calculati-6eea4-bal-financial-fields-change-chromium-retry2/test-failed-1.png]]

[[ATTACHMENT|invoices-invoice-calculati-6eea4-bal-financial-fields-change-chromium-retry2/video.webm]]

[[ATTACHMENT|invoices-invoice-calculati-6eea4-bal-financial-fields-change-chromium-retry2/error-context.md]]
]]>
</system-out>
</testcase>
<testcase name="Invoice Global Financial Calculations › Calculations handle decimal values correctly" classname="invoices/invoice-calculations.spec.ts" time="48.524">
<failure message="invoice-calculations.spec.ts:77:7 Calculations handle decimal values correctly" type="FAILURE">
<![CDATA[  [chromium] › invoices/invoice-calculations.spec.ts:77:7 › Invoice Global Financial Calculations › Calculations handle decimal values correctly 

    TimeoutError: locator.click: Timeout 15000ms exceeded.
    Call log:
      - waiting for locator('input[name="email"], input[type="email"], #email')


       at ../pages/base.page.ts:58

      56 |    */
      57 |   async fillField(locator: Locator, value: string) {
    > 58 |     await locator.click();
         |                   ^
      59 |     await locator.clear();
      60 |     await locator.fill(value);
      61 |   }
        at LoginPage.fillField (/app/pages/base.page.ts:58:19)
        at LoginPage.login (/app/pages/login.page.ts:33:16)
        at LoginPage.quickLogin (/app/pages/login.page.ts:58:16)
        at Object.authenticatedPage (/app/fixtures/auth.fixture.ts:12:5)

    attachment #1: screenshot (image/png) ──────────────────────────────────────────────────────────
    ../test-results/invoices-invoice-calculati-29518-le-decimal-values-correctly-chromium/test-failed-1.png
    ────────────────────────────────────────────────────────────────────────────────────────────────

    attachment #2: video (video/webm) ──────────────────────────────────────────────────────────────
    ../test-results/invoices-invoice-calculati-29518-le-decimal-values-correctly-chromium/video.webm
    ────────────────────────────────────────────────────────────────────────────────────────────────

    Error Context: ../test-results/invoices-invoice-calculati-29518-le-decimal-values-correctly-chromium/error-context.md

    Retry #1 ───────────────────────────────────────────────────────────────────────────────────────

    TimeoutError: locator.click: Timeout 15000ms exceeded.
    Call log:
      - waiting for locator('input[name="email"], input[type="email"], #email')


       at ../pages/base.page.ts:58

      56 |    */
      57 |   async fillField(locator: Locator, value: string) {
    > 58 |     await locator.click();
         |                   ^
      59 |     await locator.clear();
      60 |     await locator.fill(value);
      61 |   }
        at LoginPage.fillField (/app/pages/base.page.ts:58:19)
        at LoginPage.login (/app/pages/login.page.ts:33:16)
        at LoginPage.quickLogin (/app/pages/login.page.ts:58:16)
        at Object.authenticatedPage (/app/fixtures/auth.fixture.ts:12:5)

    attachment #1: screenshot (image/png) ──────────────────────────────────────────────────────────
    ../test-results/invoices-invoice-calculati-29518-le-decimal-values-correctly-chromium-retry1/test-failed-1.png
    ────────────────────────────────────────────────────────────────────────────────────────────────

    attachment #2: video (video/webm) ──────────────────────────────────────────────────────────────
    ../test-results/invoices-invoice-calculati-29518-le-decimal-values-correctly-chromium-retry1/video.webm
    ────────────────────────────────────────────────────────────────────────────────────────────────

    Error Context: ../test-results/invoices-invoice-calculati-29518-le-decimal-values-correctly-chromium-retry1/error-context.md

    attachment #4: trace (application/zip) ─────────────────────────────────────────────────────────
    ../test-results/invoices-invoice-calculati-29518-le-decimal-values-correctly-chromium-retry1/trace.zip
    Usage:

        npx playwright show-trace ../test-results/invoices-invoice-calculati-29518-le-decimal-values-correctly-chromium-retry1/trace.zip

    ────────────────────────────────────────────────────────────────────────────────────────────────

    Retry #2 ───────────────────────────────────────────────────────────────────────────────────────

    TimeoutError: locator.click: Timeout 15000ms exceeded.
    Call log:
      - waiting for locator('input[name="email"], input[type="email"], #email')


       at ../pages/base.page.ts:58

      56 |    */
      57 |   async fillField(locator: Locator, value: string) {
    > 58 |     await locator.click();
         |                   ^
      59 |     await locator.clear();
      60 |     await locator.fill(value);
      61 |   }
        at LoginPage.fillField (/app/pages/base.page.ts:58:19)
        at LoginPage.login (/app/pages/login.page.ts:33:16)
        at LoginPage.quickLogin (/app/pages/login.page.ts:58:16)
        at Object.authenticatedPage (/app/fixtures/auth.fixture.ts:12:5)

    attachment #1: screenshot (image/png) ──────────────────────────────────────────────────────────
    ../test-results/invoices-invoice-calculati-29518-le-decimal-values-correctly-chromium-retry2/test-failed-1.png
    ────────────────────────────────────────────────────────────────────────────────────────────────

    attachment #2: video (video/webm) ──────────────────────────────────────────────────────────────
    ../test-results/invoices-invoice-calculati-29518-le-decimal-values-correctly-chromium-retry2/video.webm
    ────────────────────────────────────────────────────────────────────────────────────────────────

    Error Context: ../test-results/invoices-invoice-calculati-29518-le-decimal-values-correctly-chromium-retry2/error-context.md
]]>
</failure>
<system-out>
<![CDATA[
[[ATTACHMENT|invoices-invoice-calculati-29518-le-decimal-values-correctly-chromium/test-failed-1.png]]

[[ATTACHMENT|invoices-invoice-calculati-29518-le-decimal-values-correctly-chromium/video.webm]]

[[ATTACHMENT|invoices-invoice-calculati-29518-le-decimal-values-correctly-chromium/error-context.md]]

[[ATTACHMENT|invoices-invoice-calculati-29518-le-decimal-values-correctly-chromium-retry1/test-failed-1.png]]

[[ATTACHMENT|invoices-invoice-calculati-29518-le-decimal-values-correctly-chromium-retry1/video.webm]]

[[ATTACHMENT|invoices-invoice-calculati-29518-le-decimal-values-correctly-chromium-retry1/error-context.md]]

[[ATTACHMENT|invoices-invoice-calculati-29518-le-decimal-values-correctly-chromium-retry1/trace.zip]]

[[ATTACHMENT|invoices-invoice-calculati-29518-le-decimal-values-correctly-chromium-retry2/test-failed-1.png]]

[[ATTACHMENT|invoices-invoice-calculati-29518-le-decimal-values-correctly-chromium-retry2/video.webm]]

[[ATTACHMENT|invoices-invoice-calculati-29518-le-decimal-values-correctly-chromium-retry2/error-context.md]]
]]>
</system-out>
</testcase>
<testcase name="Invoice Global Financial Calculations › Calculations handle zero and empty values correctly" classname="invoices/invoice-calculations.spec.ts" time="48.124">
<failure message="invoice-calculations.spec.ts:102:7 Calculations handle zero and empty values correctly" type="FAILURE">
<![CDATA[  [chromium] › invoices/invoice-calculations.spec.ts:102:7 › Invoice Global Financial Calculations › Calculations handle zero and empty values correctly 

    TimeoutError: locator.click: Timeout 15000ms exceeded.
    Call log:
      - waiting for locator('input[name="email"], input[type="email"], #email')


       at ../pages/base.page.ts:58

      56 |    */
      57 |   async fillField(locator: Locator, value: string) {
    > 58 |     await locator.click();
         |                   ^
      59 |     await locator.clear();
      60 |     await locator.fill(value);
      61 |   }
        at LoginPage.fillField (/app/pages/base.page.ts:58:19)
        at LoginPage.login (/app/pages/login.page.ts:33:16)
        at LoginPage.quickLogin (/app/pages/login.page.ts:58:16)
        at Object.authenticatedPage (/app/fixtures/auth.fixture.ts:12:5)

    attachment #1: screenshot (image/png) ──────────────────────────────────────────────────────────
    ../test-results/invoices-invoice-calculati-e04f9--and-empty-values-correctly-chromium/test-failed-1.png
    ────────────────────────────────────────────────────────────────────────────────────────────────

    attachment #2: video (video/webm) ──────────────────────────────────────────────────────────────
    ../test-results/invoices-invoice-calculati-e04f9--and-empty-values-correctly-chromium/video.webm
    ────────────────────────────────────────────────────────────────────────────────────────────────

    Error Context: ../test-results/invoices-invoice-calculati-e04f9--and-empty-values-correctly-chromium/error-context.md

    Retry #1 ───────────────────────────────────────────────────────────────────────────────────────

    TimeoutError: locator.click: Timeout 15000ms exceeded.
    Call log:
      - waiting for locator('input[name="email"], input[type="email"], #email')


       at ../pages/base.page.ts:58

      56 |    */
      57 |   async fillField(locator: Locator, value: string) {
    > 58 |     await locator.click();
         |                   ^
      59 |     await locator.clear();
      60 |     await locator.fill(value);
      61 |   }
        at LoginPage.fillField (/app/pages/base.page.ts:58:19)
        at LoginPage.login (/app/pages/login.page.ts:33:16)
        at LoginPage.quickLogin (/app/pages/login.page.ts:58:16)
        at Object.authenticatedPage (/app/fixtures/auth.fixture.ts:12:5)

    attachment #1: screenshot (image/png) ──────────────────────────────────────────────────────────
    ../test-results/invoices-invoice-calculati-e04f9--and-empty-values-correctly-chromium-retry1/test-failed-1.png
    ────────────────────────────────────────────────────────────────────────────────────────────────

    attachment #2: video (video/webm) ──────────────────────────────────────────────────────────────
    ../test-results/invoices-invoice-calculati-e04f9--and-empty-values-correctly-chromium-retry1/video.webm
    ────────────────────────────────────────────────────────────────────────────────────────────────

    Error Context: ../test-results/invoices-invoice-calculati-e04f9--and-empty-values-correctly-chromium-retry1/error-context.md

    attachment #4: trace (application/zip) ─────────────────────────────────────────────────────────
    ../test-results/invoices-invoice-calculati-e04f9--and-empty-values-correctly-chromium-retry1/trace.zip
    Usage:

        npx playwright show-trace ../test-results/invoices-invoice-calculati-e04f9--and-empty-values-correctly-chromium-retry1/trace.zip

    ────────────────────────────────────────────────────────────────────────────────────────────────

    Retry #2 ───────────────────────────────────────────────────────────────────────────────────────

    TimeoutError: locator.click: Timeout 15000ms exceeded.
    Call log:
      - waiting for locator('input[name="email"], input[type="email"], #email')


       at ../pages/base.page.ts:58

      56 |    */
      57 |   async fillField(locator: Locator, value: string) {
    > 58 |     await locator.click();
         |                   ^
      59 |     await locator.clear();
      60 |     await locator.fill(value);
      61 |   }
        at LoginPage.fillField (/app/pages/base.page.ts:58:19)
        at LoginPage.login (/app/pages/login.page.ts:33:16)
        at LoginPage.quickLogin (/app/pages/login.page.ts:58:16)
        at Object.authenticatedPage (/app/fixtures/auth.fixture.ts:12:5)

    attachment #1: screenshot (image/png) ──────────────────────────────────────────────────────────
    ../test-results/invoices-invoice-calculati-e04f9--and-empty-values-correctly-chromium-retry2/test-failed-1.png
    ────────────────────────────────────────────────────────────────────────────────────────────────

    attachment #2: video (video/webm) ──────────────────────────────────────────────────────────────
    ../test-results/invoices-invoice-calculati-e04f9--and-empty-values-correctly-chromium-retry2/video.webm
    ────────────────────────────────────────────────────────────────────────────────────────────────

    Error Context: ../test-results/invoices-invoice-calculati-e04f9--and-empty-values-correctly-chromium-retry2/error-context.md
]]>
</failure>
<system-out>
<![CDATA[
[[ATTACHMENT|invoices-invoice-calculati-e04f9--and-empty-values-correctly-chromium/test-failed-1.png]]

[[ATTACHMENT|invoices-invoice-calculati-e04f9--and-empty-values-correctly-chromium/video.webm]]

[[ATTACHMENT|invoices-invoice-calculati-e04f9--and-empty-values-correctly-chromium/error-context.md]]

[[ATTACHMENT|invoices-invoice-calculati-e04f9--and-empty-values-correctly-chromium-retry1/test-failed-1.png]]

[[ATTACHMENT|invoices-invoice-calculati-e04f9--and-empty-values-correctly-chromium-retry1/video.webm]]

[[ATTACHMENT|invoices-invoice-calculati-e04f9--and-empty-values-correctly-chromium-retry1/error-context.md]]

[[ATTACHMENT|invoices-invoice-calculati-e04f9--and-empty-values-correctly-chromium-retry1/trace.zip]]

[[ATTACHMENT|invoices-invoice-calculati-e04f9--and-empty-values-correctly-chromium-retry2/test-failed-1.png]]

[[ATTACHMENT|invoices-invoice-calculati-e04f9--and-empty-values-correctly-chromium-retry2/video.webm]]

[[ATTACHMENT|invoices-invoice-calculati-e04f9--and-empty-values-correctly-chromium-retry2/error-context.md]]
]]>
</system-out>
</testcase>
<testcase name="Invoice Global Financial Calculations › Multiple line items interact correctly with global financial fields" classname="invoices/invoice-calculations.spec.ts" time="48.258">
<failure message="invoice-calculations.spec.ts:130:7 Multiple line items interact correctly with global financial fields" type="FAILURE">
<![CDATA[  [chromium] › invoices/invoice-calculations.spec.ts:130:7 › Invoice Global Financial Calculations › Multiple line items interact correctly with global financial fields 

    TimeoutError: locator.click: Timeout 15000ms exceeded.
    Call log:
      - waiting for locator('input[name="email"], input[type="email"], #email')


       at ../pages/base.page.ts:58

      56 |    */
      57 |   async fillField(locator: Locator, value: string) {
    > 58 |     await locator.click();
         |                   ^
      59 |     await locator.clear();
      60 |     await locator.fill(value);
      61 |   }
        at LoginPage.fillField (/app/pages/base.page.ts:58:19)
        at LoginPage.login (/app/pages/login.page.ts:33:16)
        at LoginPage.quickLogin (/app/pages/login.page.ts:58:16)
        at Object.authenticatedPage (/app/fixtures/auth.fixture.ts:12:5)

    attachment #1: screenshot (image/png) ──────────────────────────────────────────────────────────
    ../test-results/invoices-invoice-calculati-4ab39-ith-global-financial-fields-chromium/test-failed-1.png
    ────────────────────────────────────────────────────────────────────────────────────────────────

    attachment #2: video (video/webm) ──────────────────────────────────────────────────────────────
    ../test-results/invoices-invoice-calculati-4ab39-ith-global-financial-fields-chromium/video.webm
    ────────────────────────────────────────────────────────────────────────────────────────────────

    Error Context: ../test-results/invoices-invoice-calculati-4ab39-ith-global-financial-fields-chromium/error-context.md

    Retry #1 ───────────────────────────────────────────────────────────────────────────────────────

    TimeoutError: locator.click: Timeout 15000ms exceeded.
    Call log:
      - waiting for locator('input[name="email"], input[type="email"], #email')


       at ../pages/base.page.ts:58

      56 |    */
      57 |   async fillField(locator: Locator, value: string) {
    > 58 |     await locator.click();
         |                   ^
      59 |     await locator.clear();
      60 |     await locator.fill(value);
      61 |   }
        at LoginPage.fillField (/app/pages/base.page.ts:58:19)
        at LoginPage.login (/app/pages/login.page.ts:33:16)
        at LoginPage.quickLogin (/app/pages/login.page.ts:58:16)
        at Object.authenticatedPage (/app/fixtures/auth.fixture.ts:12:5)

    attachment #1: screenshot (image/png) ──────────────────────────────────────────────────────────
    ../test-results/invoices-invoice-calculati-4ab39-ith-global-financial-fields-chromium-retry1/test-failed-1.png
    ────────────────────────────────────────────────────────────────────────────────────────────────

    attachment #2: video (video/webm) ──────────────────────────────────────────────────────────────
    ../test-results/invoices-invoice-calculati-4ab39-ith-global-financial-fields-chromium-retry1/video.webm
    ────────────────────────────────────────────────────────────────────────────────────────────────

    Error Context: ../test-results/invoices-invoice-calculati-4ab39-ith-global-financial-fields-chromium-retry1/error-context.md

    attachment #4: trace (application/zip) ─────────────────────────────────────────────────────────
    ../test-results/invoices-invoice-calculati-4ab39-ith-global-financial-fields-chromium-retry1/trace.zip
    Usage:

        npx playwright show-trace ../test-results/invoices-invoice-calculati-4ab39-ith-global-financial-fields-chromium-retry1/trace.zip

    ────────────────────────────────────────────────────────────────────────────────────────────────

    Retry #2 ───────────────────────────────────────────────────────────────────────────────────────

    TimeoutError: locator.click: Timeout 15000ms exceeded.
    Call log:
      - waiting for locator('input[name="email"], input[type="email"], #email')


       at ../pages/base.page.ts:58

      56 |    */
      57 |   async fillField(locator: Locator, value: string) {
    > 58 |     await locator.click();
         |                   ^
      59 |     await locator.clear();
      60 |     await locator.fill(value);
      61 |   }
        at LoginPage.fillField (/app/pages/base.page.ts:58:19)
        at LoginPage.login (/app/pages/login.page.ts:33:16)
        at LoginPage.quickLogin (/app/pages/login.page.ts:58:16)
        at Object.authenticatedPage (/app/fixtures/auth.fixture.ts:12:5)

    attachment #1: screenshot (image/png) ──────────────────────────────────────────────────────────
    ../test-results/invoices-invoice-calculati-4ab39-ith-global-financial-fields-chromium-retry2/test-failed-1.png
    ────────────────────────────────────────────────────────────────────────────────────────────────

    attachment #2: video (video/webm) ──────────────────────────────────────────────────────────────
    ../test-results/invoices-invoice-calculati-4ab39-ith-global-financial-fields-chromium-retry2/video.webm
    ────────────────────────────────────────────────────────────────────────────────────────────────

    Error Context: ../test-results/invoices-invoice-calculati-4ab39-ith-global-financial-fields-chromium-retry2/error-context.md
]]>
</failure>
<system-out>
<![CDATA[
[[ATTACHMENT|invoices-invoice-calculati-4ab39-ith-global-financial-fields-chromium/test-failed-1.png]]

[[ATTACHMENT|invoices-invoice-calculati-4ab39-ith-global-financial-fields-chromium/video.webm]]

[[ATTACHMENT|invoices-invoice-calculati-4ab39-ith-global-financial-fields-chromium/error-context.md]]

[[ATTACHMENT|invoices-invoice-calculati-4ab39-ith-global-financial-fields-chromium-retry1/test-failed-1.png]]

[[ATTACHMENT|invoices-invoice-calculati-4ab39-ith-global-financial-fields-chromium-retry1/video.webm]]

[[ATTACHMENT|invoices-invoice-calculati-4ab39-ith-global-financial-fields-chromium-retry1/error-context.md]]

[[ATTACHMENT|invoices-invoice-calculati-4ab39-ith-global-financial-fields-chromium-retry1/trace.zip]]

[[ATTACHMENT|invoices-invoice-calculati-4ab39-ith-global-financial-fields-chromium-retry2/test-failed-1.png]]

[[ATTACHMENT|invoices-invoice-calculati-4ab39-ith-global-financial-fields-chromium-retry2/video.webm]]

[[ATTACHMENT|invoices-invoice-calculati-4ab39-ith-global-financial-fields-chromium-retry2/error-context.md]]
]]>
</system-out>
</testcase>
<testcase name="Invoice Global Financial Calculations › Color coding works for different field types" classname="invoices/invoice-calculations.spec.ts" time="48.071">
<failure message="invoice-calculations.spec.ts:164:7 Color coding works for different field types" type="FAILURE">
<![CDATA[  [chromium] › invoices/invoice-calculations.spec.ts:164:7 › Invoice Global Financial Calculations › Color coding works for different field types 

    TimeoutError: locator.click: Timeout 15000ms exceeded.
    Call log:
      - waiting for locator('input[name="email"], input[type="email"], #email')


       at ../pages/base.page.ts:58

      56 |    */
      57 |   async fillField(locator: Locator, value: string) {
    > 58 |     await locator.click();
         |                   ^
      59 |     await locator.clear();
      60 |     await locator.fill(value);
      61 |   }
        at LoginPage.fillField (/app/pages/base.page.ts:58:19)
        at LoginPage.login (/app/pages/login.page.ts:33:16)
        at LoginPage.quickLogin (/app/pages/login.page.ts:58:16)
        at Object.authenticatedPage (/app/fixtures/auth.fixture.ts:12:5)

    attachment #1: screenshot (image/png) ──────────────────────────────────────────────────────────
    ../test-results/invoices-invoice-calculati-7a221-s-for-different-field-types-chromium/test-failed-1.png
    ────────────────────────────────────────────────────────────────────────────────────────────────

    attachment #2: video (video/webm) ──────────────────────────────────────────────────────────────
    ../test-results/invoices-invoice-calculati-7a221-s-for-different-field-types-chromium/video.webm
    ────────────────────────────────────────────────────────────────────────────────────────────────

    Error Context: ../test-results/invoices-invoice-calculati-7a221-s-for-different-field-types-chromium/error-context.md

    Retry #1 ───────────────────────────────────────────────────────────────────────────────────────

    TimeoutError: locator.click: Timeout 15000ms exceeded.
    Call log:
      - waiting for locator('input[name="email"], input[type="email"], #email')


       at ../pages/base.page.ts:58

      56 |    */
      57 |   async fillField(locator: Locator, value: string) {
    > 58 |     await locator.click();
         |                   ^
      59 |     await locator.clear();
      60 |     await locator.fill(value);
      61 |   }
        at LoginPage.fillField (/app/pages/base.page.ts:58:19)
        at LoginPage.login (/app/pages/login.page.ts:33:16)
        at LoginPage.quickLogin (/app/pages/login.page.ts:58:16)
        at Object.authenticatedPage (/app/fixtures/auth.fixture.ts:12:5)

    attachment #1: screenshot (image/png) ──────────────────────────────────────────────────────────
    ../test-results/invoices-invoice-calculati-7a221-s-for-different-field-types-chromium-retry1/test-failed-1.png
    ────────────────────────────────────────────────────────────────────────────────────────────────

    attachment #2: video (video/webm) ──────────────────────────────────────────────────────────────
    ../test-results/invoices-invoice-calculati-7a221-s-for-different-field-types-chromium-retry1/video.webm
    ────────────────────────────────────────────────────────────────────────────────────────────────

    Error Context: ../test-results/invoices-invoice-calculati-7a221-s-for-different-field-types-chromium-retry1/error-context.md

    attachment #4: trace (application/zip) ─────────────────────────────────────────────────────────
    ../test-results/invoices-invoice-calculati-7a221-s-for-different-field-types-chromium-retry1/trace.zip
    Usage:

        npx playwright show-trace ../test-results/invoices-invoice-calculati-7a221-s-for-different-field-types-chromium-retry1/trace.zip

    ────────────────────────────────────────────────────────────────────────────────────────────────

    Retry #2 ───────────────────────────────────────────────────────────────────────────────────────

    TimeoutError: locator.click: Timeout 15000ms exceeded.
    Call log:
      - waiting for locator('input[name="email"], input[type="email"], #email')


       at ../pages/base.page.ts:58

      56 |    */
      57 |   async fillField(locator: Locator, value: string) {
    > 58 |     await locator.click();
         |                   ^
      59 |     await locator.clear();
      60 |     await locator.fill(value);
      61 |   }
        at LoginPage.fillField (/app/pages/base.page.ts:58:19)
        at LoginPage.login (/app/pages/login.page.ts:33:16)
        at LoginPage.quickLogin (/app/pages/login.page.ts:58:16)
        at Object.authenticatedPage (/app/fixtures/auth.fixture.ts:12:5)

    attachment #1: screenshot (image/png) ──────────────────────────────────────────────────────────
    ../test-results/invoices-invoice-calculati-7a221-s-for-different-field-types-chromium-retry2/test-failed-1.png
    ────────────────────────────────────────────────────────────────────────────────────────────────

    attachment #2: video (video/webm) ──────────────────────────────────────────────────────────────
    ../test-results/invoices-invoice-calculati-7a221-s-for-different-field-types-chromium-retry2/video.webm
    ────────────────────────────────────────────────────────────────────────────────────────────────

    Error Context: ../test-results/invoices-invoice-calculati-7a221-s-for-different-field-types-chromium-retry2/error-context.md
]]>
</failure>
<system-out>
<![CDATA[
[[ATTACHMENT|invoices-invoice-calculati-7a221-s-for-different-field-types-chromium/test-failed-1.png]]

[[ATTACHMENT|invoices-invoice-calculati-7a221-s-for-different-field-types-chromium/video.webm]]

[[ATTACHMENT|invoices-invoice-calculati-7a221-s-for-different-field-types-chromium/error-context.md]]

[[ATTACHMENT|invoices-invoice-calculati-7a221-s-for-different-field-types-chromium-retry1/test-failed-1.png]]

[[ATTACHMENT|invoices-invoice-calculati-7a221-s-for-different-field-types-chromium-retry1/video.webm]]

[[ATTACHMENT|invoices-invoice-calculati-7a221-s-for-different-field-types-chromium-retry1/error-context.md]]

[[ATTACHMENT|invoices-invoice-calculati-7a221-s-for-different-field-types-chromium-retry1/trace.zip]]

[[ATTACHMENT|invoices-invoice-calculati-7a221-s-for-different-field-types-chromium-retry2/test-failed-1.png]]

[[ATTACHMENT|invoices-invoice-calculati-7a221-s-for-different-field-types-chromium-retry2/video.webm]]

[[ATTACHMENT|invoices-invoice-calculati-7a221-s-for-different-field-types-chromium-retry2/error-context.md]]
]]>
</system-out>
</testcase>
<testcase name="Invoice Global Financial Calculations › Form validation for global financial fields" classname="invoices/invoice-calculations.spec.ts" time="48.098">
<failure message="invoice-calculations.spec.ts:194:7 Form validation for global financial fields" type="FAILURE">
<![CDATA[  [chromium] › invoices/invoice-calculations.spec.ts:194:7 › Invoice Global Financial Calculations › Form validation for global financial fields 

    TimeoutError: locator.click: Timeout 15000ms exceeded.
    Call log:
      - waiting for locator('input[name="email"], input[type="email"], #email')


       at ../pages/base.page.ts:58

      56 |    */
      57 |   async fillField(locator: Locator, value: string) {
    > 58 |     await locator.click();
         |                   ^
      59 |     await locator.clear();
      60 |     await locator.fill(value);
      61 |   }
        at LoginPage.fillField (/app/pages/base.page.ts:58:19)
        at LoginPage.login (/app/pages/login.page.ts:33:16)
        at LoginPage.quickLogin (/app/pages/login.page.ts:58:16)
        at Object.authenticatedPage (/app/fixtures/auth.fixture.ts:12:5)

    attachment #1: screenshot (image/png) ──────────────────────────────────────────────────────────
    ../test-results/invoices-invoice-calculati-84ffc-for-global-financial-fields-chromium/test-failed-1.png
    ────────────────────────────────────────────────────────────────────────────────────────────────

    attachment #2: video (video/webm) ──────────────────────────────────────────────────────────────
    ../test-results/invoices-invoice-calculati-84ffc-for-global-financial-fields-chromium/video.webm
    ────────────────────────────────────────────────────────────────────────────────────────────────

    Error Context: ../test-results/invoices-invoice-calculati-84ffc-for-global-financial-fields-chromium/error-context.md

    Retry #1 ───────────────────────────────────────────────────────────────────────────────────────

    TimeoutError: locator.click: Timeout 15000ms exceeded.
    Call log:
      - waiting for locator('input[name="email"], input[type="email"], #email')


       at ../pages/base.page.ts:58

      56 |    */
      57 |   async fillField(locator: Locator, value: string) {
    > 58 |     await locator.click();
         |                   ^
      59 |     await locator.clear();
      60 |     await locator.fill(value);
      61 |   }
        at LoginPage.fillField (/app/pages/base.page.ts:58:19)
        at LoginPage.login (/app/pages/login.page.ts:33:16)
        at LoginPage.quickLogin (/app/pages/login.page.ts:58:16)
        at Object.authenticatedPage (/app/fixtures/auth.fixture.ts:12:5)

    attachment #1: screenshot (image/png) ──────────────────────────────────────────────────────────
    ../test-results/invoices-invoice-calculati-84ffc-for-global-financial-fields-chromium-retry1/test-failed-1.png
    ────────────────────────────────────────────────────────────────────────────────────────────────

    attachment #2: video (video/webm) ──────────────────────────────────────────────────────────────
    ../test-results/invoices-invoice-calculati-84ffc-for-global-financial-fields-chromium-retry1/video.webm
    ────────────────────────────────────────────────────────────────────────────────────────────────

    Error Context: ../test-results/invoices-invoice-calculati-84ffc-for-global-financial-fields-chromium-retry1/error-context.md

    attachment #4: trace (application/zip) ─────────────────────────────────────────────────────────
    ../test-results/invoices-invoice-calculati-84ffc-for-global-financial-fields-chromium-retry1/trace.zip
    Usage:

        npx playwright show-trace ../test-results/invoices-invoice-calculati-84ffc-for-global-financial-fields-chromium-retry1/trace.zip

    ────────────────────────────────────────────────────────────────────────────────────────────────

    Retry #2 ───────────────────────────────────────────────────────────────────────────────────────

    TimeoutError: locator.click: Timeout 15000ms exceeded.
    Call log:
      - waiting for locator('input[name="email"], input[type="email"], #email')


       at ../pages/base.page.ts:58

      56 |    */
      57 |   async fillField(locator: Locator, value: string) {
    > 58 |     await locator.click();
         |                   ^
      59 |     await locator.clear();
      60 |     await locator.fill(value);
      61 |   }
        at LoginPage.fillField (/app/pages/base.page.ts:58:19)
        at LoginPage.login (/app/pages/login.page.ts:33:16)
        at LoginPage.quickLogin (/app/pages/login.page.ts:58:16)
        at Object.authenticatedPage (/app/fixtures/auth.fixture.ts:12:5)

    attachment #1: screenshot (image/png) ──────────────────────────────────────────────────────────
    ../test-results/invoices-invoice-calculati-84ffc-for-global-financial-fields-chromium-retry2/test-failed-1.png
    ────────────────────────────────────────────────────────────────────────────────────────────────

    attachment #2: video (video/webm) ──────────────────────────────────────────────────────────────
    ../test-results/invoices-invoice-calculati-84ffc-for-global-financial-fields-chromium-retry2/video.webm
    ────────────────────────────────────────────────────────────────────────────────────────────────

    Error Context: ../test-results/invoices-invoice-calculati-84ffc-for-global-financial-fields-chromium-retry2/error-context.md
]]>
</failure>
<system-out>
<![CDATA[
[[ATTACHMENT|invoices-invoice-calculati-84ffc-for-global-financial-fields-chromium/test-failed-1.png]]

[[ATTACHMENT|invoices-invoice-calculati-84ffc-for-global-financial-fields-chromium/video.webm]]

[[ATTACHMENT|invoices-invoice-calculati-84ffc-for-global-financial-fields-chromium/error-context.md]]

[[ATTACHMENT|invoices-invoice-calculati-84ffc-for-global-financial-fields-chromium-retry1/test-failed-1.png]]

[[ATTACHMENT|invoices-invoice-calculati-84ffc-for-global-financial-fields-chromium-retry1/video.webm]]

[[ATTACHMENT|invoices-invoice-calculati-84ffc-for-global-financial-fields-chromium-retry1/error-context.md]]

[[ATTACHMENT|invoices-invoice-calculati-84ffc-for-global-financial-fields-chromium-retry1/trace.zip]]

[[ATTACHMENT|invoices-invoice-calculati-84ffc-for-global-financial-fields-chromium-retry2/test-failed-1.png]]

[[ATTACHMENT|invoices-invoice-calculati-84ffc-for-global-financial-fields-chromium-retry2/video.webm]]

[[ATTACHMENT|invoices-invoice-calculati-84ffc-for-global-financial-fields-chromium-retry2/error-context.md]]
]]>
</system-out>
</testcase>
</testsuite>
<testsuite name="workflows/sla-tracking.spec.ts" timestamp="2025-09-25T07:53:49.510Z" hostname="chromium" tests="9" failures="9" skipped="0" time="436.953" errors="0">
<testcase name="SLA Tracking System › SLA indicators on invoices index page › displays correct SLA status indicators for different invoice states" classname="workflows/sla-tracking.spec.ts" time="48.494">
<failure message="sla-tracking.spec.ts:26:9 displays correct SLA status indicators for different invoice states" type="FAILURE">
<![CDATA[  [chromium] › workflows/sla-tracking.spec.ts:26:9 › SLA Tracking System › SLA indicators on invoices index page › displays correct SLA status indicators for different invoice states 

    TimeoutError: locator.click: Timeout 15000ms exceeded.
    Call log:
      - waiting for locator('input[name="email"], input[type="email"], #email')


       at ../pages/base.page.ts:58

      56 |    */
      57 |   async fillField(locator: Locator, value: string) {
    > 58 |     await locator.click();
         |                   ^
      59 |     await locator.clear();
      60 |     await locator.fill(value);
      61 |   }
        at LoginPage.fillField (/app/pages/base.page.ts:58:19)
        at LoginPage.login (/app/pages/login.page.ts:33:16)
        at LoginPage.quickLogin (/app/pages/login.page.ts:58:16)
        at Object.authenticatedPage (/app/fixtures/auth.fixture.ts:12:5)

    attachment #1: screenshot (image/png) ──────────────────────────────────────────────────────────
    ../test-results/workflows-sla-tracking-SLA-15e09-or-different-invoice-states-chromium/test-failed-1.png
    ────────────────────────────────────────────────────────────────────────────────────────────────

    attachment #2: video (video/webm) ──────────────────────────────────────────────────────────────
    ../test-results/workflows-sla-tracking-SLA-15e09-or-different-invoice-states-chromium/video.webm
    ────────────────────────────────────────────────────────────────────────────────────────────────

    Error Context: ../test-results/workflows-sla-tracking-SLA-15e09-or-different-invoice-states-chromium/error-context.md

    Retry #1 ───────────────────────────────────────────────────────────────────────────────────────

    TimeoutError: locator.click: Timeout 15000ms exceeded.
    Call log:
      - waiting for locator('input[name="email"], input[type="email"], #email')


       at ../pages/base.page.ts:58

      56 |    */
      57 |   async fillField(locator: Locator, value: string) {
    > 58 |     await locator.click();
         |                   ^
      59 |     await locator.clear();
      60 |     await locator.fill(value);
      61 |   }
        at LoginPage.fillField (/app/pages/base.page.ts:58:19)
        at LoginPage.login (/app/pages/login.page.ts:33:16)
        at LoginPage.quickLogin (/app/pages/login.page.ts:58:16)
        at Object.authenticatedPage (/app/fixtures/auth.fixture.ts:12:5)

    attachment #1: screenshot (image/png) ──────────────────────────────────────────────────────────
    ../test-results/workflows-sla-tracking-SLA-15e09-or-different-invoice-states-chromium-retry1/test-failed-1.png
    ────────────────────────────────────────────────────────────────────────────────────────────────

    attachment #2: video (video/webm) ──────────────────────────────────────────────────────────────
    ../test-results/workflows-sla-tracking-SLA-15e09-or-different-invoice-states-chromium-retry1/video.webm
    ────────────────────────────────────────────────────────────────────────────────────────────────

    Error Context: ../test-results/workflows-sla-tracking-SLA-15e09-or-different-invoice-states-chromium-retry1/error-context.md

    attachment #4: trace (application/zip) ─────────────────────────────────────────────────────────
    ../test-results/workflows-sla-tracking-SLA-15e09-or-different-invoice-states-chromium-retry1/trace.zip
    Usage:

        npx playwright show-trace ../test-results/workflows-sla-tracking-SLA-15e09-or-different-invoice-states-chromium-retry1/trace.zip

    ────────────────────────────────────────────────────────────────────────────────────────────────

    Retry #2 ───────────────────────────────────────────────────────────────────────────────────────

    TimeoutError: locator.click: Timeout 15000ms exceeded.
    Call log:
      - waiting for locator('input[name="email"], input[type="email"], #email')


       at ../pages/base.page.ts:58

      56 |    */
      57 |   async fillField(locator: Locator, value: string) {
    > 58 |     await locator.click();
         |                   ^
      59 |     await locator.clear();
      60 |     await locator.fill(value);
      61 |   }
        at LoginPage.fillField (/app/pages/base.page.ts:58:19)
        at LoginPage.login (/app/pages/login.page.ts:33:16)
        at LoginPage.quickLogin (/app/pages/login.page.ts:58:16)
        at Object.authenticatedPage (/app/fixtures/auth.fixture.ts:12:5)

    attachment #1: screenshot (image/png) ──────────────────────────────────────────────────────────
    ../test-results/workflows-sla-tracking-SLA-15e09-or-different-invoice-states-chromium-retry2/test-failed-1.png
    ────────────────────────────────────────────────────────────────────────────────────────────────

    attachment #2: video (video/webm) ──────────────────────────────────────────────────────────────
    ../test-results/workflows-sla-tracking-SLA-15e09-or-different-invoice-states-chromium-retry2/video.webm
    ────────────────────────────────────────────────────────────────────────────────────────────────

    Error Context: ../test-results/workflows-sla-tracking-SLA-15e09-or-different-invoice-states-chromium-retry2/error-context.md
]]>
</failure>
<system-out>
<![CDATA[
[[ATTACHMENT|workflows-sla-tracking-SLA-15e09-or-different-invoice-states-chromium/test-failed-1.png]]

[[ATTACHMENT|workflows-sla-tracking-SLA-15e09-or-different-invoice-states-chromium/video.webm]]

[[ATTACHMENT|workflows-sla-tracking-SLA-15e09-or-different-invoice-states-chromium/error-context.md]]

[[ATTACHMENT|workflows-sla-tracking-SLA-15e09-or-different-invoice-states-chromium-retry1/test-failed-1.png]]

[[ATTACHMENT|workflows-sla-tracking-SLA-15e09-or-different-invoice-states-chromium-retry1/video.webm]]

[[ATTACHMENT|workflows-sla-tracking-SLA-15e09-or-different-invoice-states-chromium-retry1/error-context.md]]

[[ATTACHMENT|workflows-sla-tracking-SLA-15e09-or-different-invoice-states-chromium-retry1/trace.zip]]

[[ATTACHMENT|workflows-sla-tracking-SLA-15e09-or-different-invoice-states-chromium-retry2/test-failed-1.png]]

[[ATTACHMENT|workflows-sla-tracking-SLA-15e09-or-different-invoice-states-chromium-retry2/video.webm]]

[[ATTACHMENT|workflows-sla-tracking-SLA-15e09-or-different-invoice-states-chromium-retry2/error-context.md]]
]]>
</system-out>
</testcase>
<testcase name="SLA Tracking System › SLA indicators on invoices index page › displays warning indicator for approaching deadlines" classname="workflows/sla-tracking.spec.ts" time="48.555">
<failure message="sla-tracking.spec.ts:45:9 displays warning indicator for approaching deadlines" type="FAILURE">
<![CDATA[  [chromium] › workflows/sla-tracking.spec.ts:45:9 › SLA Tracking System › SLA indicators on invoices index page › displays warning indicator for approaching deadlines 

    TimeoutError: locator.click: Timeout 15000ms exceeded.
    Call log:
      - waiting for locator('input[name="email"], input[type="email"], #email')


       at ../pages/base.page.ts:58

      56 |    */
      57 |   async fillField(locator: Locator, value: string) {
    > 58 |     await locator.click();
         |                   ^
      59 |     await locator.clear();
      60 |     await locator.fill(value);
      61 |   }
        at LoginPage.fillField (/app/pages/base.page.ts:58:19)
        at LoginPage.login (/app/pages/login.page.ts:33:16)
        at LoginPage.quickLogin (/app/pages/login.page.ts:58:16)
        at Object.authenticatedPage (/app/fixtures/auth.fixture.ts:12:5)

    attachment #1: screenshot (image/png) ──────────────────────────────────────────────────────────
    ../test-results/workflows-sla-tracking-SLA-87986-r-for-approaching-deadlines-chromium/test-failed-1.png
    ────────────────────────────────────────────────────────────────────────────────────────────────

    attachment #2: video (video/webm) ──────────────────────────────────────────────────────────────
    ../test-results/workflows-sla-tracking-SLA-87986-r-for-approaching-deadlines-chromium/video.webm
    ────────────────────────────────────────────────────────────────────────────────────────────────

    Error Context: ../test-results/workflows-sla-tracking-SLA-87986-r-for-approaching-deadlines-chromium/error-context.md

    Retry #1 ───────────────────────────────────────────────────────────────────────────────────────

    TimeoutError: locator.click: Timeout 15000ms exceeded.
    Call log:
      - waiting for locator('input[name="email"], input[type="email"], #email')


       at ../pages/base.page.ts:58

      56 |    */
      57 |   async fillField(locator: Locator, value: string) {
    > 58 |     await locator.click();
         |                   ^
      59 |     await locator.clear();
      60 |     await locator.fill(value);
      61 |   }
        at LoginPage.fillField (/app/pages/base.page.ts:58:19)
        at LoginPage.login (/app/pages/login.page.ts:33:16)
        at LoginPage.quickLogin (/app/pages/login.page.ts:58:16)
        at Object.authenticatedPage (/app/fixtures/auth.fixture.ts:12:5)

    attachment #1: screenshot (image/png) ──────────────────────────────────────────────────────────
    ../test-results/workflows-sla-tracking-SLA-87986-r-for-approaching-deadlines-chromium-retry1/test-failed-1.png
    ────────────────────────────────────────────────────────────────────────────────────────────────

    attachment #2: video (video/webm) ──────────────────────────────────────────────────────────────
    ../test-results/workflows-sla-tracking-SLA-87986-r-for-approaching-deadlines-chromium-retry1/video.webm
    ────────────────────────────────────────────────────────────────────────────────────────────────

    Error Context: ../test-results/workflows-sla-tracking-SLA-87986-r-for-approaching-deadlines-chromium-retry1/error-context.md

    attachment #4: trace (application/zip) ─────────────────────────────────────────────────────────
    ../test-results/workflows-sla-tracking-SLA-87986-r-for-approaching-deadlines-chromium-retry1/trace.zip
    Usage:

        npx playwright show-trace ../test-results/workflows-sla-tracking-SLA-87986-r-for-approaching-deadlines-chromium-retry1/trace.zip

    ────────────────────────────────────────────────────────────────────────────────────────────────

    Retry #2 ───────────────────────────────────────────────────────────────────────────────────────

    TimeoutError: locator.click: Timeout 15000ms exceeded.
    Call log:
      - waiting for locator('input[name="email"], input[type="email"], #email')


       at ../pages/base.page.ts:58

      56 |    */
      57 |   async fillField(locator: Locator, value: string) {
    > 58 |     await locator.click();
         |                   ^
      59 |     await locator.clear();
      60 |     await locator.fill(value);
      61 |   }
        at LoginPage.fillField (/app/pages/base.page.ts:58:19)
        at LoginPage.login (/app/pages/login.page.ts:33:16)
        at LoginPage.quickLogin (/app/pages/login.page.ts:58:16)
        at Object.authenticatedPage (/app/fixtures/auth.fixture.ts:12:5)

    attachment #1: screenshot (image/png) ──────────────────────────────────────────────────────────
    ../test-results/workflows-sla-tracking-SLA-87986-r-for-approaching-deadlines-chromium-retry2/test-failed-1.png
    ────────────────────────────────────────────────────────────────────────────────────────────────

    attachment #2: video (video/webm) ──────────────────────────────────────────────────────────────
    ../test-results/workflows-sla-tracking-SLA-87986-r-for-approaching-deadlines-chromium-retry2/video.webm
    ────────────────────────────────────────────────────────────────────────────────────────────────

    Error Context: ../test-results/workflows-sla-tracking-SLA-87986-r-for-approaching-deadlines-chromium-retry2/error-context.md
]]>
</failure>
<system-out>
<![CDATA[
[[ATTACHMENT|workflows-sla-tracking-SLA-87986-r-for-approaching-deadlines-chromium/test-failed-1.png]]

[[ATTACHMENT|workflows-sla-tracking-SLA-87986-r-for-approaching-deadlines-chromium/video.webm]]

[[ATTACHMENT|workflows-sla-tracking-SLA-87986-r-for-approaching-deadlines-chromium/error-context.md]]

[[ATTACHMENT|workflows-sla-tracking-SLA-87986-r-for-approaching-deadlines-chromium-retry1/test-failed-1.png]]

[[ATTACHMENT|workflows-sla-tracking-SLA-87986-r-for-approaching-deadlines-chromium-retry1/video.webm]]

[[ATTACHMENT|workflows-sla-tracking-SLA-87986-r-for-approaching-deadlines-chromium-retry1/error-context.md]]

[[ATTACHMENT|workflows-sla-tracking-SLA-87986-r-for-approaching-deadlines-chromium-retry1/trace.zip]]

[[ATTACHMENT|workflows-sla-tracking-SLA-87986-r-for-approaching-deadlines-chromium-retry2/test-failed-1.png]]

[[ATTACHMENT|workflows-sla-tracking-SLA-87986-r-for-approaching-deadlines-chromium-retry2/video.webm]]

[[ATTACHMENT|workflows-sla-tracking-SLA-87986-r-for-approaching-deadlines-chromium-retry2/error-context.md]]
]]>
</system-out>
</testcase>
<testcase name="SLA Tracking System › SLA indicators on invoices index page › applies correct styling based on time remaining" classname="workflows/sla-tracking.spec.ts" time="48.592">
<failure message="sla-tracking.spec.ts:54:9 applies correct styling based on time remaining" type="FAILURE">
<![CDATA[  [chromium] › workflows/sla-tracking.spec.ts:54:9 › SLA Tracking System › SLA indicators on invoices index page › applies correct styling based on time remaining 

    TimeoutError: locator.click: Timeout 15000ms exceeded.
    Call log:
      - waiting for locator('input[name="email"], input[type="email"], #email')


       at ../pages/base.page.ts:58

      56 |    */
      57 |   async fillField(locator: Locator, value: string) {
    > 58 |     await locator.click();
         |                   ^
      59 |     await locator.clear();
      60 |     await locator.fill(value);
      61 |   }
        at LoginPage.fillField (/app/pages/base.page.ts:58:19)
        at LoginPage.login (/app/pages/login.page.ts:33:16)
        at LoginPage.quickLogin (/app/pages/login.page.ts:58:16)
        at Object.authenticatedPage (/app/fixtures/auth.fixture.ts:12:5)

    attachment #1: screenshot (image/png) ──────────────────────────────────────────────────────────
    ../test-results/workflows-sla-tracking-SLA-d49e4-ing-based-on-time-remaining-chromium/test-failed-1.png
    ────────────────────────────────────────────────────────────────────────────────────────────────

    attachment #2: video (video/webm) ──────────────────────────────────────────────────────────────
    ../test-results/workflows-sla-tracking-SLA-d49e4-ing-based-on-time-remaining-chromium/video.webm
    ────────────────────────────────────────────────────────────────────────────────────────────────

    Error Context: ../test-results/workflows-sla-tracking-SLA-d49e4-ing-based-on-time-remaining-chromium/error-context.md

    Retry #1 ───────────────────────────────────────────────────────────────────────────────────────

    TimeoutError: locator.click: Timeout 15000ms exceeded.
    Call log:
      - waiting for locator('input[name="email"], input[type="email"], #email')


       at ../pages/base.page.ts:58

      56 |    */
      57 |   async fillField(locator: Locator, value: string) {
    > 58 |     await locator.click();
         |                   ^
      59 |     await locator.clear();
      60 |     await locator.fill(value);
      61 |   }
        at LoginPage.fillField (/app/pages/base.page.ts:58:19)
        at LoginPage.login (/app/pages/login.page.ts:33:16)
        at LoginPage.quickLogin (/app/pages/login.page.ts:58:16)
        at Object.authenticatedPage (/app/fixtures/auth.fixture.ts:12:5)

    attachment #1: screenshot (image/png) ──────────────────────────────────────────────────────────
    ../test-results/workflows-sla-tracking-SLA-d49e4-ing-based-on-time-remaining-chromium-retry1/test-failed-1.png
    ────────────────────────────────────────────────────────────────────────────────────────────────

    attachment #2: video (video/webm) ──────────────────────────────────────────────────────────────
    ../test-results/workflows-sla-tracking-SLA-d49e4-ing-based-on-time-remaining-chromium-retry1/video.webm
    ────────────────────────────────────────────────────────────────────────────────────────────────

    Error Context: ../test-results/workflows-sla-tracking-SLA-d49e4-ing-based-on-time-remaining-chromium-retry1/error-context.md

    attachment #4: trace (application/zip) ─────────────────────────────────────────────────────────
    ../test-results/workflows-sla-tracking-SLA-d49e4-ing-based-on-time-remaining-chromium-retry1/trace.zip
    Usage:

        npx playwright show-trace ../test-results/workflows-sla-tracking-SLA-d49e4-ing-based-on-time-remaining-chromium-retry1/trace.zip

    ────────────────────────────────────────────────────────────────────────────────────────────────

    Retry #2 ───────────────────────────────────────────────────────────────────────────────────────

    TimeoutError: locator.click: Timeout 15000ms exceeded.
    Call log:
      - waiting for locator('input[name="email"], input[type="email"], #email')


       at ../pages/base.page.ts:58

      56 |    */
      57 |   async fillField(locator: Locator, value: string) {
    > 58 |     await locator.click();
         |                   ^
      59 |     await locator.clear();
      60 |     await locator.fill(value);
      61 |   }
        at LoginPage.fillField (/app/pages/base.page.ts:58:19)
        at LoginPage.login (/app/pages/login.page.ts:33:16)
        at LoginPage.quickLogin (/app/pages/login.page.ts:58:16)
        at Object.authenticatedPage (/app/fixtures/auth.fixture.ts:12:5)

    attachment #1: screenshot (image/png) ──────────────────────────────────────────────────────────
    ../test-results/workflows-sla-tracking-SLA-d49e4-ing-based-on-time-remaining-chromium-retry2/test-failed-1.png
    ────────────────────────────────────────────────────────────────────────────────────────────────

    attachment #2: video (video/webm) ──────────────────────────────────────────────────────────────
    ../test-results/workflows-sla-tracking-SLA-d49e4-ing-based-on-time-remaining-chromium-retry2/video.webm
    ────────────────────────────────────────────────────────────────────────────────────────────────

    Error Context: ../test-results/workflows-sla-tracking-SLA-d49e4-ing-based-on-time-remaining-chromium-retry2/error-context.md
]]>
</failure>
<system-out>
<![CDATA[
[[ATTACHMENT|workflows-sla-tracking-SLA-d49e4-ing-based-on-time-remaining-chromium/test-failed-1.png]]

[[ATTACHMENT|workflows-sla-tracking-SLA-d49e4-ing-based-on-time-remaining-chromium/video.webm]]

[[ATTACHMENT|workflows-sla-tracking-SLA-d49e4-ing-based-on-time-remaining-chromium/error-context.md]]

[[ATTACHMENT|workflows-sla-tracking-SLA-d49e4-ing-based-on-time-remaining-chromium-retry1/test-failed-1.png]]

[[ATTACHMENT|workflows-sla-tracking-SLA-d49e4-ing-based-on-time-remaining-chromium-retry1/video.webm]]

[[ATTACHMENT|workflows-sla-tracking-SLA-d49e4-ing-based-on-time-remaining-chromium-retry1/error-context.md]]

[[ATTACHMENT|workflows-sla-tracking-SLA-d49e4-ing-based-on-time-remaining-chromium-retry1/trace.zip]]

[[ATTACHMENT|workflows-sla-tracking-SLA-d49e4-ing-based-on-time-remaining-chromium-retry2/test-failed-1.png]]

[[ATTACHMENT|workflows-sla-tracking-SLA-d49e4-ing-based-on-time-remaining-chromium-retry2/video.webm]]

[[ATTACHMENT|workflows-sla-tracking-SLA-d49e4-ing-based-on-time-remaining-chromium-retry2/error-context.md]]
]]>
</system-out>
</testcase>
<testcase name="SLA Tracking System › detailed SLA information on workflow page › displays comprehensive SLA details for active invoices" classname="workflows/sla-tracking.spec.ts" time="48.486">
<failure message="sla-tracking.spec.ts:71:9 displays comprehensive SLA details for active invoices" type="FAILURE">
<![CDATA[  [chromium] › workflows/sla-tracking.spec.ts:71:9 › SLA Tracking System › detailed SLA information on workflow page › displays comprehensive SLA details for active invoices 

    TimeoutError: locator.click: Timeout 15000ms exceeded.
    Call log:
      - waiting for locator('input[name="email"], input[type="email"], #email')


       at ../pages/base.page.ts:58

      56 |    */
      57 |   async fillField(locator: Locator, value: string) {
    > 58 |     await locator.click();
         |                   ^
      59 |     await locator.clear();
      60 |     await locator.fill(value);
      61 |   }
        at LoginPage.fillField (/app/pages/base.page.ts:58:19)
        at LoginPage.login (/app/pages/login.page.ts:33:16)
        at LoginPage.quickLogin (/app/pages/login.page.ts:58:16)
        at Object.authenticatedPage (/app/fixtures/auth.fixture.ts:12:5)

    attachment #1: screenshot (image/png) ──────────────────────────────────────────────────────────
    ../test-results/workflows-sla-tracking-SLA-eca3f-details-for-active-invoices-chromium/test-failed-1.png
    ────────────────────────────────────────────────────────────────────────────────────────────────

    attachment #2: video (video/webm) ──────────────────────────────────────────────────────────────
    ../test-results/workflows-sla-tracking-SLA-eca3f-details-for-active-invoices-chromium/video.webm
    ────────────────────────────────────────────────────────────────────────────────────────────────

    Error Context: ../test-results/workflows-sla-tracking-SLA-eca3f-details-for-active-invoices-chromium/error-context.md

    Retry #1 ───────────────────────────────────────────────────────────────────────────────────────

    TimeoutError: locator.click: Timeout 15000ms exceeded.
    Call log:
      - waiting for locator('input[name="email"], input[type="email"], #email')


       at ../pages/base.page.ts:58

      56 |    */
      57 |   async fillField(locator: Locator, value: string) {
    > 58 |     await locator.click();
         |                   ^
      59 |     await locator.clear();
      60 |     await locator.fill(value);
      61 |   }
        at LoginPage.fillField (/app/pages/base.page.ts:58:19)
        at LoginPage.login (/app/pages/login.page.ts:33:16)
        at LoginPage.quickLogin (/app/pages/login.page.ts:58:16)
        at Object.authenticatedPage (/app/fixtures/auth.fixture.ts:12:5)

    attachment #1: screenshot (image/png) ──────────────────────────────────────────────────────────
    ../test-results/workflows-sla-tracking-SLA-eca3f-details-for-active-invoices-chromium-retry1/test-failed-1.png
    ────────────────────────────────────────────────────────────────────────────────────────────────

    attachment #2: video (video/webm) ──────────────────────────────────────────────────────────────
    ../test-results/workflows-sla-tracking-SLA-eca3f-details-for-active-invoices-chromium-retry1/video.webm
    ────────────────────────────────────────────────────────────────────────────────────────────────

    Error Context: ../test-results/workflows-sla-tracking-SLA-eca3f-details-for-active-invoices-chromium-retry1/error-context.md

    attachment #4: trace (application/zip) ─────────────────────────────────────────────────────────
    ../test-results/workflows-sla-tracking-SLA-eca3f-details-for-active-invoices-chromium-retry1/trace.zip
    Usage:

        npx playwright show-trace ../test-results/workflows-sla-tracking-SLA-eca3f-details-for-active-invoices-chromium-retry1/trace.zip

    ────────────────────────────────────────────────────────────────────────────────────────────────

    Retry #2 ───────────────────────────────────────────────────────────────────────────────────────

    TimeoutError: locator.click: Timeout 15000ms exceeded.
    Call log:
      - waiting for locator('input[name="email"], input[type="email"], #email')


       at ../pages/base.page.ts:58

      56 |    */
      57 |   async fillField(locator: Locator, value: string) {
    > 58 |     await locator.click();
         |                   ^
      59 |     await locator.clear();
      60 |     await locator.fill(value);
      61 |   }
        at LoginPage.fillField (/app/pages/base.page.ts:58:19)
        at LoginPage.login (/app/pages/login.page.ts:33:16)
        at LoginPage.quickLogin (/app/pages/login.page.ts:58:16)
        at Object.authenticatedPage (/app/fixtures/auth.fixture.ts:12:5)

    attachment #1: screenshot (image/png) ──────────────────────────────────────────────────────────
    ../test-results/workflows-sla-tracking-SLA-eca3f-details-for-active-invoices-chromium-retry2/test-failed-1.png
    ────────────────────────────────────────────────────────────────────────────────────────────────

    attachment #2: video (video/webm) ──────────────────────────────────────────────────────────────
    ../test-results/workflows-sla-tracking-SLA-eca3f-details-for-active-invoices-chromium-retry2/video.webm
    ────────────────────────────────────────────────────────────────────────────────────────────────

    Error Context: ../test-results/workflows-sla-tracking-SLA-eca3f-details-for-active-invoices-chromium-retry2/error-context.md
]]>
</failure>
<system-out>
<![CDATA[
[[ATTACHMENT|workflows-sla-tracking-SLA-eca3f-details-for-active-invoices-chromium/test-failed-1.png]]

[[ATTACHMENT|workflows-sla-tracking-SLA-eca3f-details-for-active-invoices-chromium/video.webm]]

[[ATTACHMENT|workflows-sla-tracking-SLA-eca3f-details-for-active-invoices-chromium/error-context.md]]

[[ATTACHMENT|workflows-sla-tracking-SLA-eca3f-details-for-active-invoices-chromium-retry1/test-failed-1.png]]

[[ATTACHMENT|workflows-sla-tracking-SLA-eca3f-details-for-active-invoices-chromium-retry1/video.webm]]

[[ATTACHMENT|workflows-sla-tracking-SLA-eca3f-details-for-active-invoices-chromium-retry1/error-context.md]]

[[ATTACHMENT|workflows-sla-tracking-SLA-eca3f-details-for-active-invoices-chromium-retry1/trace.zip]]

[[ATTACHMENT|workflows-sla-tracking-SLA-eca3f-details-for-active-invoices-chromium-retry2/test-failed-1.png]]

[[ATTACHMENT|workflows-sla-tracking-SLA-eca3f-details-for-active-invoices-chromium-retry2/video.webm]]

[[ATTACHMENT|workflows-sla-tracking-SLA-eca3f-details-for-active-invoices-chromium-retry2/error-context.md]]
]]>
</system-out>
</testcase>
<testcase name="SLA Tracking System › detailed SLA information on workflow page › displays overdue SLA details with correct styling" classname="workflows/sla-tracking.spec.ts" time="48.69">
<failure message="sla-tracking.spec.ts:90:9 displays overdue SLA details with correct styling" type="FAILURE">
<![CDATA[  [chromium] › workflows/sla-tracking.spec.ts:90:9 › SLA Tracking System › detailed SLA information on workflow page › displays overdue SLA details with correct styling 

    TimeoutError: locator.click: Timeout 15000ms exceeded.
    Call log:
      - waiting for locator('input[name="email"], input[type="email"], #email')


       at ../pages/base.page.ts:58

      56 |    */
      57 |   async fillField(locator: Locator, value: string) {
    > 58 |     await locator.click();
         |                   ^
      59 |     await locator.clear();
      60 |     await locator.fill(value);
      61 |   }
        at LoginPage.fillField (/app/pages/base.page.ts:58:19)
        at LoginPage.login (/app/pages/login.page.ts:33:16)
        at LoginPage.quickLogin (/app/pages/login.page.ts:58:16)
        at Object.authenticatedPage (/app/fixtures/auth.fixture.ts:12:5)

    attachment #1: screenshot (image/png) ──────────────────────────────────────────────────────────
    ../test-results/workflows-sla-tracking-SLA-e086f-etails-with-correct-styling-chromium/test-failed-1.png
    ────────────────────────────────────────────────────────────────────────────────────────────────

    attachment #2: video (video/webm) ──────────────────────────────────────────────────────────────
    ../test-results/workflows-sla-tracking-SLA-e086f-etails-with-correct-styling-chromium/video.webm
    ────────────────────────────────────────────────────────────────────────────────────────────────

    Error Context: ../test-results/workflows-sla-tracking-SLA-e086f-etails-with-correct-styling-chromium/error-context.md

    Retry #1 ───────────────────────────────────────────────────────────────────────────────────────

    TimeoutError: locator.click: Timeout 15000ms exceeded.
    Call log:
      - waiting for locator('input[name="email"], input[type="email"], #email')


       at ../pages/base.page.ts:58

      56 |    */
      57 |   async fillField(locator: Locator, value: string) {
    > 58 |     await locator.click();
         |                   ^
      59 |     await locator.clear();
      60 |     await locator.fill(value);
      61 |   }
        at LoginPage.fillField (/app/pages/base.page.ts:58:19)
        at LoginPage.login (/app/pages/login.page.ts:33:16)
        at LoginPage.quickLogin (/app/pages/login.page.ts:58:16)
        at Object.authenticatedPage (/app/fixtures/auth.fixture.ts:12:5)

    attachment #1: screenshot (image/png) ──────────────────────────────────────────────────────────
    ../test-results/workflows-sla-tracking-SLA-e086f-etails-with-correct-styling-chromium-retry1/test-failed-1.png
    ────────────────────────────────────────────────────────────────────────────────────────────────

    attachment #2: video (video/webm) ──────────────────────────────────────────────────────────────
    ../test-results/workflows-sla-tracking-SLA-e086f-etails-with-correct-styling-chromium-retry1/video.webm
    ────────────────────────────────────────────────────────────────────────────────────────────────

    Error Context: ../test-results/workflows-sla-tracking-SLA-e086f-etails-with-correct-styling-chromium-retry1/error-context.md

    attachment #4: trace (application/zip) ─────────────────────────────────────────────────────────
    ../test-results/workflows-sla-tracking-SLA-e086f-etails-with-correct-styling-chromium-retry1/trace.zip
    Usage:

        npx playwright show-trace ../test-results/workflows-sla-tracking-SLA-e086f-etails-with-correct-styling-chromium-retry1/trace.zip

    ────────────────────────────────────────────────────────────────────────────────────────────────

    Retry #2 ───────────────────────────────────────────────────────────────────────────────────────

    TimeoutError: locator.click: Timeout 15000ms exceeded.
    Call log:
      - waiting for locator('input[name="email"], input[type="email"], #email')


       at ../pages/base.page.ts:58

      56 |    */
      57 |   async fillField(locator: Locator, value: string) {
    > 58 |     await locator.click();
         |                   ^
      59 |     await locator.clear();
      60 |     await locator.fill(value);
      61 |   }
        at LoginPage.fillField (/app/pages/base.page.ts:58:19)
        at LoginPage.login (/app/pages/login.page.ts:33:16)
        at LoginPage.quickLogin (/app/pages/login.page.ts:58:16)
        at Object.authenticatedPage (/app/fixtures/auth.fixture.ts:12:5)

    attachment #1: screenshot (image/png) ──────────────────────────────────────────────────────────
    ../test-results/workflows-sla-tracking-SLA-e086f-etails-with-correct-styling-chromium-retry2/test-failed-1.png
    ────────────────────────────────────────────────────────────────────────────────────────────────

    attachment #2: video (video/webm) ──────────────────────────────────────────────────────────────
    ../test-results/workflows-sla-tracking-SLA-e086f-etails-with-correct-styling-chromium-retry2/video.webm
    ────────────────────────────────────────────────────────────────────────────────────────────────

    Error Context: ../test-results/workflows-sla-tracking-SLA-e086f-etails-with-correct-styling-chromium-retry2/error-context.md
]]>
</failure>
<system-out>
<![CDATA[
[[ATTACHMENT|workflows-sla-tracking-SLA-e086f-etails-with-correct-styling-chromium/test-failed-1.png]]

[[ATTACHMENT|workflows-sla-tracking-SLA-e086f-etails-with-correct-styling-chromium/video.webm]]

[[ATTACHMENT|workflows-sla-tracking-SLA-e086f-etails-with-correct-styling-chromium/error-context.md]]

[[ATTACHMENT|workflows-sla-tracking-SLA-e086f-etails-with-correct-styling-chromium-retry1/test-failed-1.png]]

[[ATTACHMENT|workflows-sla-tracking-SLA-e086f-etails-with-correct-styling-chromium-retry1/video.webm]]

[[ATTACHMENT|workflows-sla-tracking-SLA-e086f-etails-with-correct-styling-chromium-retry1/error-context.md]]

[[ATTACHMENT|workflows-sla-tracking-SLA-e086f-etails-with-correct-styling-chromium-retry1/trace.zip]]

[[ATTACHMENT|workflows-sla-tracking-SLA-e086f-etails-with-correct-styling-chromium-retry2/test-failed-1.png]]

[[ATTACHMENT|workflows-sla-tracking-SLA-e086f-etails-with-correct-styling-chromium-retry2/video.webm]]

[[ATTACHMENT|workflows-sla-tracking-SLA-e086f-etails-with-correct-styling-chromium-retry2/error-context.md]]
]]>
</system-out>
</testcase>
<testcase name="SLA Tracking System › detailed SLA information on workflow page › handles invoices without SLA deadline" classname="workflows/sla-tracking.spec.ts" time="48.398">
<failure message="sla-tracking.spec.ts:104:9 handles invoices without SLA deadline" type="FAILURE">
<![CDATA[  [chromium] › workflows/sla-tracking.spec.ts:104:9 › SLA Tracking System › detailed SLA information on workflow page › handles invoices without SLA deadline 

    TimeoutError: locator.click: Timeout 15000ms exceeded.
    Call log:
      - waiting for locator('input[name="email"], input[type="email"], #email')


       at ../pages/base.page.ts:58

      56 |    */
      57 |   async fillField(locator: Locator, value: string) {
    > 58 |     await locator.click();
         |                   ^
      59 |     await locator.clear();
      60 |     await locator.fill(value);
      61 |   }
        at LoginPage.fillField (/app/pages/base.page.ts:58:19)
        at LoginPage.login (/app/pages/login.page.ts:33:16)
        at LoginPage.quickLogin (/app/pages/login.page.ts:58:16)
        at Object.authenticatedPage (/app/fixtures/auth.fixture.ts:12:5)

    attachment #1: screenshot (image/png) ──────────────────────────────────────────────────────────
    ../test-results/workflows-sla-tracking-SLA-c39d2-voices-without-SLA-deadline-chromium/test-failed-1.png
    ────────────────────────────────────────────────────────────────────────────────────────────────

    attachment #2: video (video/webm) ──────────────────────────────────────────────────────────────
    ../test-results/workflows-sla-tracking-SLA-c39d2-voices-without-SLA-deadline-chromium/video.webm
    ────────────────────────────────────────────────────────────────────────────────────────────────

    Error Context: ../test-results/workflows-sla-tracking-SLA-c39d2-voices-without-SLA-deadline-chromium/error-context.md

    Retry #1 ───────────────────────────────────────────────────────────────────────────────────────

    TimeoutError: locator.click: Timeout 15000ms exceeded.
    Call log:
      - waiting for locator('input[name="email"], input[type="email"], #email')


       at ../pages/base.page.ts:58

      56 |    */
      57 |   async fillField(locator: Locator, value: string) {
    > 58 |     await locator.click();
         |                   ^
      59 |     await locator.clear();
      60 |     await locator.fill(value);
      61 |   }
        at LoginPage.fillField (/app/pages/base.page.ts:58:19)
        at LoginPage.login (/app/pages/login.page.ts:33:16)
        at LoginPage.quickLogin (/app/pages/login.page.ts:58:16)
        at Object.authenticatedPage (/app/fixtures/auth.fixture.ts:12:5)

    attachment #1: screenshot (image/png) ──────────────────────────────────────────────────────────
    ../test-results/workflows-sla-tracking-SLA-c39d2-voices-without-SLA-deadline-chromium-retry1/test-failed-1.png
    ────────────────────────────────────────────────────────────────────────────────────────────────

    attachment #2: video (video/webm) ──────────────────────────────────────────────────────────────
    ../test-results/workflows-sla-tracking-SLA-c39d2-voices-without-SLA-deadline-chromium-retry1/video.webm
    ────────────────────────────────────────────────────────────────────────────────────────────────

    Error Context: ../test-results/workflows-sla-tracking-SLA-c39d2-voices-without-SLA-deadline-chromium-retry1/error-context.md

    attachment #4: trace (application/zip) ─────────────────────────────────────────────────────────
    ../test-results/workflows-sla-tracking-SLA-c39d2-voices-without-SLA-deadline-chromium-retry1/trace.zip
    Usage:

        npx playwright show-trace ../test-results/workflows-sla-tracking-SLA-c39d2-voices-without-SLA-deadline-chromium-retry1/trace.zip

    ────────────────────────────────────────────────────────────────────────────────────────────────

    Retry #2 ───────────────────────────────────────────────────────────────────────────────────────

    TimeoutError: locator.click: Timeout 15000ms exceeded.
    Call log:
      - waiting for locator('input[name="email"], input[type="email"], #email')


       at ../pages/base.page.ts:58

      56 |    */
      57 |   async fillField(locator: Locator, value: string) {
    > 58 |     await locator.click();
         |                   ^
      59 |     await locator.clear();
      60 |     await locator.fill(value);
      61 |   }
        at LoginPage.fillField (/app/pages/base.page.ts:58:19)
        at LoginPage.login (/app/pages/login.page.ts:33:16)
        at LoginPage.quickLogin (/app/pages/login.page.ts:58:16)
        at Object.authenticatedPage (/app/fixtures/auth.fixture.ts:12:5)

    attachment #1: screenshot (image/png) ──────────────────────────────────────────────────────────
    ../test-results/workflows-sla-tracking-SLA-c39d2-voices-without-SLA-deadline-chromium-retry2/test-failed-1.png
    ────────────────────────────────────────────────────────────────────────────────────────────────

    attachment #2: video (video/webm) ──────────────────────────────────────────────────────────────
    ../test-results/workflows-sla-tracking-SLA-c39d2-voices-without-SLA-deadline-chromium-retry2/video.webm
    ────────────────────────────────────────────────────────────────────────────────────────────────

    Error Context: ../test-results/workflows-sla-tracking-SLA-c39d2-voices-without-SLA-deadline-chromium-retry2/error-context.md
]]>
</failure>
<system-out>
<![CDATA[
[[ATTACHMENT|workflows-sla-tracking-SLA-c39d2-voices-without-SLA-deadline-chromium/test-failed-1.png]]

[[ATTACHMENT|workflows-sla-tracking-SLA-c39d2-voices-without-SLA-deadline-chromium/video.webm]]

[[ATTACHMENT|workflows-sla-tracking-SLA-c39d2-voices-without-SLA-deadline-chromium/error-context.md]]

[[ATTACHMENT|workflows-sla-tracking-SLA-c39d2-voices-without-SLA-deadline-chromium-retry1/test-failed-1.png]]

[[ATTACHMENT|workflows-sla-tracking-SLA-c39d2-voices-without-SLA-deadline-chromium-retry1/video.webm]]

[[ATTACHMENT|workflows-sla-tracking-SLA-c39d2-voices-without-SLA-deadline-chromium-retry1/error-context.md]]

[[ATTACHMENT|workflows-sla-tracking-SLA-c39d2-voices-without-SLA-deadline-chromium-retry1/trace.zip]]

[[ATTACHMENT|workflows-sla-tracking-SLA-c39d2-voices-without-SLA-deadline-chromium-retry2/test-failed-1.png]]

[[ATTACHMENT|workflows-sla-tracking-SLA-c39d2-voices-without-SLA-deadline-chromium-retry2/video.webm]]

[[ATTACHMENT|workflows-sla-tracking-SLA-c39d2-voices-without-SLA-deadline-chromium-retry2/error-context.md]]
]]>
</system-out>
</testcase>
<testcase name="SLA Tracking System › detailed SLA information on workflow page › calculates and displays correct progress percentage" classname="workflows/sla-tracking.spec.ts" time="48.595">
<failure message="sla-tracking.spec.ts:117:9 calculates and displays correct progress percentage" type="FAILURE">
<![CDATA[  [chromium] › workflows/sla-tracking.spec.ts:117:9 › SLA Tracking System › detailed SLA information on workflow page › calculates and displays correct progress percentage 

    TimeoutError: locator.click: Timeout 15000ms exceeded.
    Call log:
      - waiting for locator('input[name="email"], input[type="email"], #email')


       at ../pages/base.page.ts:58

      56 |    */
      57 |   async fillField(locator: Locator, value: string) {
    > 58 |     await locator.click();
         |                   ^
      59 |     await locator.clear();
      60 |     await locator.fill(value);
      61 |   }
        at LoginPage.fillField (/app/pages/base.page.ts:58:19)
        at LoginPage.login (/app/pages/login.page.ts:33:16)
        at LoginPage.quickLogin (/app/pages/login.page.ts:58:16)
        at Object.authenticatedPage (/app/fixtures/auth.fixture.ts:12:5)

    attachment #1: screenshot (image/png) ──────────────────────────────────────────────────────────
    ../test-results/workflows-sla-tracking-SLA-01b13-correct-progress-percentage-chromium/test-failed-1.png
    ────────────────────────────────────────────────────────────────────────────────────────────────

    attachment #2: video (video/webm) ──────────────────────────────────────────────────────────────
    ../test-results/workflows-sla-tracking-SLA-01b13-correct-progress-percentage-chromium/video.webm
    ────────────────────────────────────────────────────────────────────────────────────────────────

    Error Context: ../test-results/workflows-sla-tracking-SLA-01b13-correct-progress-percentage-chromium/error-context.md

    Retry #1 ───────────────────────────────────────────────────────────────────────────────────────

    TimeoutError: locator.click: Timeout 15000ms exceeded.
    Call log:
      - waiting for locator('input[name="email"], input[type="email"], #email')


       at ../pages/base.page.ts:58

      56 |    */
      57 |   async fillField(locator: Locator, value: string) {
    > 58 |     await locator.click();
         |                   ^
      59 |     await locator.clear();
      60 |     await locator.fill(value);
      61 |   }
        at LoginPage.fillField (/app/pages/base.page.ts:58:19)
        at LoginPage.login (/app/pages/login.page.ts:33:16)
        at LoginPage.quickLogin (/app/pages/login.page.ts:58:16)
        at Object.authenticatedPage (/app/fixtures/auth.fixture.ts:12:5)

    attachment #1: screenshot (image/png) ──────────────────────────────────────────────────────────
    ../test-results/workflows-sla-tracking-SLA-01b13-correct-progress-percentage-chromium-retry1/test-failed-1.png
    ────────────────────────────────────────────────────────────────────────────────────────────────

    attachment #2: video (video/webm) ──────────────────────────────────────────────────────────────
    ../test-results/workflows-sla-tracking-SLA-01b13-correct-progress-percentage-chromium-retry1/video.webm
    ────────────────────────────────────────────────────────────────────────────────────────────────

    Error Context: ../test-results/workflows-sla-tracking-SLA-01b13-correct-progress-percentage-chromium-retry1/error-context.md

    attachment #4: trace (application/zip) ─────────────────────────────────────────────────────────
    ../test-results/workflows-sla-tracking-SLA-01b13-correct-progress-percentage-chromium-retry1/trace.zip
    Usage:

        npx playwright show-trace ../test-results/workflows-sla-tracking-SLA-01b13-correct-progress-percentage-chromium-retry1/trace.zip

    ────────────────────────────────────────────────────────────────────────────────────────────────

    Retry #2 ───────────────────────────────────────────────────────────────────────────────────────

    TimeoutError: locator.click: Timeout 15000ms exceeded.
    Call log:
      - waiting for locator('input[name="email"], input[type="email"], #email')


       at ../pages/base.page.ts:58

      56 |    */
      57 |   async fillField(locator: Locator, value: string) {
    > 58 |     await locator.click();
         |                   ^
      59 |     await locator.clear();
      60 |     await locator.fill(value);
      61 |   }
        at LoginPage.fillField (/app/pages/base.page.ts:58:19)
        at LoginPage.login (/app/pages/login.page.ts:33:16)
        at LoginPage.quickLogin (/app/pages/login.page.ts:58:16)
        at Object.authenticatedPage (/app/fixtures/auth.fixture.ts:12:5)

    attachment #1: screenshot (image/png) ──────────────────────────────────────────────────────────
    ../test-results/workflows-sla-tracking-SLA-01b13-correct-progress-percentage-chromium-retry2/test-failed-1.png
    ────────────────────────────────────────────────────────────────────────────────────────────────

    attachment #2: video (video/webm) ──────────────────────────────────────────────────────────────
    ../test-results/workflows-sla-tracking-SLA-01b13-correct-progress-percentage-chromium-retry2/video.webm
    ────────────────────────────────────────────────────────────────────────────────────────────────

    Error Context: ../test-results/workflows-sla-tracking-SLA-01b13-correct-progress-percentage-chromium-retry2/error-context.md
]]>
</failure>
<system-out>
<![CDATA[
[[ATTACHMENT|workflows-sla-tracking-SLA-01b13-correct-progress-percentage-chromium/test-failed-1.png]]

[[ATTACHMENT|workflows-sla-tracking-SLA-01b13-correct-progress-percentage-chromium/video.webm]]

[[ATTACHMENT|workflows-sla-tracking-SLA-01b13-correct-progress-percentage-chromium/error-context.md]]

[[ATTACHMENT|workflows-sla-tracking-SLA-01b13-correct-progress-percentage-chromium-retry1/test-failed-1.png]]

[[ATTACHMENT|workflows-sla-tracking-SLA-01b13-correct-progress-percentage-chromium-retry1/video.webm]]

[[ATTACHMENT|workflows-sla-tracking-SLA-01b13-correct-progress-percentage-chromium-retry1/error-context.md]]

[[ATTACHMENT|workflows-sla-tracking-SLA-01b13-correct-progress-percentage-chromium-retry1/trace.zip]]

[[ATTACHMENT|workflows-sla-tracking-SLA-01b13-correct-progress-percentage-chromium-retry2/test-failed-1.png]]

[[ATTACHMENT|workflows-sla-tracking-SLA-01b13-correct-progress-percentage-chromium-retry2/video.webm]]

[[ATTACHMENT|workflows-sla-tracking-SLA-01b13-correct-progress-percentage-chromium-retry2/error-context.md]]
]]>
</system-out>
</testcase>
<testcase name="SLA Tracking System › edge cases and error handling › handles missing workflow data gracefully" classname="workflows/sla-tracking.spec.ts" time="48.452">
<failure message="sla-tracking.spec.ts:131:9 handles missing workflow data gracefully" type="FAILURE">
<![CDATA[  [chromium] › workflows/sla-tracking.spec.ts:131:9 › SLA Tracking System › edge cases and error handling › handles missing workflow data gracefully 

    TimeoutError: locator.click: Timeout 15000ms exceeded.
    Call log:
      - waiting for locator('input[name="email"], input[type="email"], #email')


       at ../pages/base.page.ts:58

      56 |    */
      57 |   async fillField(locator: Locator, value: string) {
    > 58 |     await locator.click();
         |                   ^
      59 |     await locator.clear();
      60 |     await locator.fill(value);
      61 |   }
        at LoginPage.fillField (/app/pages/base.page.ts:58:19)
        at LoginPage.login (/app/pages/login.page.ts:33:16)
        at LoginPage.quickLogin (/app/pages/login.page.ts:58:16)
        at Object.authenticatedPage (/app/fixtures/auth.fixture.ts:12:5)

    attachment #1: screenshot (image/png) ──────────────────────────────────────────────────────────
    ../test-results/workflows-sla-tracking-SLA-28e48-ng-workflow-data-gracefully-chromium/test-failed-1.png
    ────────────────────────────────────────────────────────────────────────────────────────────────

    attachment #2: video (video/webm) ──────────────────────────────────────────────────────────────
    ../test-results/workflows-sla-tracking-SLA-28e48-ng-workflow-data-gracefully-chromium/video.webm
    ────────────────────────────────────────────────────────────────────────────────────────────────

    Error Context: ../test-results/workflows-sla-tracking-SLA-28e48-ng-workflow-data-gracefully-chromium/error-context.md

    Retry #1 ───────────────────────────────────────────────────────────────────────────────────────

    TimeoutError: locator.click: Timeout 15000ms exceeded.
    Call log:
      - waiting for locator('input[name="email"], input[type="email"], #email')


       at ../pages/base.page.ts:58

      56 |    */
      57 |   async fillField(locator: Locator, value: string) {
    > 58 |     await locator.click();
         |                   ^
      59 |     await locator.clear();
      60 |     await locator.fill(value);
      61 |   }
        at LoginPage.fillField (/app/pages/base.page.ts:58:19)
        at LoginPage.login (/app/pages/login.page.ts:33:16)
        at LoginPage.quickLogin (/app/pages/login.page.ts:58:16)
        at Object.authenticatedPage (/app/fixtures/auth.fixture.ts:12:5)

    attachment #1: screenshot (image/png) ──────────────────────────────────────────────────────────
    ../test-results/workflows-sla-tracking-SLA-28e48-ng-workflow-data-gracefully-chromium-retry1/test-failed-1.png
    ────────────────────────────────────────────────────────────────────────────────────────────────

    attachment #2: video (video/webm) ──────────────────────────────────────────────────────────────
    ../test-results/workflows-sla-tracking-SLA-28e48-ng-workflow-data-gracefully-chromium-retry1/video.webm
    ────────────────────────────────────────────────────────────────────────────────────────────────

    Error Context: ../test-results/workflows-sla-tracking-SLA-28e48-ng-workflow-data-gracefully-chromium-retry1/error-context.md

    attachment #4: trace (application/zip) ─────────────────────────────────────────────────────────
    ../test-results/workflows-sla-tracking-SLA-28e48-ng-workflow-data-gracefully-chromium-retry1/trace.zip
    Usage:

        npx playwright show-trace ../test-results/workflows-sla-tracking-SLA-28e48-ng-workflow-data-gracefully-chromium-retry1/trace.zip

    ────────────────────────────────────────────────────────────────────────────────────────────────

    Retry #2 ───────────────────────────────────────────────────────────────────────────────────────

    TimeoutError: locator.click: Timeout 15000ms exceeded.
    Call log:
      - waiting for locator('input[name="email"], input[type="email"], #email')


       at ../pages/base.page.ts:58

      56 |    */
      57 |   async fillField(locator: Locator, value: string) {
    > 58 |     await locator.click();
         |                   ^
      59 |     await locator.clear();
      60 |     await locator.fill(value);
      61 |   }
        at LoginPage.fillField (/app/pages/base.page.ts:58:19)
        at LoginPage.login (/app/pages/login.page.ts:33:16)
        at LoginPage.quickLogin (/app/pages/login.page.ts:58:16)
        at Object.authenticatedPage (/app/fixtures/auth.fixture.ts:12:5)

    attachment #1: screenshot (image/png) ──────────────────────────────────────────────────────────
    ../test-results/workflows-sla-tracking-SLA-28e48-ng-workflow-data-gracefully-chromium-retry2/test-failed-1.png
    ────────────────────────────────────────────────────────────────────────────────────────────────

    attachment #2: video (video/webm) ──────────────────────────────────────────────────────────────
    ../test-results/workflows-sla-tracking-SLA-28e48-ng-workflow-data-gracefully-chromium-retry2/video.webm
    ────────────────────────────────────────────────────────────────────────────────────────────────

    Error Context: ../test-results/workflows-sla-tracking-SLA-28e48-ng-workflow-data-gracefully-chromium-retry2/error-context.md
]]>
</failure>
<system-out>
<![CDATA[
[[ATTACHMENT|workflows-sla-tracking-SLA-28e48-ng-workflow-data-gracefully-chromium/test-failed-1.png]]

[[ATTACHMENT|workflows-sla-tracking-SLA-28e48-ng-workflow-data-gracefully-chromium/video.webm]]

[[ATTACHMENT|workflows-sla-tracking-SLA-28e48-ng-workflow-data-gracefully-chromium/error-context.md]]

[[ATTACHMENT|workflows-sla-tracking-SLA-28e48-ng-workflow-data-gracefully-chromium-retry1/test-failed-1.png]]

[[ATTACHMENT|workflows-sla-tracking-SLA-28e48-ng-workflow-data-gracefully-chromium-retry1/video.webm]]

[[ATTACHMENT|workflows-sla-tracking-SLA-28e48-ng-workflow-data-gracefully-chromium-retry1/error-context.md]]

[[ATTACHMENT|workflows-sla-tracking-SLA-28e48-ng-workflow-data-gracefully-chromium-retry1/trace.zip]]

[[ATTACHMENT|workflows-sla-tracking-SLA-28e48-ng-workflow-data-gracefully-chromium-retry2/test-failed-1.png]]

[[ATTACHMENT|workflows-sla-tracking-SLA-28e48-ng-workflow-data-gracefully-chromium-retry2/video.webm]]

[[ATTACHMENT|workflows-sla-tracking-SLA-28e48-ng-workflow-data-gracefully-chromium-retry2/error-context.md]]
]]>
</system-out>
</testcase>
<testcase name="SLA Tracking System › edge cases and error handling › updates SLA status after workflow transition" classname="workflows/sla-tracking.spec.ts" time="48.691">
<failure message="sla-tracking.spec.ts:153:9 updates SLA status after workflow transition" type="FAILURE">
<![CDATA[  [chromium] › workflows/sla-tracking.spec.ts:153:9 › SLA Tracking System › edge cases and error handling › updates SLA status after workflow transition 

    TimeoutError: locator.click: Timeout 15000ms exceeded.
    Call log:
      - waiting for locator('input[name="email"], input[type="email"], #email')


       at ../pages/base.page.ts:58

      56 |    */
      57 |   async fillField(locator: Locator, value: string) {
    > 58 |     await locator.click();
         |                   ^
      59 |     await locator.clear();
      60 |     await locator.fill(value);
      61 |   }
        at LoginPage.fillField (/app/pages/base.page.ts:58:19)
        at LoginPage.login (/app/pages/login.page.ts:33:16)
        at LoginPage.quickLogin (/app/pages/login.page.ts:58:16)
        at Object.authenticatedPage (/app/fixtures/auth.fixture.ts:12:5)

    attachment #1: screenshot (image/png) ──────────────────────────────────────────────────────────
    ../test-results/workflows-sla-tracking-SLA-3bddb-s-after-workflow-transition-chromium/test-failed-1.png
    ────────────────────────────────────────────────────────────────────────────────────────────────

    attachment #2: video (video/webm) ──────────────────────────────────────────────────────────────
    ../test-results/workflows-sla-tracking-SLA-3bddb-s-after-workflow-transition-chromium/video.webm
    ────────────────────────────────────────────────────────────────────────────────────────────────

    Error Context: ../test-results/workflows-sla-tracking-SLA-3bddb-s-after-workflow-transition-chromium/error-context.md

    Retry #1 ───────────────────────────────────────────────────────────────────────────────────────

    TimeoutError: locator.click: Timeout 15000ms exceeded.
    Call log:
      - waiting for locator('input[name="email"], input[type="email"], #email')


       at ../pages/base.page.ts:58

      56 |    */
      57 |   async fillField(locator: Locator, value: string) {
    > 58 |     await locator.click();
         |                   ^
      59 |     await locator.clear();
      60 |     await locator.fill(value);
      61 |   }
        at LoginPage.fillField (/app/pages/base.page.ts:58:19)
        at LoginPage.login (/app/pages/login.page.ts:33:16)
        at LoginPage.quickLogin (/app/pages/login.page.ts:58:16)
        at Object.authenticatedPage (/app/fixtures/auth.fixture.ts:12:5)

    attachment #1: screenshot (image/png) ──────────────────────────────────────────────────────────
    ../test-results/workflows-sla-tracking-SLA-3bddb-s-after-workflow-transition-chromium-retry1/test-failed-1.png
    ────────────────────────────────────────────────────────────────────────────────────────────────

    attachment #2: video (video/webm) ──────────────────────────────────────────────────────────────
    ../test-results/workflows-sla-tracking-SLA-3bddb-s-after-workflow-transition-chromium-retry1/video.webm
    ────────────────────────────────────────────────────────────────────────────────────────────────

    Error Context: ../test-results/workflows-sla-tracking-SLA-3bddb-s-after-workflow-transition-chromium-retry1/error-context.md

    attachment #4: trace (application/zip) ─────────────────────────────────────────────────────────
    ../test-results/workflows-sla-tracking-SLA-3bddb-s-after-workflow-transition-chromium-retry1/trace.zip
    Usage:

        npx playwright show-trace ../test-results/workflows-sla-tracking-SLA-3bddb-s-after-workflow-transition-chromium-retry1/trace.zip

    ────────────────────────────────────────────────────────────────────────────────────────────────

    Retry #2 ───────────────────────────────────────────────────────────────────────────────────────

    TimeoutError: locator.click: Timeout 15000ms exceeded.
    Call log:
      - waiting for locator('input[name="email"], input[type="email"], #email')


       at ../pages/base.page.ts:58

      56 |    */
      57 |   async fillField(locator: Locator, value: string) {
    > 58 |     await locator.click();
         |                   ^
      59 |     await locator.clear();
      60 |     await locator.fill(value);
      61 |   }
        at LoginPage.fillField (/app/pages/base.page.ts:58:19)
        at LoginPage.login (/app/pages/login.page.ts:33:16)
        at LoginPage.quickLogin (/app/pages/login.page.ts:58:16)
        at Object.authenticatedPage (/app/fixtures/auth.fixture.ts:12:5)

    attachment #1: screenshot (image/png) ──────────────────────────────────────────────────────────
    ../test-results/workflows-sla-tracking-SLA-3bddb-s-after-workflow-transition-chromium-retry2/test-failed-1.png
    ────────────────────────────────────────────────────────────────────────────────────────────────

    attachment #2: video (video/webm) ──────────────────────────────────────────────────────────────
    ../test-results/workflows-sla-tracking-SLA-3bddb-s-after-workflow-transition-chromium-retry2/video.webm
    ────────────────────────────────────────────────────────────────────────────────────────────────

    Error Context: ../test-results/workflows-sla-tracking-SLA-3bddb-s-after-workflow-transition-chromium-retry2/error-context.md
]]>
</failure>
<system-out>
<![CDATA[
[[ATTACHMENT|workflows-sla-tracking-SLA-3bddb-s-after-workflow-transition-chromium/test-failed-1.png]]

[[ATTACHMENT|workflows-sla-tracking-SLA-3bddb-s-after-workflow-transition-chromium/video.webm]]

[[ATTACHMENT|workflows-sla-tracking-SLA-3bddb-s-after-workflow-transition-chromium/error-context.md]]

[[ATTACHMENT|workflows-sla-tracking-SLA-3bddb-s-after-workflow-transition-chromium-retry1/test-failed-1.png]]

[[ATTACHMENT|workflows-sla-tracking-SLA-3bddb-s-after-workflow-transition-chromium-retry1/video.webm]]

[[ATTACHMENT|workflows-sla-tracking-SLA-3bddb-s-after-workflow-transition-chromium-retry1/error-context.md]]

[[ATTACHMENT|workflows-sla-tracking-SLA-3bddb-s-after-workflow-transition-chromium-retry1/trace.zip]]

[[ATTACHMENT|workflows-sla-tracking-SLA-3bddb-s-after-workflow-transition-chromium-retry2/test-failed-1.png]]

[[ATTACHMENT|workflows-sla-tracking-SLA-3bddb-s-after-workflow-transition-chromium-retry2/video.webm]]

[[ATTACHMENT|workflows-sla-tracking-SLA-3bddb-s-after-workflow-transition-chromium-retry2/error-context.md]]
]]>
</system-out>
</testcase>
</testsuite>
<testsuite name="invoices/invoice-calculations.spec.ts" timestamp="2025-09-25T07:53:49.510Z" hostname="firefox" tests="6" failures="6" skipped="0" time="293.788" errors="0">
<testcase name="Invoice Global Financial Calculations › JavaScript calculations update totals when global financial fields change" classname="invoices/invoice-calculations.spec.ts" time="49.012">
<failure message="invoice-calculations.spec.ts:16:7 JavaScript calculations update totals when global financial fields change" type="FAILURE">
<![CDATA[  [firefox] › invoices/invoice-calculations.spec.ts:16:7 › Invoice Global Financial Calculations › JavaScript calculations update totals when global financial fields change 

    TimeoutError: locator.click: Timeout 15000ms exceeded.
    Call log:
      - waiting for locator('input[name="email"], input[type="email"], #email')


       at ../pages/base.page.ts:58

      56 |    */
      57 |   async fillField(locator: Locator, value: string) {
    > 58 |     await locator.click();
         |                   ^
      59 |     await locator.clear();
      60 |     await locator.fill(value);
      61 |   }
        at LoginPage.fillField (/app/pages/base.page.ts:58:19)
        at LoginPage.login (/app/pages/login.page.ts:33:16)
        at LoginPage.quickLogin (/app/pages/login.page.ts:58:16)
        at Object.authenticatedPage (/app/fixtures/auth.fixture.ts:12:5)

    attachment #1: screenshot (image/png) ──────────────────────────────────────────────────────────
    ../test-results/invoices-invoice-calculati-6eea4-bal-financial-fields-change-firefox/test-failed-1.png
    ────────────────────────────────────────────────────────────────────────────────────────────────

    attachment #2: video (video/webm) ──────────────────────────────────────────────────────────────
    ../test-results/invoices-invoice-calculati-6eea4-bal-financial-fields-change-firefox/video.webm
    ────────────────────────────────────────────────────────────────────────────────────────────────

    Error Context: ../test-results/invoices-invoice-calculati-6eea4-bal-financial-fields-change-firefox/error-context.md

    Retry #1 ───────────────────────────────────────────────────────────────────────────────────────

    TimeoutError: locator.click: Timeout 15000ms exceeded.
    Call log:
      - waiting for locator('input[name="email"], input[type="email"], #email')


       at ../pages/base.page.ts:58

      56 |    */
      57 |   async fillField(locator: Locator, value: string) {
    > 58 |     await locator.click();
         |                   ^
      59 |     await locator.clear();
      60 |     await locator.fill(value);
      61 |   }
        at LoginPage.fillField (/app/pages/base.page.ts:58:19)
        at LoginPage.login (/app/pages/login.page.ts:33:16)
        at LoginPage.quickLogin (/app/pages/login.page.ts:58:16)
        at Object.authenticatedPage (/app/fixtures/auth.fixture.ts:12:5)

    attachment #1: screenshot (image/png) ──────────────────────────────────────────────────────────
    ../test-results/invoices-invoice-calculati-6eea4-bal-financial-fields-change-firefox-retry1/test-failed-1.png
    ────────────────────────────────────────────────────────────────────────────────────────────────

    attachment #2: video (video/webm) ──────────────────────────────────────────────────────────────
    ../test-results/invoices-invoice-calculati-6eea4-bal-financial-fields-change-firefox-retry1/video.webm
    ────────────────────────────────────────────────────────────────────────────────────────────────

    Error Context: ../test-results/invoices-invoice-calculati-6eea4-bal-financial-fields-change-firefox-retry1/error-context.md

    attachment #4: trace (application/zip) ─────────────────────────────────────────────────────────
    ../test-results/invoices-invoice-calculati-6eea4-bal-financial-fields-change-firefox-retry1/trace.zip
    Usage:

        npx playwright show-trace ../test-results/invoices-invoice-calculati-6eea4-bal-financial-fields-change-firefox-retry1/trace.zip

    ────────────────────────────────────────────────────────────────────────────────────────────────

    Retry #2 ───────────────────────────────────────────────────────────────────────────────────────

    TimeoutError: locator.click: Timeout 15000ms exceeded.
    Call log:
      - waiting for locator('input[name="email"], input[type="email"], #email')


       at ../pages/base.page.ts:58

      56 |    */
      57 |   async fillField(locator: Locator, value: string) {
    > 58 |     await locator.click();
         |                   ^
      59 |     await locator.clear();
      60 |     await locator.fill(value);
      61 |   }
        at LoginPage.fillField (/app/pages/base.page.ts:58:19)
        at LoginPage.login (/app/pages/login.page.ts:33:16)
        at LoginPage.quickLogin (/app/pages/login.page.ts:58:16)
        at Object.authenticatedPage (/app/fixtures/auth.fixture.ts:12:5)

    attachment #1: screenshot (image/png) ──────────────────────────────────────────────────────────
    ../test-results/invoices-invoice-calculati-6eea4-bal-financial-fields-change-firefox-retry2/test-failed-1.png
    ────────────────────────────────────────────────────────────────────────────────────────────────

    attachment #2: video (video/webm) ──────────────────────────────────────────────────────────────
    ../test-results/invoices-invoice-calculati-6eea4-bal-financial-fields-change-firefox-retry2/video.webm
    ────────────────────────────────────────────────────────────────────────────────────────────────

    Error Context: ../test-results/invoices-invoice-calculati-6eea4-bal-financial-fields-change-firefox-retry2/error-context.md
]]>
</failure>
<system-out>
<![CDATA[
[[ATTACHMENT|invoices-invoice-calculati-6eea4-bal-financial-fields-change-firefox/test-failed-1.png]]

[[ATTACHMENT|invoices-invoice-calculati-6eea4-bal-financial-fields-change-firefox/video.webm]]

[[ATTACHMENT|invoices-invoice-calculati-6eea4-bal-financial-fields-change-firefox/error-context.md]]

[[ATTACHMENT|invoices-invoice-calculati-6eea4-bal-financial-fields-change-firefox-retry1/test-failed-1.png]]

[[ATTACHMENT|invoices-invoice-calculati-6eea4-bal-financial-fields-change-firefox-retry1/video.webm]]

[[ATTACHMENT|invoices-invoice-calculati-6eea4-bal-financial-fields-change-firefox-retry1/error-context.md]]

[[ATTACHMENT|invoices-invoice-calculati-6eea4-bal-financial-fields-change-firefox-retry1/trace.zip]]

[[ATTACHMENT|invoices-invoice-calculati-6eea4-bal-financial-fields-change-firefox-retry2/test-failed-1.png]]

[[ATTACHMENT|invoices-invoice-calculati-6eea4-bal-financial-fields-change-firefox-retry2/video.webm]]

[[ATTACHMENT|invoices-invoice-calculati-6eea4-bal-financial-fields-change-firefox-retry2/error-context.md]]
]]>
</system-out>
</testcase>
<testcase name="Invoice Global Financial Calculations › Calculations handle decimal values correctly" classname="invoices/invoice-calculations.spec.ts" time="48.905">
<failure message="invoice-calculations.spec.ts:77:7 Calculations handle decimal values correctly" type="FAILURE">
<![CDATA[  [firefox] › invoices/invoice-calculations.spec.ts:77:7 › Invoice Global Financial Calculations › Calculations handle decimal values correctly 

    TimeoutError: locator.click: Timeout 15000ms exceeded.
    Call log:
      - waiting for locator('input[name="email"], input[type="email"], #email')


       at ../pages/base.page.ts:58

      56 |    */
      57 |   async fillField(locator: Locator, value: string) {
    > 58 |     await locator.click();
         |                   ^
      59 |     await locator.clear();
      60 |     await locator.fill(value);
      61 |   }
        at LoginPage.fillField (/app/pages/base.page.ts:58:19)
        at LoginPage.login (/app/pages/login.page.ts:33:16)
        at LoginPage.quickLogin (/app/pages/login.page.ts:58:16)
        at Object.authenticatedPage (/app/fixtures/auth.fixture.ts:12:5)

    attachment #1: screenshot (image/png) ──────────────────────────────────────────────────────────
    ../test-results/invoices-invoice-calculati-29518-le-decimal-values-correctly-firefox/test-failed-1.png
    ────────────────────────────────────────────────────────────────────────────────────────────────

    attachment #2: video (video/webm) ──────────────────────────────────────────────────────────────
    ../test-results/invoices-invoice-calculati-29518-le-decimal-values-correctly-firefox/video.webm
    ────────────────────────────────────────────────────────────────────────────────────────────────

    Error Context: ../test-results/invoices-invoice-calculati-29518-le-decimal-values-correctly-firefox/error-context.md

    Retry #1 ───────────────────────────────────────────────────────────────────────────────────────

    TimeoutError: locator.click: Timeout 15000ms exceeded.
    Call log:
      - waiting for locator('input[name="email"], input[type="email"], #email')


       at ../pages/base.page.ts:58

      56 |    */
      57 |   async fillField(locator: Locator, value: string) {
    > 58 |     await locator.click();
         |                   ^
      59 |     await locator.clear();
      60 |     await locator.fill(value);
      61 |   }
        at LoginPage.fillField (/app/pages/base.page.ts:58:19)
        at LoginPage.login (/app/pages/login.page.ts:33:16)
        at LoginPage.quickLogin (/app/pages/login.page.ts:58:16)
        at Object.authenticatedPage (/app/fixtures/auth.fixture.ts:12:5)

    attachment #1: screenshot (image/png) ──────────────────────────────────────────────────────────
    ../test-results/invoices-invoice-calculati-29518-le-decimal-values-correctly-firefox-retry1/test-failed-1.png
    ────────────────────────────────────────────────────────────────────────────────────────────────

    attachment #2: video (video/webm) ──────────────────────────────────────────────────────────────
    ../test-results/invoices-invoice-calculati-29518-le-decimal-values-correctly-firefox-retry1/video.webm
    ────────────────────────────────────────────────────────────────────────────────────────────────

    Error Context: ../test-results/invoices-invoice-calculati-29518-le-decimal-values-correctly-firefox-retry1/error-context.md

    attachment #4: trace (application/zip) ─────────────────────────────────────────────────────────
    ../test-results/invoices-invoice-calculati-29518-le-decimal-values-correctly-firefox-retry1/trace.zip
    Usage:

        npx playwright show-trace ../test-results/invoices-invoice-calculati-29518-le-decimal-values-correctly-firefox-retry1/trace.zip

    ────────────────────────────────────────────────────────────────────────────────────────────────

    Retry #2 ───────────────────────────────────────────────────────────────────────────────────────

    TimeoutError: locator.click: Timeout 15000ms exceeded.
    Call log:
      - waiting for locator('input[name="email"], input[type="email"], #email')


       at ../pages/base.page.ts:58

      56 |    */
      57 |   async fillField(locator: Locator, value: string) {
    > 58 |     await locator.click();
         |                   ^
      59 |     await locator.clear();
      60 |     await locator.fill(value);
      61 |   }
        at LoginPage.fillField (/app/pages/base.page.ts:58:19)
        at LoginPage.login (/app/pages/login.page.ts:33:16)
        at LoginPage.quickLogin (/app/pages/login.page.ts:58:16)
        at Object.authenticatedPage (/app/fixtures/auth.fixture.ts:12:5)

    attachment #1: screenshot (image/png) ──────────────────────────────────────────────────────────
    ../test-results/invoices-invoice-calculati-29518-le-decimal-values-correctly-firefox-retry2/test-failed-1.png
    ────────────────────────────────────────────────────────────────────────────────────────────────

    attachment #2: video (video/webm) ──────────────────────────────────────────────────────────────
    ../test-results/invoices-invoice-calculati-29518-le-decimal-values-correctly-firefox-retry2/video.webm
    ────────────────────────────────────────────────────────────────────────────────────────────────

    Error Context: ../test-results/invoices-invoice-calculati-29518-le-decimal-values-correctly-firefox-retry2/error-context.md
]]>
</failure>
<system-out>
<![CDATA[
[[ATTACHMENT|invoices-invoice-calculati-29518-le-decimal-values-correctly-firefox/test-failed-1.png]]

[[ATTACHMENT|invoices-invoice-calculati-29518-le-decimal-values-correctly-firefox/video.webm]]

[[ATTACHMENT|invoices-invoice-calculati-29518-le-decimal-values-correctly-firefox/error-context.md]]

[[ATTACHMENT|invoices-invoice-calculati-29518-le-decimal-values-correctly-firefox-retry1/test-failed-1.png]]

[[ATTACHMENT|invoices-invoice-calculati-29518-le-decimal-values-correctly-firefox-retry1/video.webm]]

[[ATTACHMENT|invoices-invoice-calculati-29518-le-decimal-values-correctly-firefox-retry1/error-context.md]]

[[ATTACHMENT|invoices-invoice-calculati-29518-le-decimal-values-correctly-firefox-retry1/trace.zip]]

[[ATTACHMENT|invoices-invoice-calculati-29518-le-decimal-values-correctly-firefox-retry2/test-failed-1.png]]

[[ATTACHMENT|invoices-invoice-calculati-29518-le-decimal-values-correctly-firefox-retry2/video.webm]]

[[ATTACHMENT|invoices-invoice-calculati-29518-le-decimal-values-correctly-firefox-retry2/error-context.md]]
]]>
</system-out>
</testcase>
<testcase name="Invoice Global Financial Calculations › Calculations handle zero and empty values correctly" classname="invoices/invoice-calculations.spec.ts" time="49.158">
<failure message="invoice-calculations.spec.ts:102:7 Calculations handle zero and empty values correctly" type="FAILURE">
<![CDATA[  [firefox] › invoices/invoice-calculations.spec.ts:102:7 › Invoice Global Financial Calculations › Calculations handle zero and empty values correctly 

    TimeoutError: locator.click: Timeout 15000ms exceeded.
    Call log:
      - waiting for locator('input[name="email"], input[type="email"], #email')


       at ../pages/base.page.ts:58

      56 |    */
      57 |   async fillField(locator: Locator, value: string) {
    > 58 |     await locator.click();
         |                   ^
      59 |     await locator.clear();
      60 |     await locator.fill(value);
      61 |   }
        at LoginPage.fillField (/app/pages/base.page.ts:58:19)
        at LoginPage.login (/app/pages/login.page.ts:33:16)
        at LoginPage.quickLogin (/app/pages/login.page.ts:58:16)
        at Object.authenticatedPage (/app/fixtures/auth.fixture.ts:12:5)

    attachment #1: screenshot (image/png) ──────────────────────────────────────────────────────────
    ../test-results/invoices-invoice-calculati-e04f9--and-empty-values-correctly-firefox/test-failed-1.png
    ────────────────────────────────────────────────────────────────────────────────────────────────

    attachment #2: video (video/webm) ──────────────────────────────────────────────────────────────
    ../test-results/invoices-invoice-calculati-e04f9--and-empty-values-correctly-firefox/video.webm
    ────────────────────────────────────────────────────────────────────────────────────────────────

    Error Context: ../test-results/invoices-invoice-calculati-e04f9--and-empty-values-correctly-firefox/error-context.md

    Retry #1 ───────────────────────────────────────────────────────────────────────────────────────

    TimeoutError: locator.click: Timeout 15000ms exceeded.
    Call log:
      - waiting for locator('input[name="email"], input[type="email"], #email')


       at ../pages/base.page.ts:58

      56 |    */
      57 |   async fillField(locator: Locator, value: string) {
    > 58 |     await locator.click();
         |                   ^
      59 |     await locator.clear();
      60 |     await locator.fill(value);
      61 |   }
        at LoginPage.fillField (/app/pages/base.page.ts:58:19)
        at LoginPage.login (/app/pages/login.page.ts:33:16)
        at LoginPage.quickLogin (/app/pages/login.page.ts:58:16)
        at Object.authenticatedPage (/app/fixtures/auth.fixture.ts:12:5)

    attachment #1: screenshot (image/png) ──────────────────────────────────────────────────────────
    ../test-results/invoices-invoice-calculati-e04f9--and-empty-values-correctly-firefox-retry1/test-failed-1.png
    ────────────────────────────────────────────────────────────────────────────────────────────────

    attachment #2: video (video/webm) ──────────────────────────────────────────────────────────────
    ../test-results/invoices-invoice-calculati-e04f9--and-empty-values-correctly-firefox-retry1/video.webm
    ────────────────────────────────────────────────────────────────────────────────────────────────

    Error Context: ../test-results/invoices-invoice-calculati-e04f9--and-empty-values-correctly-firefox-retry1/error-context.md

    attachment #4: trace (application/zip) ─────────────────────────────────────────────────────────
    ../test-results/invoices-invoice-calculati-e04f9--and-empty-values-correctly-firefox-retry1/trace.zip
    Usage:

        npx playwright show-trace ../test-results/invoices-invoice-calculati-e04f9--and-empty-values-correctly-firefox-retry1/trace.zip

    ────────────────────────────────────────────────────────────────────────────────────────────────

    Retry #2 ───────────────────────────────────────────────────────────────────────────────────────

    TimeoutError: locator.click: Timeout 15000ms exceeded.
    Call log:
      - waiting for locator('input[name="email"], input[type="email"], #email')


       at ../pages/base.page.ts:58

      56 |    */
      57 |   async fillField(locator: Locator, value: string) {
    > 58 |     await locator.click();
         |                   ^
      59 |     await locator.clear();
      60 |     await locator.fill(value);
      61 |   }
        at LoginPage.fillField (/app/pages/base.page.ts:58:19)
        at LoginPage.login (/app/pages/login.page.ts:33:16)
        at LoginPage.quickLogin (/app/pages/login.page.ts:58:16)
        at Object.authenticatedPage (/app/fixtures/auth.fixture.ts:12:5)

    attachment #1: screenshot (image/png) ──────────────────────────────────────────────────────────
    ../test-results/invoices-invoice-calculati-e04f9--and-empty-values-correctly-firefox-retry2/test-failed-1.png
    ────────────────────────────────────────────────────────────────────────────────────────────────

    attachment #2: video (video/webm) ──────────────────────────────────────────────────────────────
    ../test-results/invoices-invoice-calculati-e04f9--and-empty-values-correctly-firefox-retry2/video.webm
    ────────────────────────────────────────────────────────────────────────────────────────────────

    Error Context: ../test-results/invoices-invoice-calculati-e04f9--and-empty-values-correctly-firefox-retry2/error-context.md
]]>
</failure>
<system-out>
<![CDATA[
[[ATTACHMENT|invoices-invoice-calculati-e04f9--and-empty-values-correctly-firefox/test-failed-1.png]]

[[ATTACHMENT|invoices-invoice-calculati-e04f9--and-empty-values-correctly-firefox/video.webm]]

[[ATTACHMENT|invoices-invoice-calculati-e04f9--and-empty-values-correctly-firefox/error-context.md]]

[[ATTACHMENT|invoices-invoice-calculati-e04f9--and-empty-values-correctly-firefox-retry1/test-failed-1.png]]

[[ATTACHMENT|invoices-invoice-calculati-e04f9--and-empty-values-correctly-firefox-retry1/video.webm]]

[[ATTACHMENT|invoices-invoice-calculati-e04f9--and-empty-values-correctly-firefox-retry1/error-context.md]]

[[ATTACHMENT|invoices-invoice-calculati-e04f9--and-empty-values-correctly-firefox-retry1/trace.zip]]

[[ATTACHMENT|invoices-invoice-calculati-e04f9--and-empty-values-correctly-firefox-retry2/test-failed-1.png]]

[[ATTACHMENT|invoices-invoice-calculati-e04f9--and-empty-values-correctly-firefox-retry2/video.webm]]

[[ATTACHMENT|invoices-invoice-calculati-e04f9--and-empty-values-correctly-firefox-retry2/error-context.md]]
]]>
</system-out>
</testcase>
<testcase name="Invoice Global Financial Calculations › Multiple line items interact correctly with global financial fields" classname="invoices/invoice-calculations.spec.ts" time="48.929">
<failure message="invoice-calculations.spec.ts:130:7 Multiple line items interact correctly with global financial fields" type="FAILURE">
<![CDATA[  [firefox] › invoices/invoice-calculations.spec.ts:130:7 › Invoice Global Financial Calculations › Multiple line items interact correctly with global financial fields 

    TimeoutError: locator.click: Timeout 15000ms exceeded.
    Call log:
      - waiting for locator('input[name="email"], input[type="email"], #email')


       at ../pages/base.page.ts:58

      56 |    */
      57 |   async fillField(locator: Locator, value: string) {
    > 58 |     await locator.click();
         |                   ^
      59 |     await locator.clear();
      60 |     await locator.fill(value);
      61 |   }
        at LoginPage.fillField (/app/pages/base.page.ts:58:19)
        at LoginPage.login (/app/pages/login.page.ts:33:16)
        at LoginPage.quickLogin (/app/pages/login.page.ts:58:16)
        at Object.authenticatedPage (/app/fixtures/auth.fixture.ts:12:5)

    attachment #1: screenshot (image/png) ──────────────────────────────────────────────────────────
    ../test-results/invoices-invoice-calculati-4ab39-ith-global-financial-fields-firefox/test-failed-1.png
    ────────────────────────────────────────────────────────────────────────────────────────────────

    attachment #2: video (video/webm) ──────────────────────────────────────────────────────────────
    ../test-results/invoices-invoice-calculati-4ab39-ith-global-financial-fields-firefox/video.webm
    ────────────────────────────────────────────────────────────────────────────────────────────────

    Error Context: ../test-results/invoices-invoice-calculati-4ab39-ith-global-financial-fields-firefox/error-context.md

    Retry #1 ───────────────────────────────────────────────────────────────────────────────────────

    TimeoutError: locator.click: Timeout 15000ms exceeded.
    Call log:
      - waiting for locator('input[name="email"], input[type="email"], #email')


       at ../pages/base.page.ts:58

      56 |    */
      57 |   async fillField(locator: Locator, value: string) {
    > 58 |     await locator.click();
         |                   ^
      59 |     await locator.clear();
      60 |     await locator.fill(value);
      61 |   }
        at LoginPage.fillField (/app/pages/base.page.ts:58:19)
        at LoginPage.login (/app/pages/login.page.ts:33:16)
        at LoginPage.quickLogin (/app/pages/login.page.ts:58:16)
        at Object.authenticatedPage (/app/fixtures/auth.fixture.ts:12:5)

    attachment #1: screenshot (image/png) ──────────────────────────────────────────────────────────
    ../test-results/invoices-invoice-calculati-4ab39-ith-global-financial-fields-firefox-retry1/test-failed-1.png
    ────────────────────────────────────────────────────────────────────────────────────────────────

    attachment #2: video (video/webm) ──────────────────────────────────────────────────────────────
    ../test-results/invoices-invoice-calculati-4ab39-ith-global-financial-fields-firefox-retry1/video.webm
    ────────────────────────────────────────────────────────────────────────────────────────────────

    Error Context: ../test-results/invoices-invoice-calculati-4ab39-ith-global-financial-fields-firefox-retry1/error-context.md

    attachment #4: trace (application/zip) ─────────────────────────────────────────────────────────
    ../test-results/invoices-invoice-calculati-4ab39-ith-global-financial-fields-firefox-retry1/trace.zip
    Usage:

        npx playwright show-trace ../test-results/invoices-invoice-calculati-4ab39-ith-global-financial-fields-firefox-retry1/trace.zip

    ────────────────────────────────────────────────────────────────────────────────────────────────

    Retry #2 ───────────────────────────────────────────────────────────────────────────────────────

    TimeoutError: locator.click: Timeout 15000ms exceeded.
    Call log:
      - waiting for locator('input[name="email"], input[type="email"], #email')


       at ../pages/base.page.ts:58

      56 |    */
      57 |   async fillField(locator: Locator, value: string) {
    > 58 |     await locator.click();
         |                   ^
      59 |     await locator.clear();
      60 |     await locator.fill(value);
      61 |   }
        at LoginPage.fillField (/app/pages/base.page.ts:58:19)
        at LoginPage.login (/app/pages/login.page.ts:33:16)
        at LoginPage.quickLogin (/app/pages/login.page.ts:58:16)
        at Object.authenticatedPage (/app/fixtures/auth.fixture.ts:12:5)

    attachment #1: screenshot (image/png) ──────────────────────────────────────────────────────────
    ../test-results/invoices-invoice-calculati-4ab39-ith-global-financial-fields-firefox-retry2/test-failed-1.png
    ────────────────────────────────────────────────────────────────────────────────────────────────

    attachment #2: video (video/webm) ──────────────────────────────────────────────────────────────
    ../test-results/invoices-invoice-calculati-4ab39-ith-global-financial-fields-firefox-retry2/video.webm
    ────────────────────────────────────────────────────────────────────────────────────────────────

    Error Context: ../test-results/invoices-invoice-calculati-4ab39-ith-global-financial-fields-firefox-retry2/error-context.md
]]>
</failure>
<system-out>
<![CDATA[
[[ATTACHMENT|invoices-invoice-calculati-4ab39-ith-global-financial-fields-firefox/test-failed-1.png]]

[[ATTACHMENT|invoices-invoice-calculati-4ab39-ith-global-financial-fields-firefox/video.webm]]

[[ATTACHMENT|invoices-invoice-calculati-4ab39-ith-global-financial-fields-firefox/error-context.md]]

[[ATTACHMENT|invoices-invoice-calculati-4ab39-ith-global-financial-fields-firefox-retry1/test-failed-1.png]]

[[ATTACHMENT|invoices-invoice-calculati-4ab39-ith-global-financial-fields-firefox-retry1/video.webm]]

[[ATTACHMENT|invoices-invoice-calculati-4ab39-ith-global-financial-fields-firefox-retry1/error-context.md]]

[[ATTACHMENT|invoices-invoice-calculati-4ab39-ith-global-financial-fields-firefox-retry1/trace.zip]]

[[ATTACHMENT|invoices-invoice-calculati-4ab39-ith-global-financial-fields-firefox-retry2/test-failed-1.png]]

[[ATTACHMENT|invoices-invoice-calculati-4ab39-ith-global-financial-fields-firefox-retry2/video.webm]]

[[ATTACHMENT|invoices-invoice-calculati-4ab39-ith-global-financial-fields-firefox-retry2/error-context.md]]
]]>
</system-out>
</testcase>
<testcase name="Invoice Global Financial Calculations › Color coding works for different field types" classname="invoices/invoice-calculations.spec.ts" time="48.88">
<failure message="invoice-calculations.spec.ts:164:7 Color coding works for different field types" type="FAILURE">
<![CDATA[  [firefox] › invoices/invoice-calculations.spec.ts:164:7 › Invoice Global Financial Calculations › Color coding works for different field types 

    TimeoutError: locator.click: Timeout 15000ms exceeded.
    Call log:
      - waiting for locator('input[name="email"], input[type="email"], #email')


       at ../pages/base.page.ts:58

      56 |    */
      57 |   async fillField(locator: Locator, value: string) {
    > 58 |     await locator.click();
         |                   ^
      59 |     await locator.clear();
      60 |     await locator.fill(value);
      61 |   }
        at LoginPage.fillField (/app/pages/base.page.ts:58:19)
        at LoginPage.login (/app/pages/login.page.ts:33:16)
        at LoginPage.quickLogin (/app/pages/login.page.ts:58:16)
        at Object.authenticatedPage (/app/fixtures/auth.fixture.ts:12:5)

    attachment #1: screenshot (image/png) ──────────────────────────────────────────────────────────
    ../test-results/invoices-invoice-calculati-7a221-s-for-different-field-types-firefox/test-failed-1.png
    ────────────────────────────────────────────────────────────────────────────────────────────────

    attachment #2: video (video/webm) ──────────────────────────────────────────────────────────────
    ../test-results/invoices-invoice-calculati-7a221-s-for-different-field-types-firefox/video.webm
    ────────────────────────────────────────────────────────────────────────────────────────────────

    Error Context: ../test-results/invoices-invoice-calculati-7a221-s-for-different-field-types-firefox/error-context.md

    Retry #1 ───────────────────────────────────────────────────────────────────────────────────────

    TimeoutError: locator.click: Timeout 15000ms exceeded.
    Call log:
      - waiting for locator('input[name="email"], input[type="email"], #email')


       at ../pages/base.page.ts:58

      56 |    */
      57 |   async fillField(locator: Locator, value: string) {
    > 58 |     await locator.click();
         |                   ^
      59 |     await locator.clear();
      60 |     await locator.fill(value);
      61 |   }
        at LoginPage.fillField (/app/pages/base.page.ts:58:19)
        at LoginPage.login (/app/pages/login.page.ts:33:16)
        at LoginPage.quickLogin (/app/pages/login.page.ts:58:16)
        at Object.authenticatedPage (/app/fixtures/auth.fixture.ts:12:5)

    attachment #1: screenshot (image/png) ──────────────────────────────────────────────────────────
    ../test-results/invoices-invoice-calculati-7a221-s-for-different-field-types-firefox-retry1/test-failed-1.png
    ────────────────────────────────────────────────────────────────────────────────────────────────

    attachment #2: video (video/webm) ──────────────────────────────────────────────────────────────
    ../test-results/invoices-invoice-calculati-7a221-s-for-different-field-types-firefox-retry1/video.webm
    ────────────────────────────────────────────────────────────────────────────────────────────────

    Error Context: ../test-results/invoices-invoice-calculati-7a221-s-for-different-field-types-firefox-retry1/error-context.md

    attachment #4: trace (application/zip) ─────────────────────────────────────────────────────────
    ../test-results/invoices-invoice-calculati-7a221-s-for-different-field-types-firefox-retry1/trace.zip
    Usage:

        npx playwright show-trace ../test-results/invoices-invoice-calculati-7a221-s-for-different-field-types-firefox-retry1/trace.zip

    ────────────────────────────────────────────────────────────────────────────────────────────────

    Retry #2 ───────────────────────────────────────────────────────────────────────────────────────

    TimeoutError: locator.click: Timeout 15000ms exceeded.
    Call log:
      - waiting for locator('input[name="email"], input[type="email"], #email')


       at ../pages/base.page.ts:58

      56 |    */
      57 |   async fillField(locator: Locator, value: string) {
    > 58 |     await locator.click();
         |                   ^
      59 |     await locator.clear();
      60 |     await locator.fill(value);
      61 |   }
        at LoginPage.fillField (/app/pages/base.page.ts:58:19)
        at LoginPage.login (/app/pages/login.page.ts:33:16)
        at LoginPage.quickLogin (/app/pages/login.page.ts:58:16)
        at Object.authenticatedPage (/app/fixtures/auth.fixture.ts:12:5)

    attachment #1: screenshot (image/png) ──────────────────────────────────────────────────────────
    ../test-results/invoices-invoice-calculati-7a221-s-for-different-field-types-firefox-retry2/test-failed-1.png
    ────────────────────────────────────────────────────────────────────────────────────────────────

    attachment #2: video (video/webm) ──────────────────────────────────────────────────────────────
    ../test-results/invoices-invoice-calculati-7a221-s-for-different-field-types-firefox-retry2/video.webm
    ────────────────────────────────────────────────────────────────────────────────────────────────

    Error Context: ../test-results/invoices-invoice-calculati-7a221-s-for-different-field-types-firefox-retry2/error-context.md
]]>
</failure>
<system-out>
<![CDATA[
[[ATTACHMENT|invoices-invoice-calculati-7a221-s-for-different-field-types-firefox/test-failed-1.png]]

[[ATTACHMENT|invoices-invoice-calculati-7a221-s-for-different-field-types-firefox/video.webm]]

[[ATTACHMENT|invoices-invoice-calculati-7a221-s-for-different-field-types-firefox/error-context.md]]

[[ATTACHMENT|invoices-invoice-calculati-7a221-s-for-different-field-types-firefox-retry1/test-failed-1.png]]

[[ATTACHMENT|invoices-invoice-calculati-7a221-s-for-different-field-types-firefox-retry1/video.webm]]

[[ATTACHMENT|invoices-invoice-calculati-7a221-s-for-different-field-types-firefox-retry1/error-context.md]]

[[ATTACHMENT|invoices-invoice-calculati-7a221-s-for-different-field-types-firefox-retry1/trace.zip]]

[[ATTACHMENT|invoices-invoice-calculati-7a221-s-for-different-field-types-firefox-retry2/test-failed-1.png]]

[[ATTACHMENT|invoices-invoice-calculati-7a221-s-for-different-field-types-firefox-retry2/video.webm]]

[[ATTACHMENT|invoices-invoice-calculati-7a221-s-for-different-field-types-firefox-retry2/error-context.md]]
]]>
</system-out>
</testcase>
<testcase name="Invoice Global Financial Calculations › Form validation for global financial fields" classname="invoices/invoice-calculations.spec.ts" time="48.904">
<failure message="invoice-calculations.spec.ts:194:7 Form validation for global financial fields" type="FAILURE">
<![CDATA[  [firefox] › invoices/invoice-calculations.spec.ts:194:7 › Invoice Global Financial Calculations › Form validation for global financial fields 

    TimeoutError: locator.click: Timeout 15000ms exceeded.
    Call log:
      - waiting for locator('input[name="email"], input[type="email"], #email')


       at ../pages/base.page.ts:58

      56 |    */
      57 |   async fillField(locator: Locator, value: string) {
    > 58 |     await locator.click();
         |                   ^
      59 |     await locator.clear();
      60 |     await locator.fill(value);
      61 |   }
        at LoginPage.fillField (/app/pages/base.page.ts:58:19)
        at LoginPage.login (/app/pages/login.page.ts:33:16)
        at LoginPage.quickLogin (/app/pages/login.page.ts:58:16)
        at Object.authenticatedPage (/app/fixtures/auth.fixture.ts:12:5)

    attachment #1: screenshot (image/png) ──────────────────────────────────────────────────────────
    ../test-results/invoices-invoice-calculati-84ffc-for-global-financial-fields-firefox/test-failed-1.png
    ────────────────────────────────────────────────────────────────────────────────────────────────

    attachment #2: video (video/webm) ──────────────────────────────────────────────────────────────
    ../test-results/invoices-invoice-calculati-84ffc-for-global-financial-fields-firefox/video.webm
    ────────────────────────────────────────────────────────────────────────────────────────────────

    Error Context: ../test-results/invoices-invoice-calculati-84ffc-for-global-financial-fields-firefox/error-context.md

    Retry #1 ───────────────────────────────────────────────────────────────────────────────────────

    TimeoutError: locator.click: Timeout 15000ms exceeded.
    Call log:
      - waiting for locator('input[name="email"], input[type="email"], #email')


       at ../pages/base.page.ts:58

      56 |    */
      57 |   async fillField(locator: Locator, value: string) {
    > 58 |     await locator.click();
         |                   ^
      59 |     await locator.clear();
      60 |     await locator.fill(value);
      61 |   }
        at LoginPage.fillField (/app/pages/base.page.ts:58:19)
        at LoginPage.login (/app/pages/login.page.ts:33:16)
        at LoginPage.quickLogin (/app/pages/login.page.ts:58:16)
        at Object.authenticatedPage (/app/fixtures/auth.fixture.ts:12:5)

    attachment #1: screenshot (image/png) ──────────────────────────────────────────────────────────
    ../test-results/invoices-invoice-calculati-84ffc-for-global-financial-fields-firefox-retry1/test-failed-1.png
    ────────────────────────────────────────────────────────────────────────────────────────────────

    attachment #2: video (video/webm) ──────────────────────────────────────────────────────────────
    ../test-results/invoices-invoice-calculati-84ffc-for-global-financial-fields-firefox-retry1/video.webm
    ────────────────────────────────────────────────────────────────────────────────────────────────

    Error Context: ../test-results/invoices-invoice-calculati-84ffc-for-global-financial-fields-firefox-retry1/error-context.md

    attachment #4: trace (application/zip) ─────────────────────────────────────────────────────────
    ../test-results/invoices-invoice-calculati-84ffc-for-global-financial-fields-firefox-retry1/trace.zip
    Usage:

        npx playwright show-trace ../test-results/invoices-invoice-calculati-84ffc-for-global-financial-fields-firefox-retry1/trace.zip

    ────────────────────────────────────────────────────────────────────────────────────────────────

    Retry #2 ───────────────────────────────────────────────────────────────────────────────────────

    TimeoutError: locator.click: Timeout 15000ms exceeded.
    Call log:
      - waiting for locator('input[name="email"], input[type="email"], #email')


       at ../pages/base.page.ts:58

      56 |    */
      57 |   async fillField(locator: Locator, value: string) {
    > 58 |     await locator.click();
         |                   ^
      59 |     await locator.clear();
      60 |     await locator.fill(value);
      61 |   }
        at LoginPage.fillField (/app/pages/base.page.ts:58:19)
        at LoginPage.login (/app/pages/login.page.ts:33:16)
        at LoginPage.quickLogin (/app/pages/login.page.ts:58:16)
        at Object.authenticatedPage (/app/fixtures/auth.fixture.ts:12:5)

    attachment #1: screenshot (image/png) ──────────────────────────────────────────────────────────
    ../test-results/invoices-invoice-calculati-84ffc-for-global-financial-fields-firefox-retry2/test-failed-1.png
    ────────────────────────────────────────────────────────────────────────────────────────────────

    attachment #2: video (video/webm) ──────────────────────────────────────────────────────────────
    ../test-results/invoices-invoice-calculati-84ffc-for-global-financial-fields-firefox-retry2/video.webm
    ────────────────────────────────────────────────────────────────────────────────────────────────

    Error Context: ../test-results/invoices-invoice-calculati-84ffc-for-global-financial-fields-firefox-retry2/error-context.md
]]>
</failure>
<system-out>
<![CDATA[
[[ATTACHMENT|invoices-invoice-calculati-84ffc-for-global-financial-fields-firefox/test-failed-1.png]]

[[ATTACHMENT|invoices-invoice-calculati-84ffc-for-global-financial-fields-firefox/video.webm]]

[[ATTACHMENT|invoices-invoice-calculati-84ffc-for-global-financial-fields-firefox/error-context.md]]

[[ATTACHMENT|invoices-invoice-calculati-84ffc-for-global-financial-fields-firefox-retry1/test-failed-1.png]]

[[ATTACHMENT|invoices-invoice-calculati-84ffc-for-global-financial-fields-firefox-retry1/video.webm]]

[[ATTACHMENT|invoices-invoice-calculati-84ffc-for-global-financial-fields-firefox-retry1/error-context.md]]

[[ATTACHMENT|invoices-invoice-calculati-84ffc-for-global-financial-fields-firefox-retry1/trace.zip]]

[[ATTACHMENT|invoices-invoice-calculati-84ffc-for-global-financial-fields-firefox-retry2/test-failed-1.png]]

[[ATTACHMENT|invoices-invoice-calculati-84ffc-for-global-financial-fields-firefox-retry2/video.webm]]

[[ATTACHMENT|invoices-invoice-calculati-84ffc-for-global-financial-fields-firefox-retry2/error-context.md]]
]]>
</system-out>
</testcase>
</testsuite>
<testsuite name="workflows/sla-tracking.spec.ts" timestamp="2025-09-25T07:53:49.510Z" hostname="firefox" tests="9" failures="9" skipped="0" time="443.374" errors="0">
<testcase name="SLA Tracking System › SLA indicators on invoices index page › displays correct SLA status indicators for different invoice states" classname="workflows/sla-tracking.spec.ts" time="49.454">
<failure message="sla-tracking.spec.ts:26:9 displays correct SLA status indicators for different invoice states" type="FAILURE">
<![CDATA[  [firefox] › workflows/sla-tracking.spec.ts:26:9 › SLA Tracking System › SLA indicators on invoices index page › displays correct SLA status indicators for different invoice states 

    TimeoutError: locator.click: Timeout 15000ms exceeded.
    Call log:
      - waiting for locator('input[name="email"], input[type="email"], #email')


       at ../pages/base.page.ts:58

      56 |    */
      57 |   async fillField(locator: Locator, value: string) {
    > 58 |     await locator.click();
         |                   ^
      59 |     await locator.clear();
      60 |     await locator.fill(value);
      61 |   }
        at LoginPage.fillField (/app/pages/base.page.ts:58:19)
        at LoginPage.login (/app/pages/login.page.ts:33:16)
        at LoginPage.quickLogin (/app/pages/login.page.ts:58:16)
        at Object.authenticatedPage (/app/fixtures/auth.fixture.ts:12:5)

    attachment #1: screenshot (image/png) ──────────────────────────────────────────────────────────
    ../test-results/workflows-sla-tracking-SLA-15e09-or-different-invoice-states-firefox/test-failed-1.png
    ────────────────────────────────────────────────────────────────────────────────────────────────

    attachment #2: video (video/webm) ──────────────────────────────────────────────────────────────
    ../test-results/workflows-sla-tracking-SLA-15e09-or-different-invoice-states-firefox/video.webm
    ────────────────────────────────────────────────────────────────────────────────────────────────

    Error Context: ../test-results/workflows-sla-tracking-SLA-15e09-or-different-invoice-states-firefox/error-context.md

    Retry #1 ───────────────────────────────────────────────────────────────────────────────────────

    TimeoutError: locator.click: Timeout 15000ms exceeded.
    Call log:
      - waiting for locator('input[name="email"], input[type="email"], #email')


       at ../pages/base.page.ts:58

      56 |    */
      57 |   async fillField(locator: Locator, value: string) {
    > 58 |     await locator.click();
         |                   ^
      59 |     await locator.clear();
      60 |     await locator.fill(value);
      61 |   }
        at LoginPage.fillField (/app/pages/base.page.ts:58:19)
        at LoginPage.login (/app/pages/login.page.ts:33:16)
        at LoginPage.quickLogin (/app/pages/login.page.ts:58:16)
        at Object.authenticatedPage (/app/fixtures/auth.fixture.ts:12:5)

    attachment #1: screenshot (image/png) ──────────────────────────────────────────────────────────
    ../test-results/workflows-sla-tracking-SLA-15e09-or-different-invoice-states-firefox-retry1/test-failed-1.png
    ────────────────────────────────────────────────────────────────────────────────────────────────

    attachment #2: video (video/webm) ──────────────────────────────────────────────────────────────
    ../test-results/workflows-sla-tracking-SLA-15e09-or-different-invoice-states-firefox-retry1/video.webm
    ────────────────────────────────────────────────────────────────────────────────────────────────

    Error Context: ../test-results/workflows-sla-tracking-SLA-15e09-or-different-invoice-states-firefox-retry1/error-context.md

    attachment #4: trace (application/zip) ─────────────────────────────────────────────────────────
    ../test-results/workflows-sla-tracking-SLA-15e09-or-different-invoice-states-firefox-retry1/trace.zip
    Usage:

        npx playwright show-trace ../test-results/workflows-sla-tracking-SLA-15e09-or-different-invoice-states-firefox-retry1/trace.zip

    ────────────────────────────────────────────────────────────────────────────────────────────────

    Retry #2 ───────────────────────────────────────────────────────────────────────────────────────

    TimeoutError: locator.click: Timeout 15000ms exceeded.
    Call log:
      - waiting for locator('input[name="email"], input[type="email"], #email')


       at ../pages/base.page.ts:58

      56 |    */
      57 |   async fillField(locator: Locator, value: string) {
    > 58 |     await locator.click();
         |                   ^
      59 |     await locator.clear();
      60 |     await locator.fill(value);
      61 |   }
        at LoginPage.fillField (/app/pages/base.page.ts:58:19)
        at LoginPage.login (/app/pages/login.page.ts:33:16)
        at LoginPage.quickLogin (/app/pages/login.page.ts:58:16)
        at Object.authenticatedPage (/app/fixtures/auth.fixture.ts:12:5)

    attachment #1: screenshot (image/png) ──────────────────────────────────────────────────────────
    ../test-results/workflows-sla-tracking-SLA-15e09-or-different-invoice-states-firefox-retry2/test-failed-1.png
    ────────────────────────────────────────────────────────────────────────────────────────────────

    attachment #2: video (video/webm) ──────────────────────────────────────────────────────────────
    ../test-results/workflows-sla-tracking-SLA-15e09-or-different-invoice-states-firefox-retry2/video.webm
    ────────────────────────────────────────────────────────────────────────────────────────────────

    Error Context: ../test-results/workflows-sla-tracking-SLA-15e09-or-different-invoice-states-firefox-retry2/error-context.md
]]>
</failure>
<system-out>
<![CDATA[
[[ATTACHMENT|workflows-sla-tracking-SLA-15e09-or-different-invoice-states-firefox/test-failed-1.png]]

[[ATTACHMENT|workflows-sla-tracking-SLA-15e09-or-different-invoice-states-firefox/video.webm]]

[[ATTACHMENT|workflows-sla-tracking-SLA-15e09-or-different-invoice-states-firefox/error-context.md]]

[[ATTACHMENT|workflows-sla-tracking-SLA-15e09-or-different-invoice-states-firefox-retry1/test-failed-1.png]]

[[ATTACHMENT|workflows-sla-tracking-SLA-15e09-or-different-invoice-states-firefox-retry1/video.webm]]

[[ATTACHMENT|workflows-sla-tracking-SLA-15e09-or-different-invoice-states-firefox-retry1/error-context.md]]

[[ATTACHMENT|workflows-sla-tracking-SLA-15e09-or-different-invoice-states-firefox-retry1/trace.zip]]

[[ATTACHMENT|workflows-sla-tracking-SLA-15e09-or-different-invoice-states-firefox-retry2/test-failed-1.png]]

[[ATTACHMENT|workflows-sla-tracking-SLA-15e09-or-different-invoice-states-firefox-retry2/video.webm]]

[[ATTACHMENT|workflows-sla-tracking-SLA-15e09-or-different-invoice-states-firefox-retry2/error-context.md]]
]]>
</system-out>
</testcase>
<testcase name="SLA Tracking System › SLA indicators on invoices index page › displays warning indicator for approaching deadlines" classname="workflows/sla-tracking.spec.ts" time="49.031">
<failure message="sla-tracking.spec.ts:45:9 displays warning indicator for approaching deadlines" type="FAILURE">
<![CDATA[  [firefox] › workflows/sla-tracking.spec.ts:45:9 › SLA Tracking System › SLA indicators on invoices index page › displays warning indicator for approaching deadlines 

    TimeoutError: locator.click: Timeout 15000ms exceeded.
    Call log:
      - waiting for locator('input[name="email"], input[type="email"], #email')


       at ../pages/base.page.ts:58

      56 |    */
      57 |   async fillField(locator: Locator, value: string) {
    > 58 |     await locator.click();
         |                   ^
      59 |     await locator.clear();
      60 |     await locator.fill(value);
      61 |   }
        at LoginPage.fillField (/app/pages/base.page.ts:58:19)
        at LoginPage.login (/app/pages/login.page.ts:33:16)
        at LoginPage.quickLogin (/app/pages/login.page.ts:58:16)
        at Object.authenticatedPage (/app/fixtures/auth.fixture.ts:12:5)

    attachment #1: screenshot (image/png) ──────────────────────────────────────────────────────────
    ../test-results/workflows-sla-tracking-SLA-87986-r-for-approaching-deadlines-firefox/test-failed-1.png
    ────────────────────────────────────────────────────────────────────────────────────────────────

    attachment #2: video (video/webm) ──────────────────────────────────────────────────────────────
    ../test-results/workflows-sla-tracking-SLA-87986-r-for-approaching-deadlines-firefox/video.webm
    ────────────────────────────────────────────────────────────────────────────────────────────────

    Error Context: ../test-results/workflows-sla-tracking-SLA-87986-r-for-approaching-deadlines-firefox/error-context.md

    Retry #1 ───────────────────────────────────────────────────────────────────────────────────────

    TimeoutError: locator.click: Timeout 15000ms exceeded.
    Call log:
      - waiting for locator('input[name="email"], input[type="email"], #email')


       at ../pages/base.page.ts:58

      56 |    */
      57 |   async fillField(locator: Locator, value: string) {
    > 58 |     await locator.click();
         |                   ^
      59 |     await locator.clear();
      60 |     await locator.fill(value);
      61 |   }
        at LoginPage.fillField (/app/pages/base.page.ts:58:19)
        at LoginPage.login (/app/pages/login.page.ts:33:16)
        at LoginPage.quickLogin (/app/pages/login.page.ts:58:16)
        at Object.authenticatedPage (/app/fixtures/auth.fixture.ts:12:5)

    attachment #1: screenshot (image/png) ──────────────────────────────────────────────────────────
    ../test-results/workflows-sla-tracking-SLA-87986-r-for-approaching-deadlines-firefox-retry1/test-failed-1.png
    ────────────────────────────────────────────────────────────────────────────────────────────────

    attachment #2: video (video/webm) ──────────────────────────────────────────────────────────────
    ../test-results/workflows-sla-tracking-SLA-87986-r-for-approaching-deadlines-firefox-retry1/video.webm
    ────────────────────────────────────────────────────────────────────────────────────────────────

    Error Context: ../test-results/workflows-sla-tracking-SLA-87986-r-for-approaching-deadlines-firefox-retry1/error-context.md

    attachment #4: trace (application/zip) ─────────────────────────────────────────────────────────
    ../test-results/workflows-sla-tracking-SLA-87986-r-for-approaching-deadlines-firefox-retry1/trace.zip
    Usage:

        npx playwright show-trace ../test-results/workflows-sla-tracking-SLA-87986-r-for-approaching-deadlines-firefox-retry1/trace.zip

    ────────────────────────────────────────────────────────────────────────────────────────────────

    Retry #2 ───────────────────────────────────────────────────────────────────────────────────────

    TimeoutError: locator.click: Timeout 15000ms exceeded.
    Call log:
      - waiting for locator('input[name="email"], input[type="email"], #email')


       at ../pages/base.page.ts:58

      56 |    */
      57 |   async fillField(locator: Locator, value: string) {
    > 58 |     await locator.click();
         |                   ^
      59 |     await locator.clear();
      60 |     await locator.fill(value);
      61 |   }
        at LoginPage.fillField (/app/pages/base.page.ts:58:19)
        at LoginPage.login (/app/pages/login.page.ts:33:16)
        at LoginPage.quickLogin (/app/pages/login.page.ts:58:16)
        at Object.authenticatedPage (/app/fixtures/auth.fixture.ts:12:5)

    attachment #1: screenshot (image/png) ──────────────────────────────────────────────────────────
    ../test-results/workflows-sla-tracking-SLA-87986-r-for-approaching-deadlines-firefox-retry2/test-failed-1.png
    ────────────────────────────────────────────────────────────────────────────────────────────────

    attachment #2: video (video/webm) ──────────────────────────────────────────────────────────────
    ../test-results/workflows-sla-tracking-SLA-87986-r-for-approaching-deadlines-firefox-retry2/video.webm
    ────────────────────────────────────────────────────────────────────────────────────────────────

    Error Context: ../test-results/workflows-sla-tracking-SLA-87986-r-for-approaching-deadlines-firefox-retry2/error-context.md
]]>
</failure>
<system-out>
<![CDATA[
[[ATTACHMENT|workflows-sla-tracking-SLA-87986-r-for-approaching-deadlines-firefox/test-failed-1.png]]

[[ATTACHMENT|workflows-sla-tracking-SLA-87986-r-for-approaching-deadlines-firefox/video.webm]]

[[ATTACHMENT|workflows-sla-tracking-SLA-87986-r-for-approaching-deadlines-firefox/error-context.md]]

[[ATTACHMENT|workflows-sla-tracking-SLA-87986-r-for-approaching-deadlines-firefox-retry1/test-failed-1.png]]

[[ATTACHMENT|workflows-sla-tracking-SLA-87986-r-for-approaching-deadlines-firefox-retry1/video.webm]]

[[ATTACHMENT|workflows-sla-tracking-SLA-87986-r-for-approaching-deadlines-firefox-retry1/error-context.md]]

[[ATTACHMENT|workflows-sla-tracking-SLA-87986-r-for-approaching-deadlines-firefox-retry1/trace.zip]]

[[ATTACHMENT|workflows-sla-tracking-SLA-87986-r-for-approaching-deadlines-firefox-retry2/test-failed-1.png]]

[[ATTACHMENT|workflows-sla-tracking-SLA-87986-r-for-approaching-deadlines-firefox-retry2/video.webm]]

[[ATTACHMENT|workflows-sla-tracking-SLA-87986-r-for-approaching-deadlines-firefox-retry2/error-context.md]]
]]>
</system-out>
</testcase>
<testcase name="SLA Tracking System › SLA indicators on invoices index page › applies correct styling based on time remaining" classname="workflows/sla-tracking.spec.ts" time="49.977">
<failure message="sla-tracking.spec.ts:54:9 applies correct styling based on time remaining" type="FAILURE">
<![CDATA[  [firefox] › workflows/sla-tracking.spec.ts:54:9 › SLA Tracking System › SLA indicators on invoices index page › applies correct styling based on time remaining 

    TimeoutError: locator.click: Timeout 15000ms exceeded.
    Call log:
      - waiting for locator('input[name="email"], input[type="email"], #email')


       at ../pages/base.page.ts:58

      56 |    */
      57 |   async fillField(locator: Locator, value: string) {
    > 58 |     await locator.click();
         |                   ^
      59 |     await locator.clear();
      60 |     await locator.fill(value);
      61 |   }
        at LoginPage.fillField (/app/pages/base.page.ts:58:19)
        at LoginPage.login (/app/pages/login.page.ts:33:16)
        at LoginPage.quickLogin (/app/pages/login.page.ts:58:16)
        at Object.authenticatedPage (/app/fixtures/auth.fixture.ts:12:5)

    attachment #1: screenshot (image/png) ──────────────────────────────────────────────────────────
    ../test-results/workflows-sla-tracking-SLA-d49e4-ing-based-on-time-remaining-firefox/test-failed-1.png
    ────────────────────────────────────────────────────────────────────────────────────────────────

    attachment #2: video (video/webm) ──────────────────────────────────────────────────────────────
    ../test-results/workflows-sla-tracking-SLA-d49e4-ing-based-on-time-remaining-firefox/video.webm
    ────────────────────────────────────────────────────────────────────────────────────────────────

    Error Context: ../test-results/workflows-sla-tracking-SLA-d49e4-ing-based-on-time-remaining-firefox/error-context.md

    Retry #1 ───────────────────────────────────────────────────────────────────────────────────────

    TimeoutError: locator.click: Timeout 15000ms exceeded.
    Call log:
      - waiting for locator('input[name="email"], input[type="email"], #email')


       at ../pages/base.page.ts:58

      56 |    */
      57 |   async fillField(locator: Locator, value: string) {
    > 58 |     await locator.click();
         |                   ^
      59 |     await locator.clear();
      60 |     await locator.fill(value);
      61 |   }
        at LoginPage.fillField (/app/pages/base.page.ts:58:19)
        at LoginPage.login (/app/pages/login.page.ts:33:16)
        at LoginPage.quickLogin (/app/pages/login.page.ts:58:16)
        at Object.authenticatedPage (/app/fixtures/auth.fixture.ts:12:5)

    attachment #1: screenshot (image/png) ──────────────────────────────────────────────────────────
    ../test-results/workflows-sla-tracking-SLA-d49e4-ing-based-on-time-remaining-firefox-retry1/test-failed-1.png
    ────────────────────────────────────────────────────────────────────────────────────────────────

    attachment #2: video (video/webm) ──────────────────────────────────────────────────────────────
    ../test-results/workflows-sla-tracking-SLA-d49e4-ing-based-on-time-remaining-firefox-retry1/video.webm
    ────────────────────────────────────────────────────────────────────────────────────────────────

    Error Context: ../test-results/workflows-sla-tracking-SLA-d49e4-ing-based-on-time-remaining-firefox-retry1/error-context.md

    attachment #4: trace (application/zip) ─────────────────────────────────────────────────────────
    ../test-results/workflows-sla-tracking-SLA-d49e4-ing-based-on-time-remaining-firefox-retry1/trace.zip
    Usage:

        npx playwright show-trace ../test-results/workflows-sla-tracking-SLA-d49e4-ing-based-on-time-remaining-firefox-retry1/trace.zip

    ────────────────────────────────────────────────────────────────────────────────────────────────

    Retry #2 ───────────────────────────────────────────────────────────────────────────────────────

    TimeoutError: locator.click: Timeout 15000ms exceeded.
    Call log:
      - waiting for locator('input[name="email"], input[type="email"], #email')


       at ../pages/base.page.ts:58

      56 |    */
      57 |   async fillField(locator: Locator, value: string) {
    > 58 |     await locator.click();
         |                   ^
      59 |     await locator.clear();
      60 |     await locator.fill(value);
      61 |   }
        at LoginPage.fillField (/app/pages/base.page.ts:58:19)
        at LoginPage.login (/app/pages/login.page.ts:33:16)
        at LoginPage.quickLogin (/app/pages/login.page.ts:58:16)
        at Object.authenticatedPage (/app/fixtures/auth.fixture.ts:12:5)

    attachment #1: screenshot (image/png) ──────────────────────────────────────────────────────────
    ../test-results/workflows-sla-tracking-SLA-d49e4-ing-based-on-time-remaining-firefox-retry2/test-failed-1.png
    ────────────────────────────────────────────────────────────────────────────────────────────────

    attachment #2: video (video/webm) ──────────────────────────────────────────────────────────────
    ../test-results/workflows-sla-tracking-SLA-d49e4-ing-based-on-time-remaining-firefox-retry2/video.webm
    ────────────────────────────────────────────────────────────────────────────────────────────────

    Error Context: ../test-results/workflows-sla-tracking-SLA-d49e4-ing-based-on-time-remaining-firefox-retry2/error-context.md
]]>
</failure>
<system-out>
<![CDATA[
[[ATTACHMENT|workflows-sla-tracking-SLA-d49e4-ing-based-on-time-remaining-firefox/test-failed-1.png]]

[[ATTACHMENT|workflows-sla-tracking-SLA-d49e4-ing-based-on-time-remaining-firefox/video.webm]]

[[ATTACHMENT|workflows-sla-tracking-SLA-d49e4-ing-based-on-time-remaining-firefox/error-context.md]]

[[ATTACHMENT|workflows-sla-tracking-SLA-d49e4-ing-based-on-time-remaining-firefox-retry1/test-failed-1.png]]

[[ATTACHMENT|workflows-sla-tracking-SLA-d49e4-ing-based-on-time-remaining-firefox-retry1/video.webm]]

[[ATTACHMENT|workflows-sla-tracking-SLA-d49e4-ing-based-on-time-remaining-firefox-retry1/error-context.md]]

[[ATTACHMENT|workflows-sla-tracking-SLA-d49e4-ing-based-on-time-remaining-firefox-retry1/trace.zip]]

[[ATTACHMENT|workflows-sla-tracking-SLA-d49e4-ing-based-on-time-remaining-firefox-retry2/test-failed-1.png]]

[[ATTACHMENT|workflows-sla-tracking-SLA-d49e4-ing-based-on-time-remaining-firefox-retry2/video.webm]]

[[ATTACHMENT|workflows-sla-tracking-SLA-d49e4-ing-based-on-time-remaining-firefox-retry2/error-context.md]]
]]>
</system-out>
</testcase>
<testcase name="SLA Tracking System › detailed SLA information on workflow page › displays comprehensive SLA details for active invoices" classname="workflows/sla-tracking.spec.ts" time="49.208">
<failure message="sla-tracking.spec.ts:71:9 displays comprehensive SLA details for active invoices" type="FAILURE">
<![CDATA[  [firefox] › workflows/sla-tracking.spec.ts:71:9 › SLA Tracking System › detailed SLA information on workflow page › displays comprehensive SLA details for active invoices 

    TimeoutError: locator.click: Timeout 15000ms exceeded.
    Call log:
      - waiting for locator('input[name="email"], input[type="email"], #email')


       at ../pages/base.page.ts:58

      56 |    */
      57 |   async fillField(locator: Locator, value: string) {
    > 58 |     await locator.click();
         |                   ^
      59 |     await locator.clear();
      60 |     await locator.fill(value);
      61 |   }
        at LoginPage.fillField (/app/pages/base.page.ts:58:19)
        at LoginPage.login (/app/pages/login.page.ts:33:16)
        at LoginPage.quickLogin (/app/pages/login.page.ts:58:16)
        at Object.authenticatedPage (/app/fixtures/auth.fixture.ts:12:5)

    attachment #1: screenshot (image/png) ──────────────────────────────────────────────────────────
    ../test-results/workflows-sla-tracking-SLA-eca3f-details-for-active-invoices-firefox/test-failed-1.png
    ────────────────────────────────────────────────────────────────────────────────────────────────

    attachment #2: video (video/webm) ──────────────────────────────────────────────────────────────
    ../test-results/workflows-sla-tracking-SLA-eca3f-details-for-active-invoices-firefox/video.webm
    ────────────────────────────────────────────────────────────────────────────────────────────────

    Error Context: ../test-results/workflows-sla-tracking-SLA-eca3f-details-for-active-invoices-firefox/error-context.md

    Retry #1 ───────────────────────────────────────────────────────────────────────────────────────

    TimeoutError: locator.click: Timeout 15000ms exceeded.
    Call log:
      - waiting for locator('input[name="email"], input[type="email"], #email')


       at ../pages/base.page.ts:58

      56 |    */
      57 |   async fillField(locator: Locator, value: string) {
    > 58 |     await locator.click();
         |                   ^
      59 |     await locator.clear();
      60 |     await locator.fill(value);
      61 |   }
        at LoginPage.fillField (/app/pages/base.page.ts:58:19)
        at LoginPage.login (/app/pages/login.page.ts:33:16)
        at LoginPage.quickLogin (/app/pages/login.page.ts:58:16)
        at Object.authenticatedPage (/app/fixtures/auth.fixture.ts:12:5)

    attachment #1: screenshot (image/png) ──────────────────────────────────────────────────────────
    ../test-results/workflows-sla-tracking-SLA-eca3f-details-for-active-invoices-firefox-retry1/test-failed-1.png
    ────────────────────────────────────────────────────────────────────────────────────────────────

    attachment #2: video (video/webm) ──────────────────────────────────────────────────────────────
    ../test-results/workflows-sla-tracking-SLA-eca3f-details-for-active-invoices-firefox-retry1/video.webm
    ────────────────────────────────────────────────────────────────────────────────────────────────

    Error Context: ../test-results/workflows-sla-tracking-SLA-eca3f-details-for-active-invoices-firefox-retry1/error-context.md

    attachment #4: trace (application/zip) ─────────────────────────────────────────────────────────
    ../test-results/workflows-sla-tracking-SLA-eca3f-details-for-active-invoices-firefox-retry1/trace.zip
    Usage:

        npx playwright show-trace ../test-results/workflows-sla-tracking-SLA-eca3f-details-for-active-invoices-firefox-retry1/trace.zip

    ────────────────────────────────────────────────────────────────────────────────────────────────

    Retry #2 ───────────────────────────────────────────────────────────────────────────────────────

    TimeoutError: locator.click: Timeout 15000ms exceeded.
    Call log:
      - waiting for locator('input[name="email"], input[type="email"], #email')


       at ../pages/base.page.ts:58

      56 |    */
      57 |   async fillField(locator: Locator, value: string) {
    > 58 |     await locator.click();
         |                   ^
      59 |     await locator.clear();
      60 |     await locator.fill(value);
      61 |   }
        at LoginPage.fillField (/app/pages/base.page.ts:58:19)
        at LoginPage.login (/app/pages/login.page.ts:33:16)
        at LoginPage.quickLogin (/app/pages/login.page.ts:58:16)
        at Object.authenticatedPage (/app/fixtures/auth.fixture.ts:12:5)

    attachment #1: screenshot (image/png) ──────────────────────────────────────────────────────────
    ../test-results/workflows-sla-tracking-SLA-eca3f-details-for-active-invoices-firefox-retry2/test-failed-1.png
    ────────────────────────────────────────────────────────────────────────────────────────────────

    attachment #2: video (video/webm) ──────────────────────────────────────────────────────────────
    ../test-results/workflows-sla-tracking-SLA-eca3f-details-for-active-invoices-firefox-retry2/video.webm
    ────────────────────────────────────────────────────────────────────────────────────────────────

    Error Context: ../test-results/workflows-sla-tracking-SLA-eca3f-details-for-active-invoices-firefox-retry2/error-context.md
]]>
</failure>
<system-out>
<![CDATA[
[[ATTACHMENT|workflows-sla-tracking-SLA-eca3f-details-for-active-invoices-firefox/test-failed-1.png]]

[[ATTACHMENT|workflows-sla-tracking-SLA-eca3f-details-for-active-invoices-firefox/video.webm]]

[[ATTACHMENT|workflows-sla-tracking-SLA-eca3f-details-for-active-invoices-firefox/error-context.md]]

[[ATTACHMENT|workflows-sla-tracking-SLA-eca3f-details-for-active-invoices-firefox-retry1/test-failed-1.png]]

[[ATTACHMENT|workflows-sla-tracking-SLA-eca3f-details-for-active-invoices-firefox-retry1/video.webm]]

[[ATTACHMENT|workflows-sla-tracking-SLA-eca3f-details-for-active-invoices-firefox-retry1/error-context.md]]

[[ATTACHMENT|workflows-sla-tracking-SLA-eca3f-details-for-active-invoices-firefox-retry1/trace.zip]]

[[ATTACHMENT|workflows-sla-tracking-SLA-eca3f-details-for-active-invoices-firefox-retry2/test-failed-1.png]]

[[ATTACHMENT|workflows-sla-tracking-SLA-eca3f-details-for-active-invoices-firefox-retry2/video.webm]]

[[ATTACHMENT|workflows-sla-tracking-SLA-eca3f-details-for-active-invoices-firefox-retry2/error-context.md]]
]]>
</system-out>
</testcase>
<testcase name="SLA Tracking System › detailed SLA information on workflow page › displays overdue SLA details with correct styling" classname="workflows/sla-tracking.spec.ts" time="48.917">
<failure message="sla-tracking.spec.ts:90:9 displays overdue SLA details with correct styling" type="FAILURE">
<![CDATA[  [firefox] › workflows/sla-tracking.spec.ts:90:9 › SLA Tracking System › detailed SLA information on workflow page › displays overdue SLA details with correct styling 

    TimeoutError: locator.click: Timeout 15000ms exceeded.
    Call log:
      - waiting for locator('input[name="email"], input[type="email"], #email')


       at ../pages/base.page.ts:58

      56 |    */
      57 |   async fillField(locator: Locator, value: string) {
    > 58 |     await locator.click();
         |                   ^
      59 |     await locator.clear();
      60 |     await locator.fill(value);
      61 |   }
        at LoginPage.fillField (/app/pages/base.page.ts:58:19)
        at LoginPage.login (/app/pages/login.page.ts:33:16)
        at LoginPage.quickLogin (/app/pages/login.page.ts:58:16)
        at Object.authenticatedPage (/app/fixtures/auth.fixture.ts:12:5)

    attachment #1: screenshot (image/png) ──────────────────────────────────────────────────────────
    ../test-results/workflows-sla-tracking-SLA-e086f-etails-with-correct-styling-firefox/test-failed-1.png
    ────────────────────────────────────────────────────────────────────────────────────────────────

    attachment #2: video (video/webm) ──────────────────────────────────────────────────────────────
    ../test-results/workflows-sla-tracking-SLA-e086f-etails-with-correct-styling-firefox/video.webm
    ────────────────────────────────────────────────────────────────────────────────────────────────

    Error Context: ../test-results/workflows-sla-tracking-SLA-e086f-etails-with-correct-styling-firefox/error-context.md

    Retry #1 ───────────────────────────────────────────────────────────────────────────────────────

    TimeoutError: locator.click: Timeout 15000ms exceeded.
    Call log:
      - waiting for locator('input[name="email"], input[type="email"], #email')


       at ../pages/base.page.ts:58

      56 |    */
      57 |   async fillField(locator: Locator, value: string) {
    > 58 |     await locator.click();
         |                   ^
      59 |     await locator.clear();
      60 |     await locator.fill(value);
      61 |   }
        at LoginPage.fillField (/app/pages/base.page.ts:58:19)
        at LoginPage.login (/app/pages/login.page.ts:33:16)
        at LoginPage.quickLogin (/app/pages/login.page.ts:58:16)
        at Object.authenticatedPage (/app/fixtures/auth.fixture.ts:12:5)

    attachment #1: screenshot (image/png) ──────────────────────────────────────────────────────────
    ../test-results/workflows-sla-tracking-SLA-e086f-etails-with-correct-styling-firefox-retry1/test-failed-1.png
    ────────────────────────────────────────────────────────────────────────────────────────────────

    attachment #2: video (video/webm) ──────────────────────────────────────────────────────────────
    ../test-results/workflows-sla-tracking-SLA-e086f-etails-with-correct-styling-firefox-retry1/video.webm
    ────────────────────────────────────────────────────────────────────────────────────────────────

    Error Context: ../test-results/workflows-sla-tracking-SLA-e086f-etails-with-correct-styling-firefox-retry1/error-context.md

    attachment #4: trace (application/zip) ─────────────────────────────────────────────────────────
    ../test-results/workflows-sla-tracking-SLA-e086f-etails-with-correct-styling-firefox-retry1/trace.zip
    Usage:

        npx playwright show-trace ../test-results/workflows-sla-tracking-SLA-e086f-etails-with-correct-styling-firefox-retry1/trace.zip

    ────────────────────────────────────────────────────────────────────────────────────────────────

    Retry #2 ───────────────────────────────────────────────────────────────────────────────────────

    TimeoutError: locator.click: Timeout 15000ms exceeded.
    Call log:
      - waiting for locator('input[name="email"], input[type="email"], #email')


       at ../pages/base.page.ts:58

      56 |    */
      57 |   async fillField(locator: Locator, value: string) {
    > 58 |     await locator.click();
         |                   ^
      59 |     await locator.clear();
      60 |     await locator.fill(value);
      61 |   }
        at LoginPage.fillField (/app/pages/base.page.ts:58:19)
        at LoginPage.login (/app/pages/login.page.ts:33:16)
        at LoginPage.quickLogin (/app/pages/login.page.ts:58:16)
        at Object.authenticatedPage (/app/fixtures/auth.fixture.ts:12:5)

    attachment #1: screenshot (image/png) ──────────────────────────────────────────────────────────
    ../test-results/workflows-sla-tracking-SLA-e086f-etails-with-correct-styling-firefox-retry2/test-failed-1.png
    ────────────────────────────────────────────────────────────────────────────────────────────────

    attachment #2: video (video/webm) ──────────────────────────────────────────────────────────────
    ../test-results/workflows-sla-tracking-SLA-e086f-etails-with-correct-styling-firefox-retry2/video.webm
    ────────────────────────────────────────────────────────────────────────────────────────────────

    Error Context: ../test-results/workflows-sla-tracking-SLA-e086f-etails-with-correct-styling-firefox-retry2/error-context.md
]]>
</failure>
<system-out>
<![CDATA[
[[ATTACHMENT|workflows-sla-tracking-SLA-e086f-etails-with-correct-styling-firefox/test-failed-1.png]]

[[ATTACHMENT|workflows-sla-tracking-SLA-e086f-etails-with-correct-styling-firefox/video.webm]]

[[ATTACHMENT|workflows-sla-tracking-SLA-e086f-etails-with-correct-styling-firefox/error-context.md]]

[[ATTACHMENT|workflows-sla-tracking-SLA-e086f-etails-with-correct-styling-firefox-retry1/test-failed-1.png]]

[[ATTACHMENT|workflows-sla-tracking-SLA-e086f-etails-with-correct-styling-firefox-retry1/video.webm]]

[[ATTACHMENT|workflows-sla-tracking-SLA-e086f-etails-with-correct-styling-firefox-retry1/error-context.md]]

[[ATTACHMENT|workflows-sla-tracking-SLA-e086f-etails-with-correct-styling-firefox-retry1/trace.zip]]

[[ATTACHMENT|workflows-sla-tracking-SLA-e086f-etails-with-correct-styling-firefox-retry2/test-failed-1.png]]

[[ATTACHMENT|workflows-sla-tracking-SLA-e086f-etails-with-correct-styling-firefox-retry2/video.webm]]

[[ATTACHMENT|workflows-sla-tracking-SLA-e086f-etails-with-correct-styling-firefox-retry2/error-context.md]]
]]>
</system-out>
</testcase>
<testcase name="SLA Tracking System › detailed SLA information on workflow page › handles invoices without SLA deadline" classname="workflows/sla-tracking.spec.ts" time="48.918">
<failure message="sla-tracking.spec.ts:104:9 handles invoices without SLA deadline" type="FAILURE">
<![CDATA[  [firefox] › workflows/sla-tracking.spec.ts:104:9 › SLA Tracking System › detailed SLA information on workflow page › handles invoices without SLA deadline 

    TimeoutError: locator.click: Timeout 15000ms exceeded.
    Call log:
      - waiting for locator('input[name="email"], input[type="email"], #email')


       at ../pages/base.page.ts:58

      56 |    */
      57 |   async fillField(locator: Locator, value: string) {
    > 58 |     await locator.click();
         |                   ^
      59 |     await locator.clear();
      60 |     await locator.fill(value);
      61 |   }
        at LoginPage.fillField (/app/pages/base.page.ts:58:19)
        at LoginPage.login (/app/pages/login.page.ts:33:16)
        at LoginPage.quickLogin (/app/pages/login.page.ts:58:16)
        at Object.authenticatedPage (/app/fixtures/auth.fixture.ts:12:5)

    attachment #1: screenshot (image/png) ──────────────────────────────────────────────────────────
    ../test-results/workflows-sla-tracking-SLA-c39d2-voices-without-SLA-deadline-firefox/test-failed-1.png
    ────────────────────────────────────────────────────────────────────────────────────────────────

    attachment #2: video (video/webm) ──────────────────────────────────────────────────────────────
    ../test-results/workflows-sla-tracking-SLA-c39d2-voices-without-SLA-deadline-firefox/video.webm
    ────────────────────────────────────────────────────────────────────────────────────────────────

    Error Context: ../test-results/workflows-sla-tracking-SLA-c39d2-voices-without-SLA-deadline-firefox/error-context.md

    Retry #1 ───────────────────────────────────────────────────────────────────────────────────────

    TimeoutError: locator.click: Timeout 15000ms exceeded.
    Call log:
      - waiting for locator('input[name="email"], input[type="email"], #email')


       at ../pages/base.page.ts:58

      56 |    */
      57 |   async fillField(locator: Locator, value: string) {
    > 58 |     await locator.click();
         |                   ^
      59 |     await locator.clear();
      60 |     await locator.fill(value);
      61 |   }
        at LoginPage.fillField (/app/pages/base.page.ts:58:19)
        at LoginPage.login (/app/pages/login.page.ts:33:16)
        at LoginPage.quickLogin (/app/pages/login.page.ts:58:16)
        at Object.authenticatedPage (/app/fixtures/auth.fixture.ts:12:5)

    attachment #1: screenshot (image/png) ──────────────────────────────────────────────────────────
    ../test-results/workflows-sla-tracking-SLA-c39d2-voices-without-SLA-deadline-firefox-retry1/test-failed-1.png
    ────────────────────────────────────────────────────────────────────────────────────────────────

    attachment #2: video (video/webm) ──────────────────────────────────────────────────────────────
    ../test-results/workflows-sla-tracking-SLA-c39d2-voices-without-SLA-deadline-firefox-retry1/video.webm
    ────────────────────────────────────────────────────────────────────────────────────────────────

    Error Context: ../test-results/workflows-sla-tracking-SLA-c39d2-voices-without-SLA-deadline-firefox-retry1/error-context.md

    attachment #4: trace (application/zip) ─────────────────────────────────────────────────────────
    ../test-results/workflows-sla-tracking-SLA-c39d2-voices-without-SLA-deadline-firefox-retry1/trace.zip
    Usage:

        npx playwright show-trace ../test-results/workflows-sla-tracking-SLA-c39d2-voices-without-SLA-deadline-firefox-retry1/trace.zip

    ────────────────────────────────────────────────────────────────────────────────────────────────

    Retry #2 ───────────────────────────────────────────────────────────────────────────────────────

    TimeoutError: locator.click: Timeout 15000ms exceeded.
    Call log:
      - waiting for locator('input[name="email"], input[type="email"], #email')


       at ../pages/base.page.ts:58

      56 |    */
      57 |   async fillField(locator: Locator, value: string) {
    > 58 |     await locator.click();
         |                   ^
      59 |     await locator.clear();
      60 |     await locator.fill(value);
      61 |   }
        at LoginPage.fillField (/app/pages/base.page.ts:58:19)
        at LoginPage.login (/app/pages/login.page.ts:33:16)
        at LoginPage.quickLogin (/app/pages/login.page.ts:58:16)
        at Object.authenticatedPage (/app/fixtures/auth.fixture.ts:12:5)

    attachment #1: screenshot (image/png) ──────────────────────────────────────────────────────────
    ../test-results/workflows-sla-tracking-SLA-c39d2-voices-without-SLA-deadline-firefox-retry2/test-failed-1.png
    ────────────────────────────────────────────────────────────────────────────────────────────────

    attachment #2: video (video/webm) ──────────────────────────────────────────────────────────────
    ../test-results/workflows-sla-tracking-SLA-c39d2-voices-without-SLA-deadline-firefox-retry2/video.webm
    ────────────────────────────────────────────────────────────────────────────────────────────────

    Error Context: ../test-results/workflows-sla-tracking-SLA-c39d2-voices-without-SLA-deadline-firefox-retry2/error-context.md
]]>
</failure>
<system-out>
<![CDATA[
[[ATTACHMENT|workflows-sla-tracking-SLA-c39d2-voices-without-SLA-deadline-firefox/test-failed-1.png]]

[[ATTACHMENT|workflows-sla-tracking-SLA-c39d2-voices-without-SLA-deadline-firefox/video.webm]]

[[ATTACHMENT|workflows-sla-tracking-SLA-c39d2-voices-without-SLA-deadline-firefox/error-context.md]]

[[ATTACHMENT|workflows-sla-tracking-SLA-c39d2-voices-without-SLA-deadline-firefox-retry1/test-failed-1.png]]

[[ATTACHMENT|workflows-sla-tracking-SLA-c39d2-voices-without-SLA-deadline-firefox-retry1/video.webm]]

[[ATTACHMENT|workflows-sla-tracking-SLA-c39d2-voices-without-SLA-deadline-firefox-retry1/error-context.md]]

[[ATTACHMENT|workflows-sla-tracking-SLA-c39d2-voices-without-SLA-deadline-firefox-retry1/trace.zip]]

[[ATTACHMENT|workflows-sla-tracking-SLA-c39d2-voices-without-SLA-deadline-firefox-retry2/test-failed-1.png]]

[[ATTACHMENT|workflows-sla-tracking-SLA-c39d2-voices-without-SLA-deadline-firefox-retry2/video.webm]]

[[ATTACHMENT|workflows-sla-tracking-SLA-c39d2-voices-without-SLA-deadline-firefox-retry2/error-context.md]]
]]>
</system-out>
</testcase>
<testcase name="SLA Tracking System › detailed SLA information on workflow page › calculates and displays correct progress percentage" classname="workflows/sla-tracking.spec.ts" time="48.988">
<failure message="sla-tracking.spec.ts:117:9 calculates and displays correct progress percentage" type="FAILURE">
<![CDATA[  [firefox] › workflows/sla-tracking.spec.ts:117:9 › SLA Tracking System › detailed SLA information on workflow page › calculates and displays correct progress percentage 

    TimeoutError: locator.click: Timeout 15000ms exceeded.
    Call log:
      - waiting for locator('input[name="email"], input[type="email"], #email')


       at ../pages/base.page.ts:58

      56 |    */
      57 |   async fillField(locator: Locator, value: string) {
    > 58 |     await locator.click();
         |                   ^
      59 |     await locator.clear();
      60 |     await locator.fill(value);
      61 |   }
        at LoginPage.fillField (/app/pages/base.page.ts:58:19)
        at LoginPage.login (/app/pages/login.page.ts:33:16)
        at LoginPage.quickLogin (/app/pages/login.page.ts:58:16)
        at Object.authenticatedPage (/app/fixtures/auth.fixture.ts:12:5)

    attachment #1: screenshot (image/png) ──────────────────────────────────────────────────────────
    ../test-results/workflows-sla-tracking-SLA-01b13-correct-progress-percentage-firefox/test-failed-1.png
    ────────────────────────────────────────────────────────────────────────────────────────────────

    attachment #2: video (video/webm) ──────────────────────────────────────────────────────────────
    ../test-results/workflows-sla-tracking-SLA-01b13-correct-progress-percentage-firefox/video.webm
    ────────────────────────────────────────────────────────────────────────────────────────────────

    Error Context: ../test-results/workflows-sla-tracking-SLA-01b13-correct-progress-percentage-firefox/error-context.md

    Retry #1 ───────────────────────────────────────────────────────────────────────────────────────

    TimeoutError: locator.click: Timeout 15000ms exceeded.
    Call log:
      - waiting for locator('input[name="email"], input[type="email"], #email')


       at ../pages/base.page.ts:58

      56 |    */
      57 |   async fillField(locator: Locator, value: string) {
    > 58 |     await locator.click();
         |                   ^
      59 |     await locator.clear();
      60 |     await locator.fill(value);
      61 |   }
        at LoginPage.fillField (/app/pages/base.page.ts:58:19)
        at LoginPage.login (/app/pages/login.page.ts:33:16)
        at LoginPage.quickLogin (/app/pages/login.page.ts:58:16)
        at Object.authenticatedPage (/app/fixtures/auth.fixture.ts:12:5)

    attachment #1: screenshot (image/png) ──────────────────────────────────────────────────────────
    ../test-results/workflows-sla-tracking-SLA-01b13-correct-progress-percentage-firefox-retry1/test-failed-1.png
    ────────────────────────────────────────────────────────────────────────────────────────────────

    attachment #2: video (video/webm) ──────────────────────────────────────────────────────────────
    ../test-results/workflows-sla-tracking-SLA-01b13-correct-progress-percentage-firefox-retry1/video.webm
    ────────────────────────────────────────────────────────────────────────────────────────────────

    Error Context: ../test-results/workflows-sla-tracking-SLA-01b13-correct-progress-percentage-firefox-retry1/error-context.md

    attachment #4: trace (application/zip) ─────────────────────────────────────────────────────────
    ../test-results/workflows-sla-tracking-SLA-01b13-correct-progress-percentage-firefox-retry1/trace.zip
    Usage:

        npx playwright show-trace ../test-results/workflows-sla-tracking-SLA-01b13-correct-progress-percentage-firefox-retry1/trace.zip

    ────────────────────────────────────────────────────────────────────────────────────────────────

    Retry #2 ───────────────────────────────────────────────────────────────────────────────────────

    TimeoutError: locator.click: Timeout 15000ms exceeded.
    Call log:
      - waiting for locator('input[name="email"], input[type="email"], #email')


       at ../pages/base.page.ts:58

      56 |    */
      57 |   async fillField(locator: Locator, value: string) {
    > 58 |     await locator.click();
         |                   ^
      59 |     await locator.clear();
      60 |     await locator.fill(value);
      61 |   }
        at LoginPage.fillField (/app/pages/base.page.ts:58:19)
        at LoginPage.login (/app/pages/login.page.ts:33:16)
        at LoginPage.quickLogin (/app/pages/login.page.ts:58:16)
        at Object.authenticatedPage (/app/fixtures/auth.fixture.ts:12:5)

    attachment #1: screenshot (image/png) ──────────────────────────────────────────────────────────
    ../test-results/workflows-sla-tracking-SLA-01b13-correct-progress-percentage-firefox-retry2/test-failed-1.png
    ────────────────────────────────────────────────────────────────────────────────────────────────

    attachment #2: video (video/webm) ──────────────────────────────────────────────────────────────
    ../test-results/workflows-sla-tracking-SLA-01b13-correct-progress-percentage-firefox-retry2/video.webm
    ────────────────────────────────────────────────────────────────────────────────────────────────

    Error Context: ../test-results/workflows-sla-tracking-SLA-01b13-correct-progress-percentage-firefox-retry2/error-context.md
]]>
</failure>
<system-out>
<![CDATA[
[[ATTACHMENT|workflows-sla-tracking-SLA-01b13-correct-progress-percentage-firefox/test-failed-1.png]]

[[ATTACHMENT|workflows-sla-tracking-SLA-01b13-correct-progress-percentage-firefox/video.webm]]

[[ATTACHMENT|workflows-sla-tracking-SLA-01b13-correct-progress-percentage-firefox/error-context.md]]

[[ATTACHMENT|workflows-sla-tracking-SLA-01b13-correct-progress-percentage-firefox-retry1/test-failed-1.png]]

[[ATTACHMENT|workflows-sla-tracking-SLA-01b13-correct-progress-percentage-firefox-retry1/video.webm]]

[[ATTACHMENT|workflows-sla-tracking-SLA-01b13-correct-progress-percentage-firefox-retry1/error-context.md]]

[[ATTACHMENT|workflows-sla-tracking-SLA-01b13-correct-progress-percentage-firefox-retry1/trace.zip]]

[[ATTACHMENT|workflows-sla-tracking-SLA-01b13-correct-progress-percentage-firefox-retry2/test-failed-1.png]]

[[ATTACHMENT|workflows-sla-tracking-SLA-01b13-correct-progress-percentage-firefox-retry2/video.webm]]

[[ATTACHMENT|workflows-sla-tracking-SLA-01b13-correct-progress-percentage-firefox-retry2/error-context.md]]
]]>
</system-out>
</testcase>
<testcase name="SLA Tracking System › edge cases and error handling › handles missing workflow data gracefully" classname="workflows/sla-tracking.spec.ts" time="49.38">
<failure message="sla-tracking.spec.ts:131:9 handles missing workflow data gracefully" type="FAILURE">
<![CDATA[  [firefox] › workflows/sla-tracking.spec.ts:131:9 › SLA Tracking System › edge cases and error handling › handles missing workflow data gracefully 

    TimeoutError: locator.click: Timeout 15000ms exceeded.
    Call log:
      - waiting for locator('input[name="email"], input[type="email"], #email')


       at ../pages/base.page.ts:58

      56 |    */
      57 |   async fillField(locator: Locator, value: string) {
    > 58 |     await locator.click();
         |                   ^
      59 |     await locator.clear();
      60 |     await locator.fill(value);
      61 |   }
        at LoginPage.fillField (/app/pages/base.page.ts:58:19)
        at LoginPage.login (/app/pages/login.page.ts:33:16)
        at LoginPage.quickLogin (/app/pages/login.page.ts:58:16)
        at Object.authenticatedPage (/app/fixtures/auth.fixture.ts:12:5)

    attachment #1: screenshot (image/png) ──────────────────────────────────────────────────────────
    ../test-results/workflows-sla-tracking-SLA-28e48-ng-workflow-data-gracefully-firefox/test-failed-1.png
    ────────────────────────────────────────────────────────────────────────────────────────────────

    attachment #2: video (video/webm) ──────────────────────────────────────────────────────────────
    ../test-results/workflows-sla-tracking-SLA-28e48-ng-workflow-data-gracefully-firefox/video.webm
    ────────────────────────────────────────────────────────────────────────────────────────────────

    Error Context: ../test-results/workflows-sla-tracking-SLA-28e48-ng-workflow-data-gracefully-firefox/error-context.md

    Retry #1 ───────────────────────────────────────────────────────────────────────────────────────

    TimeoutError: locator.click: Timeout 15000ms exceeded.
    Call log:
      - waiting for locator('input[name="email"], input[type="email"], #email')


       at ../pages/base.page.ts:58

      56 |    */
      57 |   async fillField(locator: Locator, value: string) {
    > 58 |     await locator.click();
         |                   ^
      59 |     await locator.clear();
      60 |     await locator.fill(value);
      61 |   }
        at LoginPage.fillField (/app/pages/base.page.ts:58:19)
        at LoginPage.login (/app/pages/login.page.ts:33:16)
        at LoginPage.quickLogin (/app/pages/login.page.ts:58:16)
        at Object.authenticatedPage (/app/fixtures/auth.fixture.ts:12:5)

    attachment #1: screenshot (image/png) ──────────────────────────────────────────────────────────
    ../test-results/workflows-sla-tracking-SLA-28e48-ng-workflow-data-gracefully-firefox-retry1/test-failed-1.png
    ────────────────────────────────────────────────────────────────────────────────────────────────

    attachment #2: video (video/webm) ──────────────────────────────────────────────────────────────
    ../test-results/workflows-sla-tracking-SLA-28e48-ng-workflow-data-gracefully-firefox-retry1/video.webm
    ────────────────────────────────────────────────────────────────────────────────────────────────

    Error Context: ../test-results/workflows-sla-tracking-SLA-28e48-ng-workflow-data-gracefully-firefox-retry1/error-context.md

    attachment #4: trace (application/zip) ─────────────────────────────────────────────────────────
    ../test-results/workflows-sla-tracking-SLA-28e48-ng-workflow-data-gracefully-firefox-retry1/trace.zip
    Usage:

        npx playwright show-trace ../test-results/workflows-sla-tracking-SLA-28e48-ng-workflow-data-gracefully-firefox-retry1/trace.zip

    ────────────────────────────────────────────────────────────────────────────────────────────────

    Retry #2 ───────────────────────────────────────────────────────────────────────────────────────

    TimeoutError: locator.click: Timeout 15000ms exceeded.
    Call log:
      - waiting for locator('input[name="email"], input[type="email"], #email')


       at ../pages/base.page.ts:58

      56 |    */
      57 |   async fillField(locator: Locator, value: string) {
    > 58 |     await locator.click();
         |                   ^
      59 |     await locator.clear();
      60 |     await locator.fill(value);
      61 |   }
        at LoginPage.fillField (/app/pages/base.page.ts:58:19)
        at LoginPage.login (/app/pages/login.page.ts:33:16)
        at LoginPage.quickLogin (/app/pages/login.page.ts:58:16)
        at Object.authenticatedPage (/app/fixtures/auth.fixture.ts:12:5)

    attachment #1: screenshot (image/png) ──────────────────────────────────────────────────────────
    ../test-results/workflows-sla-tracking-SLA-28e48-ng-workflow-data-gracefully-firefox-retry2/test-failed-1.png
    ────────────────────────────────────────────────────────────────────────────────────────────────

    attachment #2: video (video/webm) ──────────────────────────────────────────────────────────────
    ../test-results/workflows-sla-tracking-SLA-28e48-ng-workflow-data-gracefully-firefox-retry2/video.webm
    ────────────────────────────────────────────────────────────────────────────────────────────────

    Error Context: ../test-results/workflows-sla-tracking-SLA-28e48-ng-workflow-data-gracefully-firefox-retry2/error-context.md
]]>
</failure>
<system-out>
<![CDATA[
[[ATTACHMENT|workflows-sla-tracking-SLA-28e48-ng-workflow-data-gracefully-firefox/test-failed-1.png]]

[[ATTACHMENT|workflows-sla-tracking-SLA-28e48-ng-workflow-data-gracefully-firefox/video.webm]]

[[ATTACHMENT|workflows-sla-tracking-SLA-28e48-ng-workflow-data-gracefully-firefox/error-context.md]]

[[ATTACHMENT|workflows-sla-tracking-SLA-28e48-ng-workflow-data-gracefully-firefox-retry1/test-failed-1.png]]

[[ATTACHMENT|workflows-sla-tracking-SLA-28e48-ng-workflow-data-gracefully-firefox-retry1/video.webm]]

[[ATTACHMENT|workflows-sla-tracking-SLA-28e48-ng-workflow-data-gracefully-firefox-retry1/error-context.md]]

[[ATTACHMENT|workflows-sla-tracking-SLA-28e48-ng-workflow-data-gracefully-firefox-retry1/trace.zip]]

[[ATTACHMENT|workflows-sla-tracking-SLA-28e48-ng-workflow-data-gracefully-firefox-retry2/test-failed-1.png]]

[[ATTACHMENT|workflows-sla-tracking-SLA-28e48-ng-workflow-data-gracefully-firefox-retry2/video.webm]]

[[ATTACHMENT|workflows-sla-tracking-SLA-28e48-ng-workflow-data-gracefully-firefox-retry2/error-context.md]]
]]>
</system-out>
</testcase>
<testcase name="SLA Tracking System › edge cases and error handling › updates SLA status after workflow transition" classname="workflows/sla-tracking.spec.ts" time="49.501">
<failure message="sla-tracking.spec.ts:153:9 updates SLA status after workflow transition" type="FAILURE">
<![CDATA[  [firefox] › workflows/sla-tracking.spec.ts:153:9 › SLA Tracking System › edge cases and error handling › updates SLA status after workflow transition 

    TimeoutError: locator.click: Timeout 15000ms exceeded.
    Call log:
      - waiting for locator('input[name="email"], input[type="email"], #email')


       at ../pages/base.page.ts:58

      56 |    */
      57 |   async fillField(locator: Locator, value: string) {
    > 58 |     await locator.click();
         |                   ^
      59 |     await locator.clear();
      60 |     await locator.fill(value);
      61 |   }
        at LoginPage.fillField (/app/pages/base.page.ts:58:19)
        at LoginPage.login (/app/pages/login.page.ts:33:16)
        at LoginPage.quickLogin (/app/pages/login.page.ts:58:16)
        at Object.authenticatedPage (/app/fixtures/auth.fixture.ts:12:5)

    attachment #1: screenshot (image/png) ──────────────────────────────────────────────────────────
    ../test-results/workflows-sla-tracking-SLA-3bddb-s-after-workflow-transition-firefox/test-failed-1.png
    ────────────────────────────────────────────────────────────────────────────────────────────────

    attachment #2: video (video/webm) ──────────────────────────────────────────────────────────────
    ../test-results/workflows-sla-tracking-SLA-3bddb-s-after-workflow-transition-firefox/video.webm
    ────────────────────────────────────────────────────────────────────────────────────────────────

    Error Context: ../test-results/workflows-sla-tracking-SLA-3bddb-s-after-workflow-transition-firefox/error-context.md

    Retry #1 ───────────────────────────────────────────────────────────────────────────────────────

    TimeoutError: locator.click: Timeout 15000ms exceeded.
    Call log:
      - waiting for locator('input[name="email"], input[type="email"], #email')


       at ../pages/base.page.ts:58

      56 |    */
      57 |   async fillField(locator: Locator, value: string) {
    > 58 |     await locator.click();
         |                   ^
      59 |     await locator.clear();
      60 |     await locator.fill(value);
      61 |   }
        at LoginPage.fillField (/app/pages/base.page.ts:58:19)
        at LoginPage.login (/app/pages/login.page.ts:33:16)
        at LoginPage.quickLogin (/app/pages/login.page.ts:58:16)
        at Object.authenticatedPage (/app/fixtures/auth.fixture.ts:12:5)

    attachment #1: screenshot (image/png) ──────────────────────────────────────────────────────────
    ../test-results/workflows-sla-tracking-SLA-3bddb-s-after-workflow-transition-firefox-retry1/test-failed-1.png
    ────────────────────────────────────────────────────────────────────────────────────────────────

    attachment #2: video (video/webm) ──────────────────────────────────────────────────────────────
    ../test-results/workflows-sla-tracking-SLA-3bddb-s-after-workflow-transition-firefox-retry1/video.webm
    ────────────────────────────────────────────────────────────────────────────────────────────────

    Error Context: ../test-results/workflows-sla-tracking-SLA-3bddb-s-after-workflow-transition-firefox-retry1/error-context.md

    attachment #4: trace (application/zip) ─────────────────────────────────────────────────────────
    ../test-results/workflows-sla-tracking-SLA-3bddb-s-after-workflow-transition-firefox-retry1/trace.zip
    Usage:

        npx playwright show-trace ../test-results/workflows-sla-tracking-SLA-3bddb-s-after-workflow-transition-firefox-retry1/trace.zip

    ────────────────────────────────────────────────────────────────────────────────────────────────

    Retry #2 ───────────────────────────────────────────────────────────────────────────────────────

    TimeoutError: locator.click: Timeout 15000ms exceeded.
    Call log:
      - waiting for locator('input[name="email"], input[type="email"], #email')


       at ../pages/base.page.ts:58

      56 |    */
      57 |   async fillField(locator: Locator, value: string) {
    > 58 |     await locator.click();
         |                   ^
      59 |     await locator.clear();
      60 |     await locator.fill(value);
      61 |   }
        at LoginPage.fillField (/app/pages/base.page.ts:58:19)
        at LoginPage.login (/app/pages/login.page.ts:33:16)
        at LoginPage.quickLogin (/app/pages/login.page.ts:58:16)
        at Object.authenticatedPage (/app/fixtures/auth.fixture.ts:12:5)

    attachment #1: screenshot (image/png) ──────────────────────────────────────────────────────────
    ../test-results/workflows-sla-tracking-SLA-3bddb-s-after-workflow-transition-firefox-retry2/test-failed-1.png
    ────────────────────────────────────────────────────────────────────────────────────────────────

    attachment #2: video (video/webm) ──────────────────────────────────────────────────────────────
    ../test-results/workflows-sla-tracking-SLA-3bddb-s-after-workflow-transition-firefox-retry2/video.webm
    ────────────────────────────────────────────────────────────────────────────────────────────────

    Error Context: ../test-results/workflows-sla-tracking-SLA-3bddb-s-after-workflow-transition-firefox-retry2/error-context.md
]]>
</failure>
<system-out>
<![CDATA[
[[ATTACHMENT|workflows-sla-tracking-SLA-3bddb-s-after-workflow-transition-firefox/test-failed-1.png]]

[[ATTACHMENT|workflows-sla-tracking-SLA-3bddb-s-after-workflow-transition-firefox/video.webm]]

[[ATTACHMENT|workflows-sla-tracking-SLA-3bddb-s-after-workflow-transition-firefox/error-context.md]]

[[ATTACHMENT|workflows-sla-tracking-SLA-3bddb-s-after-workflow-transition-firefox-retry1/test-failed-1.png]]

[[ATTACHMENT|workflows-sla-tracking-SLA-3bddb-s-after-workflow-transition-firefox-retry1/video.webm]]

[[ATTACHMENT|workflows-sla-tracking-SLA-3bddb-s-after-workflow-transition-firefox-retry1/error-context.md]]

[[ATTACHMENT|workflows-sla-tracking-SLA-3bddb-s-after-workflow-transition-firefox-retry1/trace.zip]]

[[ATTACHMENT|workflows-sla-tracking-SLA-3bddb-s-after-workflow-transition-firefox-retry2/test-failed-1.png]]

[[ATTACHMENT|workflows-sla-tracking-SLA-3bddb-s-after-workflow-transition-firefox-retry2/video.webm]]

[[ATTACHMENT|workflows-sla-tracking-SLA-3bddb-s-after-workflow-transition-firefox-retry2/error-context.md]]
]]>
</system-out>
</testcase>
</testsuite>
<testsuite name="invoices/invoice-calculations.spec.ts" timestamp="2025-09-25T07:53:49.510Z" hostname="webkit" tests="6" failures="6" skipped="0" time="297.097" errors="0">
<testcase name="Invoice Global Financial Calculations › JavaScript calculations update totals when global financial fields change" classname="invoices/invoice-calculations.spec.ts" time="50.034">
<failure message="invoice-calculations.spec.ts:16:7 JavaScript calculations update totals when global financial fields change" type="FAILURE">
<![CDATA[  [webkit] › invoices/invoice-calculations.spec.ts:16:7 › Invoice Global Financial Calculations › JavaScript calculations update totals when global financial fields change 

    TimeoutError: locator.click: Timeout 15000ms exceeded.
    Call log:
      - waiting for locator('input[name="email"], input[type="email"], #email')


       at ../pages/base.page.ts:58

      56 |    */
      57 |   async fillField(locator: Locator, value: string) {
    > 58 |     await locator.click();
         |                   ^
      59 |     await locator.clear();
      60 |     await locator.fill(value);
      61 |   }
        at LoginPage.fillField (/app/pages/base.page.ts:58:19)
        at LoginPage.login (/app/pages/login.page.ts:33:16)
        at LoginPage.quickLogin (/app/pages/login.page.ts:58:16)
        at Object.authenticatedPage (/app/fixtures/auth.fixture.ts:12:5)

    attachment #1: screenshot (image/png) ──────────────────────────────────────────────────────────
    ../test-results/invoices-invoice-calculati-6eea4-bal-financial-fields-change-webkit/test-failed-1.png
    ────────────────────────────────────────────────────────────────────────────────────────────────

    attachment #2: video (video/webm) ──────────────────────────────────────────────────────────────
    ../test-results/invoices-invoice-calculati-6eea4-bal-financial-fields-change-webkit/video.webm
    ────────────────────────────────────────────────────────────────────────────────────────────────

    Error Context: ../test-results/invoices-invoice-calculati-6eea4-bal-financial-fields-change-webkit/error-context.md

    Retry #1 ───────────────────────────────────────────────────────────────────────────────────────

    TimeoutError: locator.click: Timeout 15000ms exceeded.
    Call log:
      - waiting for locator('input[name="email"], input[type="email"], #email')


       at ../pages/base.page.ts:58

      56 |    */
      57 |   async fillField(locator: Locator, value: string) {
    > 58 |     await locator.click();
         |                   ^
      59 |     await locator.clear();
      60 |     await locator.fill(value);
      61 |   }
        at LoginPage.fillField (/app/pages/base.page.ts:58:19)
        at LoginPage.login (/app/pages/login.page.ts:33:16)
        at LoginPage.quickLogin (/app/pages/login.page.ts:58:16)
        at Object.authenticatedPage (/app/fixtures/auth.fixture.ts:12:5)

    attachment #1: screenshot (image/png) ──────────────────────────────────────────────────────────
    ../test-results/invoices-invoice-calculati-6eea4-bal-financial-fields-change-webkit-retry1/test-failed-1.png
    ────────────────────────────────────────────────────────────────────────────────────────────────

    attachment #2: video (video/webm) ──────────────────────────────────────────────────────────────
    ../test-results/invoices-invoice-calculati-6eea4-bal-financial-fields-change-webkit-retry1/video.webm
    ────────────────────────────────────────────────────────────────────────────────────────────────

    Error Context: ../test-results/invoices-invoice-calculati-6eea4-bal-financial-fields-change-webkit-retry1/error-context.md

    attachment #4: trace (application/zip) ─────────────────────────────────────────────────────────
    ../test-results/invoices-invoice-calculati-6eea4-bal-financial-fields-change-webkit-retry1/trace.zip
    Usage:

        npx playwright show-trace ../test-results/invoices-invoice-calculati-6eea4-bal-financial-fields-change-webkit-retry1/trace.zip

    ────────────────────────────────────────────────────────────────────────────────────────────────

    Retry #2 ───────────────────────────────────────────────────────────────────────────────────────

    TimeoutError: locator.click: Timeout 15000ms exceeded.
    Call log:
      - waiting for locator('input[name="email"], input[type="email"], #email')


       at ../pages/base.page.ts:58

      56 |    */
      57 |   async fillField(locator: Locator, value: string) {
    > 58 |     await locator.click();
         |                   ^
      59 |     await locator.clear();
      60 |     await locator.fill(value);
      61 |   }
        at LoginPage.fillField (/app/pages/base.page.ts:58:19)
        at LoginPage.login (/app/pages/login.page.ts:33:16)
        at LoginPage.quickLogin (/app/pages/login.page.ts:58:16)
        at Object.authenticatedPage (/app/fixtures/auth.fixture.ts:12:5)

    attachment #1: screenshot (image/png) ──────────────────────────────────────────────────────────
    ../test-results/invoices-invoice-calculati-6eea4-bal-financial-fields-change-webkit-retry2/test-failed-1.png
    ────────────────────────────────────────────────────────────────────────────────────────────────

    attachment #2: video (video/webm) ──────────────────────────────────────────────────────────────
    ../test-results/invoices-invoice-calculati-6eea4-bal-financial-fields-change-webkit-retry2/video.webm
    ────────────────────────────────────────────────────────────────────────────────────────────────

    Error Context: ../test-results/invoices-invoice-calculati-6eea4-bal-financial-fields-change-webkit-retry2/error-context.md
]]>
</failure>
<system-out>
<![CDATA[
[[ATTACHMENT|invoices-invoice-calculati-6eea4-bal-financial-fields-change-webkit/test-failed-1.png]]

[[ATTACHMENT|invoices-invoice-calculati-6eea4-bal-financial-fields-change-webkit/video.webm]]

[[ATTACHMENT|invoices-invoice-calculati-6eea4-bal-financial-fields-change-webkit/error-context.md]]

[[ATTACHMENT|invoices-invoice-calculati-6eea4-bal-financial-fields-change-webkit-retry1/test-failed-1.png]]

[[ATTACHMENT|invoices-invoice-calculati-6eea4-bal-financial-fields-change-webkit-retry1/video.webm]]

[[ATTACHMENT|invoices-invoice-calculati-6eea4-bal-financial-fields-change-webkit-retry1/error-context.md]]

[[ATTACHMENT|invoices-invoice-calculati-6eea4-bal-financial-fields-change-webkit-retry1/trace.zip]]

[[ATTACHMENT|invoices-invoice-calculati-6eea4-bal-financial-fields-change-webkit-retry2/test-failed-1.png]]

[[ATTACHMENT|invoices-invoice-calculati-6eea4-bal-financial-fields-change-webkit-retry2/video.webm]]

[[ATTACHMENT|invoices-invoice-calculati-6eea4-bal-financial-fields-change-webkit-retry2/error-context.md]]
]]>
</system-out>
</testcase>
<testcase name="Invoice Global Financial Calculations › Calculations handle decimal values correctly" classname="invoices/invoice-calculations.spec.ts" time="49.628">
<failure message="invoice-calculations.spec.ts:77:7 Calculations handle decimal values correctly" type="FAILURE">
<![CDATA[  [webkit] › invoices/invoice-calculations.spec.ts:77:7 › Invoice Global Financial Calculations › Calculations handle decimal values correctly 

    TimeoutError: locator.click: Timeout 15000ms exceeded.
    Call log:
      - waiting for locator('input[name="email"], input[type="email"], #email')


       at ../pages/base.page.ts:58

      56 |    */
      57 |   async fillField(locator: Locator, value: string) {
    > 58 |     await locator.click();
         |                   ^
      59 |     await locator.clear();
      60 |     await locator.fill(value);
      61 |   }
        at LoginPage.fillField (/app/pages/base.page.ts:58:19)
        at LoginPage.login (/app/pages/login.page.ts:33:16)
        at LoginPage.quickLogin (/app/pages/login.page.ts:58:16)
        at Object.authenticatedPage (/app/fixtures/auth.fixture.ts:12:5)

    attachment #1: screenshot (image/png) ──────────────────────────────────────────────────────────
    ../test-results/invoices-invoice-calculati-29518-le-decimal-values-correctly-webkit/test-failed-1.png
    ────────────────────────────────────────────────────────────────────────────────────────────────

    attachment #2: video (video/webm) ──────────────────────────────────────────────────────────────
    ../test-results/invoices-invoice-calculati-29518-le-decimal-values-correctly-webkit/video.webm
    ────────────────────────────────────────────────────────────────────────────────────────────────

    Error Context: ../test-results/invoices-invoice-calculati-29518-le-decimal-values-correctly-webkit/error-context.md

    Retry #1 ───────────────────────────────────────────────────────────────────────────────────────

    TimeoutError: locator.click: Timeout 15000ms exceeded.
    Call log:
      - waiting for locator('input[name="email"], input[type="email"], #email')


       at ../pages/base.page.ts:58

      56 |    */
      57 |   async fillField(locator: Locator, value: string) {
    > 58 |     await locator.click();
         |                   ^
      59 |     await locator.clear();
      60 |     await locator.fill(value);
      61 |   }
        at LoginPage.fillField (/app/pages/base.page.ts:58:19)
        at LoginPage.login (/app/pages/login.page.ts:33:16)
        at LoginPage.quickLogin (/app/pages/login.page.ts:58:16)
        at Object.authenticatedPage (/app/fixtures/auth.fixture.ts:12:5)

    attachment #1: screenshot (image/png) ──────────────────────────────────────────────────────────
    ../test-results/invoices-invoice-calculati-29518-le-decimal-values-correctly-webkit-retry1/test-failed-1.png
    ────────────────────────────────────────────────────────────────────────────────────────────────

    attachment #2: video (video/webm) ──────────────────────────────────────────────────────────────
    ../test-results/invoices-invoice-calculati-29518-le-decimal-values-correctly-webkit-retry1/video.webm
    ────────────────────────────────────────────────────────────────────────────────────────────────

    Error Context: ../test-results/invoices-invoice-calculati-29518-le-decimal-values-correctly-webkit-retry1/error-context.md

    attachment #4: trace (application/zip) ─────────────────────────────────────────────────────────
    ../test-results/invoices-invoice-calculati-29518-le-decimal-values-correctly-webkit-retry1/trace.zip
    Usage:

        npx playwright show-trace ../test-results/invoices-invoice-calculati-29518-le-decimal-values-correctly-webkit-retry1/trace.zip

    ────────────────────────────────────────────────────────────────────────────────────────────────

    Retry #2 ───────────────────────────────────────────────────────────────────────────────────────

    TimeoutError: locator.click: Timeout 15000ms exceeded.
    Call log:
      - waiting for locator('input[name="email"], input[type="email"], #email')


       at ../pages/base.page.ts:58

      56 |    */
      57 |   async fillField(locator: Locator, value: string) {
    > 58 |     await locator.click();
         |                   ^
      59 |     await locator.clear();
      60 |     await locator.fill(value);
      61 |   }
        at LoginPage.fillField (/app/pages/base.page.ts:58:19)
        at LoginPage.login (/app/pages/login.page.ts:33:16)
        at LoginPage.quickLogin (/app/pages/login.page.ts:58:16)
        at Object.authenticatedPage (/app/fixtures/auth.fixture.ts:12:5)

    attachment #1: screenshot (image/png) ──────────────────────────────────────────────────────────
    ../test-results/invoices-invoice-calculati-29518-le-decimal-values-correctly-webkit-retry2/test-failed-1.png
    ────────────────────────────────────────────────────────────────────────────────────────────────

    attachment #2: video (video/webm) ──────────────────────────────────────────────────────────────
    ../test-results/invoices-invoice-calculati-29518-le-decimal-values-correctly-webkit-retry2/video.webm
    ────────────────────────────────────────────────────────────────────────────────────────────────

    Error Context: ../test-results/invoices-invoice-calculati-29518-le-decimal-values-correctly-webkit-retry2/error-context.md
]]>
</failure>
<system-out>
<![CDATA[
[[ATTACHMENT|invoices-invoice-calculati-29518-le-decimal-values-correctly-webkit/test-failed-1.png]]

[[ATTACHMENT|invoices-invoice-calculati-29518-le-decimal-values-correctly-webkit/video.webm]]

[[ATTACHMENT|invoices-invoice-calculati-29518-le-decimal-values-correctly-webkit/error-context.md]]

[[ATTACHMENT|invoices-invoice-calculati-29518-le-decimal-values-correctly-webkit-retry1/test-failed-1.png]]

[[ATTACHMENT|invoices-invoice-calculati-29518-le-decimal-values-correctly-webkit-retry1/video.webm]]

[[ATTACHMENT|invoices-invoice-calculati-29518-le-decimal-values-correctly-webkit-retry1/error-context.md]]

[[ATTACHMENT|invoices-invoice-calculati-29518-le-decimal-values-correctly-webkit-retry1/trace.zip]]

[[ATTACHMENT|invoices-invoice-calculati-29518-le-decimal-values-correctly-webkit-retry2/test-failed-1.png]]

[[ATTACHMENT|invoices-invoice-calculati-29518-le-decimal-values-correctly-webkit-retry2/video.webm]]

[[ATTACHMENT|invoices-invoice-calculati-29518-le-decimal-values-correctly-webkit-retry2/error-context.md]]
]]>
</system-out>
</testcase>
<testcase name="Invoice Global Financial Calculations › Calculations handle zero and empty values correctly" classname="invoices/invoice-calculations.spec.ts" time="49.657">
<failure message="invoice-calculations.spec.ts:102:7 Calculations handle zero and empty values correctly" type="FAILURE">
<![CDATA[  [webkit] › invoices/invoice-calculations.spec.ts:102:7 › Invoice Global Financial Calculations › Calculations handle zero and empty values correctly 

    TimeoutError: locator.click: Timeout 15000ms exceeded.
    Call log:
      - waiting for locator('input[name="email"], input[type="email"], #email')


       at ../pages/base.page.ts:58

      56 |    */
      57 |   async fillField(locator: Locator, value: string) {
    > 58 |     await locator.click();
         |                   ^
      59 |     await locator.clear();
      60 |     await locator.fill(value);
      61 |   }
        at LoginPage.fillField (/app/pages/base.page.ts:58:19)
        at LoginPage.login (/app/pages/login.page.ts:33:16)
        at LoginPage.quickLogin (/app/pages/login.page.ts:58:16)
        at Object.authenticatedPage (/app/fixtures/auth.fixture.ts:12:5)

    attachment #1: screenshot (image/png) ──────────────────────────────────────────────────────────
    ../test-results/invoices-invoice-calculati-e04f9--and-empty-values-correctly-webkit/test-failed-1.png
    ────────────────────────────────────────────────────────────────────────────────────────────────

    attachment #2: video (video/webm) ──────────────────────────────────────────────────────────────
    ../test-results/invoices-invoice-calculati-e04f9--and-empty-values-correctly-webkit/video.webm
    ────────────────────────────────────────────────────────────────────────────────────────────────

    Error Context: ../test-results/invoices-invoice-calculati-e04f9--and-empty-values-correctly-webkit/error-context.md

    Retry #1 ───────────────────────────────────────────────────────────────────────────────────────

    TimeoutError: locator.click: Timeout 15000ms exceeded.
    Call log:
      - waiting for locator('input[name="email"], input[type="email"], #email')


       at ../pages/base.page.ts:58

      56 |    */
      57 |   async fillField(locator: Locator, value: string) {
    > 58 |     await locator.click();
         |                   ^
      59 |     await locator.clear();
      60 |     await locator.fill(value);
      61 |   }
        at LoginPage.fillField (/app/pages/base.page.ts:58:19)
        at LoginPage.login (/app/pages/login.page.ts:33:16)
        at LoginPage.quickLogin (/app/pages/login.page.ts:58:16)
        at Object.authenticatedPage (/app/fixtures/auth.fixture.ts:12:5)

    attachment #1: screenshot (image/png) ──────────────────────────────────────────────────────────
    ../test-results/invoices-invoice-calculati-e04f9--and-empty-values-correctly-webkit-retry1/test-failed-1.png
    ────────────────────────────────────────────────────────────────────────────────────────────────

    attachment #2: video (video/webm) ──────────────────────────────────────────────────────────────
    ../test-results/invoices-invoice-calculati-e04f9--and-empty-values-correctly-webkit-retry1/video.webm
    ────────────────────────────────────────────────────────────────────────────────────────────────

    Error Context: ../test-results/invoices-invoice-calculati-e04f9--and-empty-values-correctly-webkit-retry1/error-context.md

    attachment #4: trace (application/zip) ─────────────────────────────────────────────────────────
    ../test-results/invoices-invoice-calculati-e04f9--and-empty-values-correctly-webkit-retry1/trace.zip
    Usage:

        npx playwright show-trace ../test-results/invoices-invoice-calculati-e04f9--and-empty-values-correctly-webkit-retry1/trace.zip

    ────────────────────────────────────────────────────────────────────────────────────────────────

    Retry #2 ───────────────────────────────────────────────────────────────────────────────────────

    TimeoutError: locator.click: Timeout 15000ms exceeded.
    Call log:
      - waiting for locator('input[name="email"], input[type="email"], #email')


       at ../pages/base.page.ts:58

      56 |    */
      57 |   async fillField(locator: Locator, value: string) {
    > 58 |     await locator.click();
         |                   ^
      59 |     await locator.clear();
      60 |     await locator.fill(value);
      61 |   }
        at LoginPage.fillField (/app/pages/base.page.ts:58:19)
        at LoginPage.login (/app/pages/login.page.ts:33:16)
        at LoginPage.quickLogin (/app/pages/login.page.ts:58:16)
        at Object.authenticatedPage (/app/fixtures/auth.fixture.ts:12:5)

    attachment #1: screenshot (image/png) ──────────────────────────────────────────────────────────
    ../test-results/invoices-invoice-calculati-e04f9--and-empty-values-correctly-webkit-retry2/test-failed-1.png
    ────────────────────────────────────────────────────────────────────────────────────────────────

    attachment #2: video (video/webm) ──────────────────────────────────────────────────────────────
    ../test-results/invoices-invoice-calculati-e04f9--and-empty-values-correctly-webkit-retry2/video.webm
    ────────────────────────────────────────────────────────────────────────────────────────────────

    Error Context: ../test-results/invoices-invoice-calculati-e04f9--and-empty-values-correctly-webkit-retry2/error-context.md
]]>
</failure>
<system-out>
<![CDATA[
[[ATTACHMENT|invoices-invoice-calculati-e04f9--and-empty-values-correctly-webkit/test-failed-1.png]]

[[ATTACHMENT|invoices-invoice-calculati-e04f9--and-empty-values-correctly-webkit/video.webm]]

[[ATTACHMENT|invoices-invoice-calculati-e04f9--and-empty-values-correctly-webkit/error-context.md]]

[[ATTACHMENT|invoices-invoice-calculati-e04f9--and-empty-values-correctly-webkit-retry1/test-failed-1.png]]

[[ATTACHMENT|invoices-invoice-calculati-e04f9--and-empty-values-correctly-webkit-retry1/video.webm]]

[[ATTACHMENT|invoices-invoice-calculati-e04f9--and-empty-values-correctly-webkit-retry1/error-context.md]]

[[ATTACHMENT|invoices-invoice-calculati-e04f9--and-empty-values-correctly-webkit-retry1/trace.zip]]

[[ATTACHMENT|invoices-invoice-calculati-e04f9--and-empty-values-correctly-webkit-retry2/test-failed-1.png]]

[[ATTACHMENT|invoices-invoice-calculati-e04f9--and-empty-values-correctly-webkit-retry2/video.webm]]

[[ATTACHMENT|invoices-invoice-calculati-e04f9--and-empty-values-correctly-webkit-retry2/error-context.md]]
]]>
</system-out>
</testcase>
<testcase name="Invoice Global Financial Calculations › Multiple line items interact correctly with global financial fields" classname="invoices/invoice-calculations.spec.ts" time="49.764">
<failure message="invoice-calculations.spec.ts:130:7 Multiple line items interact correctly with global financial fields" type="FAILURE">
<![CDATA[  [webkit] › invoices/invoice-calculations.spec.ts:130:7 › Invoice Global Financial Calculations › Multiple line items interact correctly with global financial fields 

    TimeoutError: locator.click: Timeout 15000ms exceeded.
    Call log:
      - waiting for locator('input[name="email"], input[type="email"], #email')


       at ../pages/base.page.ts:58

      56 |    */
      57 |   async fillField(locator: Locator, value: string) {
    > 58 |     await locator.click();
         |                   ^
      59 |     await locator.clear();
      60 |     await locator.fill(value);
      61 |   }
        at LoginPage.fillField (/app/pages/base.page.ts:58:19)
        at LoginPage.login (/app/pages/login.page.ts:33:16)
        at LoginPage.quickLogin (/app/pages/login.page.ts:58:16)
        at Object.authenticatedPage (/app/fixtures/auth.fixture.ts:12:5)

    attachment #1: screenshot (image/png) ──────────────────────────────────────────────────────────
    ../test-results/invoices-invoice-calculati-4ab39-ith-global-financial-fields-webkit/test-failed-1.png
    ────────────────────────────────────────────────────────────────────────────────────────────────

    attachment #2: video (video/webm) ──────────────────────────────────────────────────────────────
    ../test-results/invoices-invoice-calculati-4ab39-ith-global-financial-fields-webkit/video.webm
    ────────────────────────────────────────────────────────────────────────────────────────────────

    Error Context: ../test-results/invoices-invoice-calculati-4ab39-ith-global-financial-fields-webkit/error-context.md

    Retry #1 ───────────────────────────────────────────────────────────────────────────────────────

    TimeoutError: locator.click: Timeout 15000ms exceeded.
    Call log:
      - waiting for locator('input[name="email"], input[type="email"], #email')


       at ../pages/base.page.ts:58

      56 |    */
      57 |   async fillField(locator: Locator, value: string) {
    > 58 |     await locator.click();
         |                   ^
      59 |     await locator.clear();
      60 |     await locator.fill(value);
      61 |   }
        at LoginPage.fillField (/app/pages/base.page.ts:58:19)
        at LoginPage.login (/app/pages/login.page.ts:33:16)
        at LoginPage.quickLogin (/app/pages/login.page.ts:58:16)
        at Object.authenticatedPage (/app/fixtures/auth.fixture.ts:12:5)

    attachment #1: screenshot (image/png) ──────────────────────────────────────────────────────────
    ../test-results/invoices-invoice-calculati-4ab39-ith-global-financial-fields-webkit-retry1/test-failed-1.png
    ────────────────────────────────────────────────────────────────────────────────────────────────

    attachment #2: video (video/webm) ──────────────────────────────────────────────────────────────
    ../test-results/invoices-invoice-calculati-4ab39-ith-global-financial-fields-webkit-retry1/video.webm
    ────────────────────────────────────────────────────────────────────────────────────────────────

    Error Context: ../test-results/invoices-invoice-calculati-4ab39-ith-global-financial-fields-webkit-retry1/error-context.md

    attachment #4: trace (application/zip) ─────────────────────────────────────────────────────────
    ../test-results/invoices-invoice-calculati-4ab39-ith-global-financial-fields-webkit-retry1/trace.zip
    Usage:

        npx playwright show-trace ../test-results/invoices-invoice-calculati-4ab39-ith-global-financial-fields-webkit-retry1/trace.zip

    ────────────────────────────────────────────────────────────────────────────────────────────────

    Retry #2 ───────────────────────────────────────────────────────────────────────────────────────

    TimeoutError: locator.click: Timeout 15000ms exceeded.
    Call log:
      - waiting for locator('input[name="email"], input[type="email"], #email')


       at ../pages/base.page.ts:58

      56 |    */
      57 |   async fillField(locator: Locator, value: string) {
    > 58 |     await locator.click();
         |                   ^
      59 |     await locator.clear();
      60 |     await locator.fill(value);
      61 |   }
        at LoginPage.fillField (/app/pages/base.page.ts:58:19)
        at LoginPage.login (/app/pages/login.page.ts:33:16)
        at LoginPage.quickLogin (/app/pages/login.page.ts:58:16)
        at Object.authenticatedPage (/app/fixtures/auth.fixture.ts:12:5)

    attachment #1: screenshot (image/png) ──────────────────────────────────────────────────────────
    ../test-results/invoices-invoice-calculati-4ab39-ith-global-financial-fields-webkit-retry2/test-failed-1.png
    ────────────────────────────────────────────────────────────────────────────────────────────────

    attachment #2: video (video/webm) ──────────────────────────────────────────────────────────────
    ../test-results/invoices-invoice-calculati-4ab39-ith-global-financial-fields-webkit-retry2/video.webm
    ────────────────────────────────────────────────────────────────────────────────────────────────

    Error Context: ../test-results/invoices-invoice-calculati-4ab39-ith-global-financial-fields-webkit-retry2/error-context.md
]]>
</failure>
<system-out>
<![CDATA[
[[ATTACHMENT|invoices-invoice-calculati-4ab39-ith-global-financial-fields-webkit/test-failed-1.png]]

[[ATTACHMENT|invoices-invoice-calculati-4ab39-ith-global-financial-fields-webkit/video.webm]]

[[ATTACHMENT|invoices-invoice-calculati-4ab39-ith-global-financial-fields-webkit/error-context.md]]

[[ATTACHMENT|invoices-invoice-calculati-4ab39-ith-global-financial-fields-webkit-retry1/test-failed-1.png]]

[[ATTACHMENT|invoices-invoice-calculati-4ab39-ith-global-financial-fields-webkit-retry1/video.webm]]

[[ATTACHMENT|invoices-invoice-calculati-4ab39-ith-global-financial-fields-webkit-retry1/error-context.md]]

[[ATTACHMENT|invoices-invoice-calculati-4ab39-ith-global-financial-fields-webkit-retry1/trace.zip]]

[[ATTACHMENT|invoices-invoice-calculati-4ab39-ith-global-financial-fields-webkit-retry2/test-failed-1.png]]

[[ATTACHMENT|invoices-invoice-calculati-4ab39-ith-global-financial-fields-webkit-retry2/video.webm]]

[[ATTACHMENT|invoices-invoice-calculati-4ab39-ith-global-financial-fields-webkit-retry2/error-context.md]]
]]>
</system-out>
</testcase>
<testcase name="Invoice Global Financial Calculations › Color coding works for different field types" classname="invoices/invoice-calculations.spec.ts" time="49.483">
<failure message="invoice-calculations.spec.ts:164:7 Color coding works for different field types" type="FAILURE">
<![CDATA[  [webkit] › invoices/invoice-calculations.spec.ts:164:7 › Invoice Global Financial Calculations › Color coding works for different field types 

    TimeoutError: locator.click: Timeout 15000ms exceeded.
    Call log:
      - waiting for locator('input[name="email"], input[type="email"], #email')


       at ../pages/base.page.ts:58

      56 |    */
      57 |   async fillField(locator: Locator, value: string) {
    > 58 |     await locator.click();
         |                   ^
      59 |     await locator.clear();
      60 |     await locator.fill(value);
      61 |   }
        at LoginPage.fillField (/app/pages/base.page.ts:58:19)
        at LoginPage.login (/app/pages/login.page.ts:33:16)
        at LoginPage.quickLogin (/app/pages/login.page.ts:58:16)
        at Object.authenticatedPage (/app/fixtures/auth.fixture.ts:12:5)

    attachment #1: screenshot (image/png) ──────────────────────────────────────────────────────────
    ../test-results/invoices-invoice-calculati-7a221-s-for-different-field-types-webkit/test-failed-1.png
    ────────────────────────────────────────────────────────────────────────────────────────────────

    attachment #2: video (video/webm) ──────────────────────────────────────────────────────────────
    ../test-results/invoices-invoice-calculati-7a221-s-for-different-field-types-webkit/video.webm
    ────────────────────────────────────────────────────────────────────────────────────────────────

    Error Context: ../test-results/invoices-invoice-calculati-7a221-s-for-different-field-types-webkit/error-context.md

    Retry #1 ───────────────────────────────────────────────────────────────────────────────────────

    TimeoutError: locator.click: Timeout 15000ms exceeded.
    Call log:
      - waiting for locator('input[name="email"], input[type="email"], #email')


       at ../pages/base.page.ts:58

      56 |    */
      57 |   async fillField(locator: Locator, value: string) {
    > 58 |     await locator.click();
         |                   ^
      59 |     await locator.clear();
      60 |     await locator.fill(value);
      61 |   }
        at LoginPage.fillField (/app/pages/base.page.ts:58:19)
        at LoginPage.login (/app/pages/login.page.ts:33:16)
        at LoginPage.quickLogin (/app/pages/login.page.ts:58:16)
        at Object.authenticatedPage (/app/fixtures/auth.fixture.ts:12:5)

    attachment #1: screenshot (image/png) ──────────────────────────────────────────────────────────
    ../test-results/invoices-invoice-calculati-7a221-s-for-different-field-types-webkit-retry1/test-failed-1.png
    ────────────────────────────────────────────────────────────────────────────────────────────────

    attachment #2: video (video/webm) ──────────────────────────────────────────────────────────────
    ../test-results/invoices-invoice-calculati-7a221-s-for-different-field-types-webkit-retry1/video.webm
    ────────────────────────────────────────────────────────────────────────────────────────────────

    Error Context: ../test-results/invoices-invoice-calculati-7a221-s-for-different-field-types-webkit-retry1/error-context.md

    attachment #4: trace (application/zip) ─────────────────────────────────────────────────────────
    ../test-results/invoices-invoice-calculati-7a221-s-for-different-field-types-webkit-retry1/trace.zip
    Usage:

        npx playwright show-trace ../test-results/invoices-invoice-calculati-7a221-s-for-different-field-types-webkit-retry1/trace.zip

    ────────────────────────────────────────────────────────────────────────────────────────────────

    Retry #2 ───────────────────────────────────────────────────────────────────────────────────────

    TimeoutError: locator.click: Timeout 15000ms exceeded.
    Call log:
      - waiting for locator('input[name="email"], input[type="email"], #email')


       at ../pages/base.page.ts:58

      56 |    */
      57 |   async fillField(locator: Locator, value: string) {
    > 58 |     await locator.click();
         |                   ^
      59 |     await locator.clear();
      60 |     await locator.fill(value);
      61 |   }
        at LoginPage.fillField (/app/pages/base.page.ts:58:19)
        at LoginPage.login (/app/pages/login.page.ts:33:16)
        at LoginPage.quickLogin (/app/pages/login.page.ts:58:16)
        at Object.authenticatedPage (/app/fixtures/auth.fixture.ts:12:5)

    attachment #1: screenshot (image/png) ──────────────────────────────────────────────────────────
    ../test-results/invoices-invoice-calculati-7a221-s-for-different-field-types-webkit-retry2/test-failed-1.png
    ────────────────────────────────────────────────────────────────────────────────────────────────

    attachment #2: video (video/webm) ──────────────────────────────────────────────────────────────
    ../test-results/invoices-invoice-calculati-7a221-s-for-different-field-types-webkit-retry2/video.webm
    ────────────────────────────────────────────────────────────────────────────────────────────────

    Error Context: ../test-results/invoices-invoice-calculati-7a221-s-for-different-field-types-webkit-retry2/error-context.md
]]>
</failure>
<system-out>
<![CDATA[
[[ATTACHMENT|invoices-invoice-calculati-7a221-s-for-different-field-types-webkit/test-failed-1.png]]

[[ATTACHMENT|invoices-invoice-calculati-7a221-s-for-different-field-types-webkit/video.webm]]

[[ATTACHMENT|invoices-invoice-calculati-7a221-s-for-different-field-types-webkit/error-context.md]]

[[ATTACHMENT|invoices-invoice-calculati-7a221-s-for-different-field-types-webkit-retry1/test-failed-1.png]]

[[ATTACHMENT|invoices-invoice-calculati-7a221-s-for-different-field-types-webkit-retry1/video.webm]]

[[ATTACHMENT|invoices-invoice-calculati-7a221-s-for-different-field-types-webkit-retry1/error-context.md]]

[[ATTACHMENT|invoices-invoice-calculati-7a221-s-for-different-field-types-webkit-retry1/trace.zip]]

[[ATTACHMENT|invoices-invoice-calculati-7a221-s-for-different-field-types-webkit-retry2/test-failed-1.png]]

[[ATTACHMENT|invoices-invoice-calculati-7a221-s-for-different-field-types-webkit-retry2/video.webm]]

[[ATTACHMENT|invoices-invoice-calculati-7a221-s-for-different-field-types-webkit-retry2/error-context.md]]
]]>
</system-out>
</testcase>
<testcase name="Invoice Global Financial Calculations › Form validation for global financial fields" classname="invoices/invoice-calculations.spec.ts" time="48.531">
<failure message="invoice-calculations.spec.ts:194:7 Form validation for global financial fields" type="FAILURE">
<![CDATA[  [webkit] › invoices/invoice-calculations.spec.ts:194:7 › Invoice Global Financial Calculations › Form validation for global financial fields 

    TimeoutError: locator.click: Timeout 15000ms exceeded.
    Call log:
      - waiting for locator('input[name="email"], input[type="email"], #email')


       at ../pages/base.page.ts:58

      56 |    */
      57 |   async fillField(locator: Locator, value: string) {
    > 58 |     await locator.click();
         |                   ^
      59 |     await locator.clear();
      60 |     await locator.fill(value);
      61 |   }
        at LoginPage.fillField (/app/pages/base.page.ts:58:19)
        at LoginPage.login (/app/pages/login.page.ts:33:16)
        at LoginPage.quickLogin (/app/pages/login.page.ts:58:16)
        at Object.authenticatedPage (/app/fixtures/auth.fixture.ts:12:5)

    attachment #1: screenshot (image/png) ──────────────────────────────────────────────────────────
    ../test-results/invoices-invoice-calculati-84ffc-for-global-financial-fields-webkit/test-failed-1.png
    ────────────────────────────────────────────────────────────────────────────────────────────────

    attachment #2: video (video/webm) ──────────────────────────────────────────────────────────────
    ../test-results/invoices-invoice-calculati-84ffc-for-global-financial-fields-webkit/video.webm
    ────────────────────────────────────────────────────────────────────────────────────────────────

    Error Context: ../test-results/invoices-invoice-calculati-84ffc-for-global-financial-fields-webkit/error-context.md

    Retry #1 ───────────────────────────────────────────────────────────────────────────────────────

    TimeoutError: locator.click: Timeout 15000ms exceeded.
    Call log:
      - waiting for locator('input[name="email"], input[type="email"], #email')


       at ../pages/base.page.ts:58

      56 |    */
      57 |   async fillField(locator: Locator, value: string) {
    > 58 |     await locator.click();
         |                   ^
      59 |     await locator.clear();
      60 |     await locator.fill(value);
      61 |   }
        at LoginPage.fillField (/app/pages/base.page.ts:58:19)
        at LoginPage.login (/app/pages/login.page.ts:33:16)
        at LoginPage.quickLogin (/app/pages/login.page.ts:58:16)
        at Object.authenticatedPage (/app/fixtures/auth.fixture.ts:12:5)

    attachment #1: screenshot (image/png) ──────────────────────────────────────────────────────────
    ../test-results/invoices-invoice-calculati-84ffc-for-global-financial-fields-webkit-retry1/test-failed-1.png
    ────────────────────────────────────────────────────────────────────────────────────────────────

    attachment #2: video (video/webm) ──────────────────────────────────────────────────────────────
    ../test-results/invoices-invoice-calculati-84ffc-for-global-financial-fields-webkit-retry1/video.webm
    ────────────────────────────────────────────────────────────────────────────────────────────────

    Error Context: ../test-results/invoices-invoice-calculati-84ffc-for-global-financial-fields-webkit-retry1/error-context.md

    attachment #4: trace (application/zip) ─────────────────────────────────────────────────────────
    ../test-results/invoices-invoice-calculati-84ffc-for-global-financial-fields-webkit-retry1/trace.zip
    Usage:

        npx playwright show-trace ../test-results/invoices-invoice-calculati-84ffc-for-global-financial-fields-webkit-retry1/trace.zip

    ────────────────────────────────────────────────────────────────────────────────────────────────

    Retry #2 ───────────────────────────────────────────────────────────────────────────────────────

    TimeoutError: locator.click: Timeout 15000ms exceeded.
    Call log:
      - waiting for locator('input[name="email"], input[type="email"], #email')


       at ../pages/base.page.ts:58

      56 |    */
      57 |   async fillField(locator: Locator, value: string) {
    > 58 |     await locator.click();
         |                   ^
      59 |     await locator.clear();
      60 |     await locator.fill(value);
      61 |   }
        at LoginPage.fillField (/app/pages/base.page.ts:58:19)
        at LoginPage.login (/app/pages/login.page.ts:33:16)
        at LoginPage.quickLogin (/app/pages/login.page.ts:58:16)
        at Object.authenticatedPage (/app/fixtures/auth.fixture.ts:12:5)

    attachment #1: screenshot (image/png) ──────────────────────────────────────────────────────────
    ../test-results/invoices-invoice-calculati-84ffc-for-global-financial-fields-webkit-retry2/test-failed-1.png
    ────────────────────────────────────────────────────────────────────────────────────────────────

    attachment #2: video (video/webm) ──────────────────────────────────────────────────────────────
    ../test-results/invoices-invoice-calculati-84ffc-for-global-financial-fields-webkit-retry2/video.webm
    ────────────────────────────────────────────────────────────────────────────────────────────────

    Error Context: ../test-results/invoices-invoice-calculati-84ffc-for-global-financial-fields-webkit-retry2/error-context.md
]]>
</failure>
<system-out>
<![CDATA[
[[ATTACHMENT|invoices-invoice-calculati-84ffc-for-global-financial-fields-webkit/test-failed-1.png]]

[[ATTACHMENT|invoices-invoice-calculati-84ffc-for-global-financial-fields-webkit/video.webm]]

[[ATTACHMENT|invoices-invoice-calculati-84ffc-for-global-financial-fields-webkit/error-context.md]]

[[ATTACHMENT|invoices-invoice-calculati-84ffc-for-global-financial-fields-webkit-retry1/test-failed-1.png]]

[[ATTACHMENT|invoices-invoice-calculati-84ffc-for-global-financial-fields-webkit-retry1/video.webm]]

[[ATTACHMENT|invoices-invoice-calculati-84ffc-for-global-financial-fields-webkit-retry1/error-context.md]]

[[ATTACHMENT|invoices-invoice-calculati-84ffc-for-global-financial-fields-webkit-retry1/trace.zip]]

[[ATTACHMENT|invoices-invoice-calculati-84ffc-for-global-financial-fields-webkit-retry2/test-failed-1.png]]

[[ATTACHMENT|invoices-invoice-calculati-84ffc-for-global-financial-fields-webkit-retry2/video.webm]]

[[ATTACHMENT|invoices-invoice-calculati-84ffc-for-global-financial-fields-webkit-retry2/error-context.md]]
]]>
</system-out>
</testcase>
</testsuite>
<testsuite name="workflows/sla-tracking.spec.ts" timestamp="2025-09-25T07:53:49.510Z" hostname="webkit" tests="9" failures="9" skipped="0" time="438.298" errors="0">
<testcase name="SLA Tracking System › SLA indicators on invoices index page › displays correct SLA status indicators for different invoice states" classname="workflows/sla-tracking.spec.ts" time="48.867">
<failure message="sla-tracking.spec.ts:26:9 displays correct SLA status indicators for different invoice states" type="FAILURE">
<![CDATA[  [webkit] › workflows/sla-tracking.spec.ts:26:9 › SLA Tracking System › SLA indicators on invoices index page › displays correct SLA status indicators for different invoice states 

    TimeoutError: locator.click: Timeout 15000ms exceeded.
    Call log:
      - waiting for locator('input[name="email"], input[type="email"], #email')


       at ../pages/base.page.ts:58

      56 |    */
      57 |   async fillField(locator: Locator, value: string) {
    > 58 |     await locator.click();
         |                   ^
      59 |     await locator.clear();
      60 |     await locator.fill(value);
      61 |   }
        at LoginPage.fillField (/app/pages/base.page.ts:58:19)
        at LoginPage.login (/app/pages/login.page.ts:33:16)
        at LoginPage.quickLogin (/app/pages/login.page.ts:58:16)
        at Object.authenticatedPage (/app/fixtures/auth.fixture.ts:12:5)

    attachment #1: screenshot (image/png) ──────────────────────────────────────────────────────────
    ../test-results/workflows-sla-tracking-SLA-15e09-or-different-invoice-states-webkit/test-failed-1.png
    ────────────────────────────────────────────────────────────────────────────────────────────────

    attachment #2: video (video/webm) ──────────────────────────────────────────────────────────────
    ../test-results/workflows-sla-tracking-SLA-15e09-or-different-invoice-states-webkit/video.webm
    ────────────────────────────────────────────────────────────────────────────────────────────────

    Error Context: ../test-results/workflows-sla-tracking-SLA-15e09-or-different-invoice-states-webkit/error-context.md

    Retry #1 ───────────────────────────────────────────────────────────────────────────────────────

    TimeoutError: locator.click: Timeout 15000ms exceeded.
    Call log:
      - waiting for locator('input[name="email"], input[type="email"], #email')


       at ../pages/base.page.ts:58

      56 |    */
      57 |   async fillField(locator: Locator, value: string) {
    > 58 |     await locator.click();
         |                   ^
      59 |     await locator.clear();
      60 |     await locator.fill(value);
      61 |   }
        at LoginPage.fillField (/app/pages/base.page.ts:58:19)
        at LoginPage.login (/app/pages/login.page.ts:33:16)
        at LoginPage.quickLogin (/app/pages/login.page.ts:58:16)
        at Object.authenticatedPage (/app/fixtures/auth.fixture.ts:12:5)

    attachment #1: screenshot (image/png) ──────────────────────────────────────────────────────────
    ../test-results/workflows-sla-tracking-SLA-15e09-or-different-invoice-states-webkit-retry1/test-failed-1.png
    ────────────────────────────────────────────────────────────────────────────────────────────────

    attachment #2: video (video/webm) ──────────────────────────────────────────────────────────────
    ../test-results/workflows-sla-tracking-SLA-15e09-or-different-invoice-states-webkit-retry1/video.webm
    ────────────────────────────────────────────────────────────────────────────────────────────────

    Error Context: ../test-results/workflows-sla-tracking-SLA-15e09-or-different-invoice-states-webkit-retry1/error-context.md

    attachment #4: trace (application/zip) ─────────────────────────────────────────────────────────
    ../test-results/workflows-sla-tracking-SLA-15e09-or-different-invoice-states-webkit-retry1/trace.zip
    Usage:

        npx playwright show-trace ../test-results/workflows-sla-tracking-SLA-15e09-or-different-invoice-states-webkit-retry1/trace.zip

    ────────────────────────────────────────────────────────────────────────────────────────────────

    Retry #2 ───────────────────────────────────────────────────────────────────────────────────────

    TimeoutError: locator.click: Timeout 15000ms exceeded.
    Call log:
      - waiting for locator('input[name="email"], input[type="email"], #email')


       at ../pages/base.page.ts:58

      56 |    */
      57 |   async fillField(locator: Locator, value: string) {
    > 58 |     await locator.click();
         |                   ^
      59 |     await locator.clear();
      60 |     await locator.fill(value);
      61 |   }
        at LoginPage.fillField (/app/pages/base.page.ts:58:19)
        at LoginPage.login (/app/pages/login.page.ts:33:16)
        at LoginPage.quickLogin (/app/pages/login.page.ts:58:16)
        at Object.authenticatedPage (/app/fixtures/auth.fixture.ts:12:5)

    attachment #1: screenshot (image/png) ──────────────────────────────────────────────────────────
    ../test-results/workflows-sla-tracking-SLA-15e09-or-different-invoice-states-webkit-retry2/test-failed-1.png
    ────────────────────────────────────────────────────────────────────────────────────────────────

    attachment #2: video (video/webm) ──────────────────────────────────────────────────────────────
    ../test-results/workflows-sla-tracking-SLA-15e09-or-different-invoice-states-webkit-retry2/video.webm
    ────────────────────────────────────────────────────────────────────────────────────────────────

    Error Context: ../test-results/workflows-sla-tracking-SLA-15e09-or-different-invoice-states-webkit-retry2/error-context.md
]]>
</failure>
<system-out>
<![CDATA[
[[ATTACHMENT|workflows-sla-tracking-SLA-15e09-or-different-invoice-states-webkit/test-failed-1.png]]

[[ATTACHMENT|workflows-sla-tracking-SLA-15e09-or-different-invoice-states-webkit/video.webm]]

[[ATTACHMENT|workflows-sla-tracking-SLA-15e09-or-different-invoice-states-webkit/error-context.md]]

[[ATTACHMENT|workflows-sla-tracking-SLA-15e09-or-different-invoice-states-webkit-retry1/test-failed-1.png]]

[[ATTACHMENT|workflows-sla-tracking-SLA-15e09-or-different-invoice-states-webkit-retry1/video.webm]]

[[ATTACHMENT|workflows-sla-tracking-SLA-15e09-or-different-invoice-states-webkit-retry1/error-context.md]]

[[ATTACHMENT|workflows-sla-tracking-SLA-15e09-or-different-invoice-states-webkit-retry1/trace.zip]]

[[ATTACHMENT|workflows-sla-tracking-SLA-15e09-or-different-invoice-states-webkit-retry2/test-failed-1.png]]

[[ATTACHMENT|workflows-sla-tracking-SLA-15e09-or-different-invoice-states-webkit-retry2/video.webm]]

[[ATTACHMENT|workflows-sla-tracking-SLA-15e09-or-different-invoice-states-webkit-retry2/error-context.md]]
]]>
</system-out>
</testcase>
<testcase name="SLA Tracking System › SLA indicators on invoices index page › displays warning indicator for approaching deadlines" classname="workflows/sla-tracking.spec.ts" time="48.583">
<failure message="sla-tracking.spec.ts:45:9 displays warning indicator for approaching deadlines" type="FAILURE">
<![CDATA[  [webkit] › workflows/sla-tracking.spec.ts:45:9 › SLA Tracking System › SLA indicators on invoices index page › displays warning indicator for approaching deadlines 

    TimeoutError: locator.click: Timeout 15000ms exceeded.
    Call log:
      - waiting for locator('input[name="email"], input[type="email"], #email')


       at ../pages/base.page.ts:58

      56 |    */
      57 |   async fillField(locator: Locator, value: string) {
    > 58 |     await locator.click();
         |                   ^
      59 |     await locator.clear();
      60 |     await locator.fill(value);
      61 |   }
        at LoginPage.fillField (/app/pages/base.page.ts:58:19)
        at LoginPage.login (/app/pages/login.page.ts:33:16)
        at LoginPage.quickLogin (/app/pages/login.page.ts:58:16)
        at Object.authenticatedPage (/app/fixtures/auth.fixture.ts:12:5)

    attachment #1: screenshot (image/png) ──────────────────────────────────────────────────────────
    ../test-results/workflows-sla-tracking-SLA-87986-r-for-approaching-deadlines-webkit/test-failed-1.png
    ────────────────────────────────────────────────────────────────────────────────────────────────

    attachment #2: video (video/webm) ──────────────────────────────────────────────────────────────
    ../test-results/workflows-sla-tracking-SLA-87986-r-for-approaching-deadlines-webkit/video.webm
    ────────────────────────────────────────────────────────────────────────────────────────────────

    Error Context: ../test-results/workflows-sla-tracking-SLA-87986-r-for-approaching-deadlines-webkit/error-context.md

    Retry #1 ───────────────────────────────────────────────────────────────────────────────────────

    TimeoutError: locator.click: Timeout 15000ms exceeded.
    Call log:
      - waiting for locator('input[name="email"], input[type="email"], #email')


       at ../pages/base.page.ts:58

      56 |    */
      57 |   async fillField(locator: Locator, value: string) {
    > 58 |     await locator.click();
         |                   ^
      59 |     await locator.clear();
      60 |     await locator.fill(value);
      61 |   }
        at LoginPage.fillField (/app/pages/base.page.ts:58:19)
        at LoginPage.login (/app/pages/login.page.ts:33:16)
        at LoginPage.quickLogin (/app/pages/login.page.ts:58:16)
        at Object.authenticatedPage (/app/fixtures/auth.fixture.ts:12:5)

    attachment #1: screenshot (image/png) ──────────────────────────────────────────────────────────
    ../test-results/workflows-sla-tracking-SLA-87986-r-for-approaching-deadlines-webkit-retry1/test-failed-1.png
    ────────────────────────────────────────────────────────────────────────────────────────────────

    attachment #2: video (video/webm) ──────────────────────────────────────────────────────────────
    ../test-results/workflows-sla-tracking-SLA-87986-r-for-approaching-deadlines-webkit-retry1/video.webm
    ────────────────────────────────────────────────────────────────────────────────────────────────

    Error Context: ../test-results/workflows-sla-tracking-SLA-87986-r-for-approaching-deadlines-webkit-retry1/error-context.md

    attachment #4: trace (application/zip) ─────────────────────────────────────────────────────────
    ../test-results/workflows-sla-tracking-SLA-87986-r-for-approaching-deadlines-webkit-retry1/trace.zip
    Usage:

        npx playwright show-trace ../test-results/workflows-sla-tracking-SLA-87986-r-for-approaching-deadlines-webkit-retry1/trace.zip

    ────────────────────────────────────────────────────────────────────────────────────────────────

    Retry #2 ───────────────────────────────────────────────────────────────────────────────────────

    TimeoutError: locator.click: Timeout 15000ms exceeded.
    Call log:
      - waiting for locator('input[name="email"], input[type="email"], #email')


       at ../pages/base.page.ts:58

      56 |    */
      57 |   async fillField(locator: Locator, value: string) {
    > 58 |     await locator.click();
         |                   ^
      59 |     await locator.clear();
      60 |     await locator.fill(value);
      61 |   }
        at LoginPage.fillField (/app/pages/base.page.ts:58:19)
        at LoginPage.login (/app/pages/login.page.ts:33:16)
        at LoginPage.quickLogin (/app/pages/login.page.ts:58:16)
        at Object.authenticatedPage (/app/fixtures/auth.fixture.ts:12:5)

    attachment #1: screenshot (image/png) ──────────────────────────────────────────────────────────
    ../test-results/workflows-sla-tracking-SLA-87986-r-for-approaching-deadlines-webkit-retry2/test-failed-1.png
    ────────────────────────────────────────────────────────────────────────────────────────────────

    attachment #2: video (video/webm) ──────────────────────────────────────────────────────────────
    ../test-results/workflows-sla-tracking-SLA-87986-r-for-approaching-deadlines-webkit-retry2/video.webm
    ────────────────────────────────────────────────────────────────────────────────────────────────

    Error Context: ../test-results/workflows-sla-tracking-SLA-87986-r-for-approaching-deadlines-webkit-retry2/error-context.md
]]>
</failure>
<system-out>
<![CDATA[
[[ATTACHMENT|workflows-sla-tracking-SLA-87986-r-for-approaching-deadlines-webkit/test-failed-1.png]]

[[ATTACHMENT|workflows-sla-tracking-SLA-87986-r-for-approaching-deadlines-webkit/video.webm]]

[[ATTACHMENT|workflows-sla-tracking-SLA-87986-r-for-approaching-deadlines-webkit/error-context.md]]

[[ATTACHMENT|workflows-sla-tracking-SLA-87986-r-for-approaching-deadlines-webkit-retry1/test-failed-1.png]]

[[ATTACHMENT|workflows-sla-tracking-SLA-87986-r-for-approaching-deadlines-webkit-retry1/video.webm]]

[[ATTACHMENT|workflows-sla-tracking-SLA-87986-r-for-approaching-deadlines-webkit-retry1/error-context.md]]

[[ATTACHMENT|workflows-sla-tracking-SLA-87986-r-for-approaching-deadlines-webkit-retry1/trace.zip]]

[[ATTACHMENT|workflows-sla-tracking-SLA-87986-r-for-approaching-deadlines-webkit-retry2/test-failed-1.png]]

[[ATTACHMENT|workflows-sla-tracking-SLA-87986-r-for-approaching-deadlines-webkit-retry2/video.webm]]

[[ATTACHMENT|workflows-sla-tracking-SLA-87986-r-for-approaching-deadlines-webkit-retry2/error-context.md]]
]]>
</system-out>
</testcase>
<testcase name="SLA Tracking System › SLA indicators on invoices index page › applies correct styling based on time remaining" classname="workflows/sla-tracking.spec.ts" time="48.642">
<failure message="sla-tracking.spec.ts:54:9 applies correct styling based on time remaining" type="FAILURE">
<![CDATA[  [webkit] › workflows/sla-tracking.spec.ts:54:9 › SLA Tracking System › SLA indicators on invoices index page › applies correct styling based on time remaining 

    TimeoutError: locator.click: Timeout 15000ms exceeded.
    Call log:
      - waiting for locator('input[name="email"], input[type="email"], #email')


       at ../pages/base.page.ts:58

      56 |    */
      57 |   async fillField(locator: Locator, value: string) {
    > 58 |     await locator.click();
         |                   ^
      59 |     await locator.clear();
      60 |     await locator.fill(value);
      61 |   }
        at LoginPage.fillField (/app/pages/base.page.ts:58:19)
        at LoginPage.login (/app/pages/login.page.ts:33:16)
        at LoginPage.quickLogin (/app/pages/login.page.ts:58:16)
        at Object.authenticatedPage (/app/fixtures/auth.fixture.ts:12:5)

    attachment #1: screenshot (image/png) ──────────────────────────────────────────────────────────
    ../test-results/workflows-sla-tracking-SLA-d49e4-ing-based-on-time-remaining-webkit/test-failed-1.png
    ────────────────────────────────────────────────────────────────────────────────────────────────

    attachment #2: video (video/webm) ──────────────────────────────────────────────────────────────
    ../test-results/workflows-sla-tracking-SLA-d49e4-ing-based-on-time-remaining-webkit/video.webm
    ────────────────────────────────────────────────────────────────────────────────────────────────

    Error Context: ../test-results/workflows-sla-tracking-SLA-d49e4-ing-based-on-time-remaining-webkit/error-context.md

    Retry #1 ───────────────────────────────────────────────────────────────────────────────────────

    TimeoutError: locator.click: Timeout 15000ms exceeded.
    Call log:
      - waiting for locator('input[name="email"], input[type="email"], #email')


       at ../pages/base.page.ts:58

      56 |    */
      57 |   async fillField(locator: Locator, value: string) {
    > 58 |     await locator.click();
         |                   ^
      59 |     await locator.clear();
      60 |     await locator.fill(value);
      61 |   }
        at LoginPage.fillField (/app/pages/base.page.ts:58:19)
        at LoginPage.login (/app/pages/login.page.ts:33:16)
        at LoginPage.quickLogin (/app/pages/login.page.ts:58:16)
        at Object.authenticatedPage (/app/fixtures/auth.fixture.ts:12:5)

    attachment #1: screenshot (image/png) ──────────────────────────────────────────────────────────
    ../test-results/workflows-sla-tracking-SLA-d49e4-ing-based-on-time-remaining-webkit-retry1/test-failed-1.png
    ────────────────────────────────────────────────────────────────────────────────────────────────

    attachment #2: video (video/webm) ──────────────────────────────────────────────────────────────
    ../test-results/workflows-sla-tracking-SLA-d49e4-ing-based-on-time-remaining-webkit-retry1/video.webm
    ────────────────────────────────────────────────────────────────────────────────────────────────

    Error Context: ../test-results/workflows-sla-tracking-SLA-d49e4-ing-based-on-time-remaining-webkit-retry1/error-context.md

    attachment #4: trace (application/zip) ─────────────────────────────────────────────────────────
    ../test-results/workflows-sla-tracking-SLA-d49e4-ing-based-on-time-remaining-webkit-retry1/trace.zip
    Usage:

        npx playwright show-trace ../test-results/workflows-sla-tracking-SLA-d49e4-ing-based-on-time-remaining-webkit-retry1/trace.zip

    ────────────────────────────────────────────────────────────────────────────────────────────────

    Retry #2 ───────────────────────────────────────────────────────────────────────────────────────

    TimeoutError: locator.click: Timeout 15000ms exceeded.
    Call log:
      - waiting for locator('input[name="email"], input[type="email"], #email')


       at ../pages/base.page.ts:58

      56 |    */
      57 |   async fillField(locator: Locator, value: string) {
    > 58 |     await locator.click();
         |                   ^
      59 |     await locator.clear();
      60 |     await locator.fill(value);
      61 |   }
        at LoginPage.fillField (/app/pages/base.page.ts:58:19)
        at LoginPage.login (/app/pages/login.page.ts:33:16)
        at LoginPage.quickLogin (/app/pages/login.page.ts:58:16)
        at Object.authenticatedPage (/app/fixtures/auth.fixture.ts:12:5)

    attachment #1: screenshot (image/png) ──────────────────────────────────────────────────────────
    ../test-results/workflows-sla-tracking-SLA-d49e4-ing-based-on-time-remaining-webkit-retry2/test-failed-1.png
    ────────────────────────────────────────────────────────────────────────────────────────────────

    attachment #2: video (video/webm) ──────────────────────────────────────────────────────────────
    ../test-results/workflows-sla-tracking-SLA-d49e4-ing-based-on-time-remaining-webkit-retry2/video.webm
    ────────────────────────────────────────────────────────────────────────────────────────────────

    Error Context: ../test-results/workflows-sla-tracking-SLA-d49e4-ing-based-on-time-remaining-webkit-retry2/error-context.md
]]>
</failure>
<system-out>
<![CDATA[
[[ATTACHMENT|workflows-sla-tracking-SLA-d49e4-ing-based-on-time-remaining-webkit/test-failed-1.png]]

[[ATTACHMENT|workflows-sla-tracking-SLA-d49e4-ing-based-on-time-remaining-webkit/video.webm]]

[[ATTACHMENT|workflows-sla-tracking-SLA-d49e4-ing-based-on-time-remaining-webkit/error-context.md]]

[[ATTACHMENT|workflows-sla-tracking-SLA-d49e4-ing-based-on-time-remaining-webkit-retry1/test-failed-1.png]]

[[ATTACHMENT|workflows-sla-tracking-SLA-d49e4-ing-based-on-time-remaining-webkit-retry1/video.webm]]

[[ATTACHMENT|workflows-sla-tracking-SLA-d49e4-ing-based-on-time-remaining-webkit-retry1/error-context.md]]

[[ATTACHMENT|workflows-sla-tracking-SLA-d49e4-ing-based-on-time-remaining-webkit-retry1/trace.zip]]

[[ATTACHMENT|workflows-sla-tracking-SLA-d49e4-ing-based-on-time-remaining-webkit-retry2/test-failed-1.png]]

[[ATTACHMENT|workflows-sla-tracking-SLA-d49e4-ing-based-on-time-remaining-webkit-retry2/video.webm]]

[[ATTACHMENT|workflows-sla-tracking-SLA-d49e4-ing-based-on-time-remaining-webkit-retry2/error-context.md]]
]]>
</system-out>
</testcase>
<testcase name="SLA Tracking System › detailed SLA information on workflow page › displays comprehensive SLA details for active invoices" classname="workflows/sla-tracking.spec.ts" time="48.423">
<failure message="sla-tracking.spec.ts:71:9 displays comprehensive SLA details for active invoices" type="FAILURE">
<![CDATA[  [webkit] › workflows/sla-tracking.spec.ts:71:9 › SLA Tracking System › detailed SLA information on workflow page › displays comprehensive SLA details for active invoices 

    TimeoutError: locator.click: Timeout 15000ms exceeded.
    Call log:
      - waiting for locator('input[name="email"], input[type="email"], #email')


       at ../pages/base.page.ts:58

      56 |    */
      57 |   async fillField(locator: Locator, value: string) {
    > 58 |     await locator.click();
         |                   ^
      59 |     await locator.clear();
      60 |     await locator.fill(value);
      61 |   }
        at LoginPage.fillField (/app/pages/base.page.ts:58:19)
        at LoginPage.login (/app/pages/login.page.ts:33:16)
        at LoginPage.quickLogin (/app/pages/login.page.ts:58:16)
        at Object.authenticatedPage (/app/fixtures/auth.fixture.ts:12:5)

    attachment #1: screenshot (image/png) ──────────────────────────────────────────────────────────
    ../test-results/workflows-sla-tracking-SLA-eca3f-details-for-active-invoices-webkit/test-failed-1.png
    ────────────────────────────────────────────────────────────────────────────────────────────────

    attachment #2: video (video/webm) ──────────────────────────────────────────────────────────────
    ../test-results/workflows-sla-tracking-SLA-eca3f-details-for-active-invoices-webkit/video.webm
    ────────────────────────────────────────────────────────────────────────────────────────────────

    Error Context: ../test-results/workflows-sla-tracking-SLA-eca3f-details-for-active-invoices-webkit/error-context.md

    Retry #1 ───────────────────────────────────────────────────────────────────────────────────────

    TimeoutError: locator.click: Timeout 15000ms exceeded.
    Call log:
      - waiting for locator('input[name="email"], input[type="email"], #email')


       at ../pages/base.page.ts:58

      56 |    */
      57 |   async fillField(locator: Locator, value: string) {
    > 58 |     await locator.click();
         |                   ^
      59 |     await locator.clear();
      60 |     await locator.fill(value);
      61 |   }
        at LoginPage.fillField (/app/pages/base.page.ts:58:19)
        at LoginPage.login (/app/pages/login.page.ts:33:16)
        at LoginPage.quickLogin (/app/pages/login.page.ts:58:16)
        at Object.authenticatedPage (/app/fixtures/auth.fixture.ts:12:5)

    attachment #1: screenshot (image/png) ──────────────────────────────────────────────────────────
    ../test-results/workflows-sla-tracking-SLA-eca3f-details-for-active-invoices-webkit-retry1/test-failed-1.png
    ────────────────────────────────────────────────────────────────────────────────────────────────

    attachment #2: video (video/webm) ──────────────────────────────────────────────────────────────
    ../test-results/workflows-sla-tracking-SLA-eca3f-details-for-active-invoices-webkit-retry1/video.webm
    ────────────────────────────────────────────────────────────────────────────────────────────────

    Error Context: ../test-results/workflows-sla-tracking-SLA-eca3f-details-for-active-invoices-webkit-retry1/error-context.md

    attachment #4: trace (application/zip) ─────────────────────────────────────────────────────────
    ../test-results/workflows-sla-tracking-SLA-eca3f-details-for-active-invoices-webkit-retry1/trace.zip
    Usage:

        npx playwright show-trace ../test-results/workflows-sla-tracking-SLA-eca3f-details-for-active-invoices-webkit-retry1/trace.zip

    ────────────────────────────────────────────────────────────────────────────────────────────────

    Retry #2 ───────────────────────────────────────────────────────────────────────────────────────

    TimeoutError: locator.click: Timeout 15000ms exceeded.
    Call log:
      - waiting for locator('input[name="email"], input[type="email"], #email')


       at ../pages/base.page.ts:58

      56 |    */
      57 |   async fillField(locator: Locator, value: string) {
    > 58 |     await locator.click();
         |                   ^
      59 |     await locator.clear();
      60 |     await locator.fill(value);
      61 |   }
        at LoginPage.fillField (/app/pages/base.page.ts:58:19)
        at LoginPage.login (/app/pages/login.page.ts:33:16)
        at LoginPage.quickLogin (/app/pages/login.page.ts:58:16)
        at Object.authenticatedPage (/app/fixtures/auth.fixture.ts:12:5)

    attachment #1: screenshot (image/png) ──────────────────────────────────────────────────────────
    ../test-results/workflows-sla-tracking-SLA-eca3f-details-for-active-invoices-webkit-retry2/test-failed-1.png
    ────────────────────────────────────────────────────────────────────────────────────────────────

    attachment #2: video (video/webm) ──────────────────────────────────────────────────────────────
    ../test-results/workflows-sla-tracking-SLA-eca3f-details-for-active-invoices-webkit-retry2/video.webm
    ────────────────────────────────────────────────────────────────────────────────────────────────

    Error Context: ../test-results/workflows-sla-tracking-SLA-eca3f-details-for-active-invoices-webkit-retry2/error-context.md
]]>
</failure>
<system-out>
<![CDATA[
[[ATTACHMENT|workflows-sla-tracking-SLA-eca3f-details-for-active-invoices-webkit/test-failed-1.png]]

[[ATTACHMENT|workflows-sla-tracking-SLA-eca3f-details-for-active-invoices-webkit/video.webm]]

[[ATTACHMENT|workflows-sla-tracking-SLA-eca3f-details-for-active-invoices-webkit/error-context.md]]

[[ATTACHMENT|workflows-sla-tracking-SLA-eca3f-details-for-active-invoices-webkit-retry1/test-failed-1.png]]

[[ATTACHMENT|workflows-sla-tracking-SLA-eca3f-details-for-active-invoices-webkit-retry1/video.webm]]

[[ATTACHMENT|workflows-sla-tracking-SLA-eca3f-details-for-active-invoices-webkit-retry1/error-context.md]]

[[ATTACHMENT|workflows-sla-tracking-SLA-eca3f-details-for-active-invoices-webkit-retry1/trace.zip]]

[[ATTACHMENT|workflows-sla-tracking-SLA-eca3f-details-for-active-invoices-webkit-retry2/test-failed-1.png]]

[[ATTACHMENT|workflows-sla-tracking-SLA-eca3f-details-for-active-invoices-webkit-retry2/video.webm]]

[[ATTACHMENT|workflows-sla-tracking-SLA-eca3f-details-for-active-invoices-webkit-retry2/error-context.md]]
]]>
</system-out>
</testcase>
<testcase name="SLA Tracking System › detailed SLA information on workflow page › displays overdue SLA details with correct styling" classname="workflows/sla-tracking.spec.ts" time="48.991">
<failure message="sla-tracking.spec.ts:90:9 displays overdue SLA details with correct styling" type="FAILURE">
<![CDATA[  [webkit] › workflows/sla-tracking.spec.ts:90:9 › SLA Tracking System › detailed SLA information on workflow page › displays overdue SLA details with correct styling 

    TimeoutError: locator.click: Timeout 15000ms exceeded.
    Call log:
      - waiting for locator('input[name="email"], input[type="email"], #email')


       at ../pages/base.page.ts:58

      56 |    */
      57 |   async fillField(locator: Locator, value: string) {
    > 58 |     await locator.click();
         |                   ^
      59 |     await locator.clear();
      60 |     await locator.fill(value);
      61 |   }
        at LoginPage.fillField (/app/pages/base.page.ts:58:19)
        at LoginPage.login (/app/pages/login.page.ts:33:16)
        at LoginPage.quickLogin (/app/pages/login.page.ts:58:16)
        at Object.authenticatedPage (/app/fixtures/auth.fixture.ts:12:5)

    attachment #1: screenshot (image/png) ──────────────────────────────────────────────────────────
    ../test-results/workflows-sla-tracking-SLA-e086f-etails-with-correct-styling-webkit/test-failed-1.png
    ────────────────────────────────────────────────────────────────────────────────────────────────

    attachment #2: video (video/webm) ──────────────────────────────────────────────────────────────
    ../test-results/workflows-sla-tracking-SLA-e086f-etails-with-correct-styling-webkit/video.webm
    ────────────────────────────────────────────────────────────────────────────────────────────────

    Error Context: ../test-results/workflows-sla-tracking-SLA-e086f-etails-with-correct-styling-webkit/error-context.md

    Retry #1 ───────────────────────────────────────────────────────────────────────────────────────

    TimeoutError: locator.click: Timeout 15000ms exceeded.
    Call log:
      - waiting for locator('input[name="email"], input[type="email"], #email')


       at ../pages/base.page.ts:58

      56 |    */
      57 |   async fillField(locator: Locator, value: string) {
    > 58 |     await locator.click();
         |                   ^
      59 |     await locator.clear();
      60 |     await locator.fill(value);
      61 |   }
        at LoginPage.fillField (/app/pages/base.page.ts:58:19)
        at LoginPage.login (/app/pages/login.page.ts:33:16)
        at LoginPage.quickLogin (/app/pages/login.page.ts:58:16)
        at Object.authenticatedPage (/app/fixtures/auth.fixture.ts:12:5)

    attachment #1: screenshot (image/png) ──────────────────────────────────────────────────────────
    ../test-results/workflows-sla-tracking-SLA-e086f-etails-with-correct-styling-webkit-retry1/test-failed-1.png
    ────────────────────────────────────────────────────────────────────────────────────────────────

    attachment #2: video (video/webm) ──────────────────────────────────────────────────────────────
    ../test-results/workflows-sla-tracking-SLA-e086f-etails-with-correct-styling-webkit-retry1/video.webm
    ────────────────────────────────────────────────────────────────────────────────────────────────

    Error Context: ../test-results/workflows-sla-tracking-SLA-e086f-etails-with-correct-styling-webkit-retry1/error-context.md

    attachment #4: trace (application/zip) ─────────────────────────────────────────────────────────
    ../test-results/workflows-sla-tracking-SLA-e086f-etails-with-correct-styling-webkit-retry1/trace.zip
    Usage:

        npx playwright show-trace ../test-results/workflows-sla-tracking-SLA-e086f-etails-with-correct-styling-webkit-retry1/trace.zip

    ────────────────────────────────────────────────────────────────────────────────────────────────

    Retry #2 ───────────────────────────────────────────────────────────────────────────────────────

    TimeoutError: locator.click: Timeout 15000ms exceeded.
    Call log:
      - waiting for locator('input[name="email"], input[type="email"], #email')


       at ../pages/base.page.ts:58

      56 |    */
      57 |   async fillField(locator: Locator, value: string) {
    > 58 |     await locator.click();
         |                   ^
      59 |     await locator.clear();
      60 |     await locator.fill(value);
      61 |   }
        at LoginPage.fillField (/app/pages/base.page.ts:58:19)
        at LoginPage.login (/app/pages/login.page.ts:33:16)
        at LoginPage.quickLogin (/app/pages/login.page.ts:58:16)
        at Object.authenticatedPage (/app/fixtures/auth.fixture.ts:12:5)

    attachment #1: screenshot (image/png) ──────────────────────────────────────────────────────────
    ../test-results/workflows-sla-tracking-SLA-e086f-etails-with-correct-styling-webkit-retry2/test-failed-1.png
    ────────────────────────────────────────────────────────────────────────────────────────────────

    attachment #2: video (video/webm) ──────────────────────────────────────────────────────────────
    ../test-results/workflows-sla-tracking-SLA-e086f-etails-with-correct-styling-webkit-retry2/video.webm
    ────────────────────────────────────────────────────────────────────────────────────────────────

    Error Context: ../test-results/workflows-sla-tracking-SLA-e086f-etails-with-correct-styling-webkit-retry2/error-context.md
]]>
</failure>
<system-out>
<![CDATA[
[[ATTACHMENT|workflows-sla-tracking-SLA-e086f-etails-with-correct-styling-webkit/test-failed-1.png]]

[[ATTACHMENT|workflows-sla-tracking-SLA-e086f-etails-with-correct-styling-webkit/video.webm]]

[[ATTACHMENT|workflows-sla-tracking-SLA-e086f-etails-with-correct-styling-webkit/error-context.md]]

[[ATTACHMENT|workflows-sla-tracking-SLA-e086f-etails-with-correct-styling-webkit-retry1/test-failed-1.png]]

[[ATTACHMENT|workflows-sla-tracking-SLA-e086f-etails-with-correct-styling-webkit-retry1/video.webm]]

[[ATTACHMENT|workflows-sla-tracking-SLA-e086f-etails-with-correct-styling-webkit-retry1/error-context.md]]

[[ATTACHMENT|workflows-sla-tracking-SLA-e086f-etails-with-correct-styling-webkit-retry1/trace.zip]]

[[ATTACHMENT|workflows-sla-tracking-SLA-e086f-etails-with-correct-styling-webkit-retry2/test-failed-1.png]]

[[ATTACHMENT|workflows-sla-tracking-SLA-e086f-etails-with-correct-styling-webkit-retry2/video.webm]]

[[ATTACHMENT|workflows-sla-tracking-SLA-e086f-etails-with-correct-styling-webkit-retry2/error-context.md]]
]]>
</system-out>
</testcase>
<testcase name="SLA Tracking System › detailed SLA information on workflow page › handles invoices without SLA deadline" classname="workflows/sla-tracking.spec.ts" time="48.989">
<failure message="sla-tracking.spec.ts:104:9 handles invoices without SLA deadline" type="FAILURE">
<![CDATA[  [webkit] › workflows/sla-tracking.spec.ts:104:9 › SLA Tracking System › detailed SLA information on workflow page › handles invoices without SLA deadline 

    TimeoutError: locator.click: Timeout 15000ms exceeded.
    Call log:
      - waiting for locator('input[name="email"], input[type="email"], #email')


       at ../pages/base.page.ts:58

      56 |    */
      57 |   async fillField(locator: Locator, value: string) {
    > 58 |     await locator.click();
         |                   ^
      59 |     await locator.clear();
      60 |     await locator.fill(value);
      61 |   }
        at LoginPage.fillField (/app/pages/base.page.ts:58:19)
        at LoginPage.login (/app/pages/login.page.ts:33:16)
        at LoginPage.quickLogin (/app/pages/login.page.ts:58:16)
        at Object.authenticatedPage (/app/fixtures/auth.fixture.ts:12:5)

    attachment #1: screenshot (image/png) ──────────────────────────────────────────────────────────
    ../test-results/workflows-sla-tracking-SLA-c39d2-voices-without-SLA-deadline-webkit/test-failed-1.png
    ────────────────────────────────────────────────────────────────────────────────────────────────

    attachment #2: video (video/webm) ──────────────────────────────────────────────────────────────
    ../test-results/workflows-sla-tracking-SLA-c39d2-voices-without-SLA-deadline-webkit/video.webm
    ────────────────────────────────────────────────────────────────────────────────────────────────

    Error Context: ../test-results/workflows-sla-tracking-SLA-c39d2-voices-without-SLA-deadline-webkit/error-context.md

    Retry #1 ───────────────────────────────────────────────────────────────────────────────────────

    TimeoutError: locator.click: Timeout 15000ms exceeded.
    Call log:
      - waiting for locator('input[name="email"], input[type="email"], #email')


       at ../pages/base.page.ts:58

      56 |    */
      57 |   async fillField(locator: Locator, value: string) {
    > 58 |     await locator.click();
         |                   ^
      59 |     await locator.clear();
      60 |     await locator.fill(value);
      61 |   }
        at LoginPage.fillField (/app/pages/base.page.ts:58:19)
        at LoginPage.login (/app/pages/login.page.ts:33:16)
        at LoginPage.quickLogin (/app/pages/login.page.ts:58:16)
        at Object.authenticatedPage (/app/fixtures/auth.fixture.ts:12:5)

    attachment #1: screenshot (image/png) ──────────────────────────────────────────────────────────
    ../test-results/workflows-sla-tracking-SLA-c39d2-voices-without-SLA-deadline-webkit-retry1/test-failed-1.png
    ────────────────────────────────────────────────────────────────────────────────────────────────

    attachment #2: video (video/webm) ──────────────────────────────────────────────────────────────
    ../test-results/workflows-sla-tracking-SLA-c39d2-voices-without-SLA-deadline-webkit-retry1/video.webm
    ────────────────────────────────────────────────────────────────────────────────────────────────

    Error Context: ../test-results/workflows-sla-tracking-SLA-c39d2-voices-without-SLA-deadline-webkit-retry1/error-context.md

    attachment #4: trace (application/zip) ─────────────────────────────────────────────────────────
    ../test-results/workflows-sla-tracking-SLA-c39d2-voices-without-SLA-deadline-webkit-retry1/trace.zip
    Usage:

        npx playwright show-trace ../test-results/workflows-sla-tracking-SLA-c39d2-voices-without-SLA-deadline-webkit-retry1/trace.zip

    ────────────────────────────────────────────────────────────────────────────────────────────────

    Retry #2 ───────────────────────────────────────────────────────────────────────────────────────

    TimeoutError: locator.click: Timeout 15000ms exceeded.
    Call log:
      - waiting for locator('input[name="email"], input[type="email"], #email')


       at ../pages/base.page.ts:58

      56 |    */
      57 |   async fillField(locator: Locator, value: string) {
    > 58 |     await locator.click();
         |                   ^
      59 |     await locator.clear();
      60 |     await locator.fill(value);
      61 |   }
        at LoginPage.fillField (/app/pages/base.page.ts:58:19)
        at LoginPage.login (/app/pages/login.page.ts:33:16)
        at LoginPage.quickLogin (/app/pages/login.page.ts:58:16)
        at Object.authenticatedPage (/app/fixtures/auth.fixture.ts:12:5)

    attachment #1: screenshot (image/png) ──────────────────────────────────────────────────────────
    ../test-results/workflows-sla-tracking-SLA-c39d2-voices-without-SLA-deadline-webkit-retry2/test-failed-1.png
    ────────────────────────────────────────────────────────────────────────────────────────────────

    attachment #2: video (video/webm) ──────────────────────────────────────────────────────────────
    ../test-results/workflows-sla-tracking-SLA-c39d2-voices-without-SLA-deadline-webkit-retry2/video.webm
    ────────────────────────────────────────────────────────────────────────────────────────────────

    Error Context: ../test-results/workflows-sla-tracking-SLA-c39d2-voices-without-SLA-deadline-webkit-retry2/error-context.md
]]>
</failure>
<system-out>
<![CDATA[
[[ATTACHMENT|workflows-sla-tracking-SLA-c39d2-voices-without-SLA-deadline-webkit/test-failed-1.png]]

[[ATTACHMENT|workflows-sla-tracking-SLA-c39d2-voices-without-SLA-deadline-webkit/video.webm]]

[[ATTACHMENT|workflows-sla-tracking-SLA-c39d2-voices-without-SLA-deadline-webkit/error-context.md]]

[[ATTACHMENT|workflows-sla-tracking-SLA-c39d2-voices-without-SLA-deadline-webkit-retry1/test-failed-1.png]]

[[ATTACHMENT|workflows-sla-tracking-SLA-c39d2-voices-without-SLA-deadline-webkit-retry1/video.webm]]

[[ATTACHMENT|workflows-sla-tracking-SLA-c39d2-voices-without-SLA-deadline-webkit-retry1/error-context.md]]

[[ATTACHMENT|workflows-sla-tracking-SLA-c39d2-voices-without-SLA-deadline-webkit-retry1/trace.zip]]

[[ATTACHMENT|workflows-sla-tracking-SLA-c39d2-voices-without-SLA-deadline-webkit-retry2/test-failed-1.png]]

[[ATTACHMENT|workflows-sla-tracking-SLA-c39d2-voices-without-SLA-deadline-webkit-retry2/video.webm]]

[[ATTACHMENT|workflows-sla-tracking-SLA-c39d2-voices-without-SLA-deadline-webkit-retry2/error-context.md]]
]]>
</system-out>
</testcase>
<testcase name="SLA Tracking System › detailed SLA information on workflow page › calculates and displays correct progress percentage" classname="workflows/sla-tracking.spec.ts" time="48.642">
<failure message="sla-tracking.spec.ts:117:9 calculates and displays correct progress percentage" type="FAILURE">
<![CDATA[  [webkit] › workflows/sla-tracking.spec.ts:117:9 › SLA Tracking System › detailed SLA information on workflow page › calculates and displays correct progress percentage 

    TimeoutError: locator.click: Timeout 15000ms exceeded.
    Call log:
      - waiting for locator('input[name="email"], input[type="email"], #email')


       at ../pages/base.page.ts:58

      56 |    */
      57 |   async fillField(locator: Locator, value: string) {
    > 58 |     await locator.click();
         |                   ^
      59 |     await locator.clear();
      60 |     await locator.fill(value);
      61 |   }
        at LoginPage.fillField (/app/pages/base.page.ts:58:19)
        at LoginPage.login (/app/pages/login.page.ts:33:16)
        at LoginPage.quickLogin (/app/pages/login.page.ts:58:16)
        at Object.authenticatedPage (/app/fixtures/auth.fixture.ts:12:5)

    attachment #1: screenshot (image/png) ──────────────────────────────────────────────────────────
    ../test-results/workflows-sla-tracking-SLA-01b13-correct-progress-percentage-webkit/test-failed-1.png
    ────────────────────────────────────────────────────────────────────────────────────────────────

    attachment #2: video (video/webm) ──────────────────────────────────────────────────────────────
    ../test-results/workflows-sla-tracking-SLA-01b13-correct-progress-percentage-webkit/video.webm
    ────────────────────────────────────────────────────────────────────────────────────────────────

    Error Context: ../test-results/workflows-sla-tracking-SLA-01b13-correct-progress-percentage-webkit/error-context.md

    Retry #1 ───────────────────────────────────────────────────────────────────────────────────────

    TimeoutError: locator.click: Timeout 15000ms exceeded.
    Call log:
      - waiting for locator('input[name="email"], input[type="email"], #email')


       at ../pages/base.page.ts:58

      56 |    */
      57 |   async fillField(locator: Locator, value: string) {
    > 58 |     await locator.click();
         |                   ^
      59 |     await locator.clear();
      60 |     await locator.fill(value);
      61 |   }
        at LoginPage.fillField (/app/pages/base.page.ts:58:19)
        at LoginPage.login (/app/pages/login.page.ts:33:16)
        at LoginPage.quickLogin (/app/pages/login.page.ts:58:16)
        at Object.authenticatedPage (/app/fixtures/auth.fixture.ts:12:5)

    attachment #1: screenshot (image/png) ──────────────────────────────────────────────────────────
    ../test-results/workflows-sla-tracking-SLA-01b13-correct-progress-percentage-webkit-retry1/test-failed-1.png
    ────────────────────────────────────────────────────────────────────────────────────────────────

    attachment #2: video (video/webm) ──────────────────────────────────────────────────────────────
    ../test-results/workflows-sla-tracking-SLA-01b13-correct-progress-percentage-webkit-retry1/video.webm
    ────────────────────────────────────────────────────────────────────────────────────────────────

    Error Context: ../test-results/workflows-sla-tracking-SLA-01b13-correct-progress-percentage-webkit-retry1/error-context.md

    attachment #4: trace (application/zip) ─────────────────────────────────────────────────────────
    ../test-results/workflows-sla-tracking-SLA-01b13-correct-progress-percentage-webkit-retry1/trace.zip
    Usage:

        npx playwright show-trace ../test-results/workflows-sla-tracking-SLA-01b13-correct-progress-percentage-webkit-retry1/trace.zip

    ────────────────────────────────────────────────────────────────────────────────────────────────

    Retry #2 ───────────────────────────────────────────────────────────────────────────────────────

    TimeoutError: locator.click: Timeout 15000ms exceeded.
    Call log:
      - waiting for locator('input[name="email"], input[type="email"], #email')


       at ../pages/base.page.ts:58

      56 |    */
      57 |   async fillField(locator: Locator, value: string) {
    > 58 |     await locator.click();
         |                   ^
      59 |     await locator.clear();
      60 |     await locator.fill(value);
      61 |   }
        at LoginPage.fillField (/app/pages/base.page.ts:58:19)
        at LoginPage.login (/app/pages/login.page.ts:33:16)
        at LoginPage.quickLogin (/app/pages/login.page.ts:58:16)
        at Object.authenticatedPage (/app/fixtures/auth.fixture.ts:12:5)

    attachment #1: screenshot (image/png) ──────────────────────────────────────────────────────────
    ../test-results/workflows-sla-tracking-SLA-01b13-correct-progress-percentage-webkit-retry2/test-failed-1.png
    ────────────────────────────────────────────────────────────────────────────────────────────────

    attachment #2: video (video/webm) ──────────────────────────────────────────────────────────────
    ../test-results/workflows-sla-tracking-SLA-01b13-correct-progress-percentage-webkit-retry2/video.webm
    ────────────────────────────────────────────────────────────────────────────────────────────────

    Error Context: ../test-results/workflows-sla-tracking-SLA-01b13-correct-progress-percentage-webkit-retry2/error-context.md
]]>
</failure>
<system-out>
<![CDATA[
[[ATTACHMENT|workflows-sla-tracking-SLA-01b13-correct-progress-percentage-webkit/test-failed-1.png]]

[[ATTACHMENT|workflows-sla-tracking-SLA-01b13-correct-progress-percentage-webkit/video.webm]]

[[ATTACHMENT|workflows-sla-tracking-SLA-01b13-correct-progress-percentage-webkit/error-context.md]]

[[ATTACHMENT|workflows-sla-tracking-SLA-01b13-correct-progress-percentage-webkit-retry1/test-failed-1.png]]

[[ATTACHMENT|workflows-sla-tracking-SLA-01b13-correct-progress-percentage-webkit-retry1/video.webm]]

[[ATTACHMENT|workflows-sla-tracking-SLA-01b13-correct-progress-percentage-webkit-retry1/error-context.md]]

[[ATTACHMENT|workflows-sla-tracking-SLA-01b13-correct-progress-percentage-webkit-retry1/trace.zip]]

[[ATTACHMENT|workflows-sla-tracking-SLA-01b13-correct-progress-percentage-webkit-retry2/test-failed-1.png]]

[[ATTACHMENT|workflows-sla-tracking-SLA-01b13-correct-progress-percentage-webkit-retry2/video.webm]]

[[ATTACHMENT|workflows-sla-tracking-SLA-01b13-correct-progress-percentage-webkit-retry2/error-context.md]]
]]>
</system-out>
</testcase>
<testcase name="SLA Tracking System › edge cases and error handling › handles missing workflow data gracefully" classname="workflows/sla-tracking.spec.ts" time="48.553">
<failure message="sla-tracking.spec.ts:131:9 handles missing workflow data gracefully" type="FAILURE">
<![CDATA[  [webkit] › workflows/sla-tracking.spec.ts:131:9 › SLA Tracking System › edge cases and error handling › handles missing workflow data gracefully 

    TimeoutError: locator.click: Timeout 15000ms exceeded.
    Call log:
      - waiting for locator('input[name="email"], input[type="email"], #email')


       at ../pages/base.page.ts:58

      56 |    */
      57 |   async fillField(locator: Locator, value: string) {
    > 58 |     await locator.click();
         |                   ^
      59 |     await locator.clear();
      60 |     await locator.fill(value);
      61 |   }
        at LoginPage.fillField (/app/pages/base.page.ts:58:19)
        at LoginPage.login (/app/pages/login.page.ts:33:16)
        at LoginPage.quickLogin (/app/pages/login.page.ts:58:16)
        at Object.authenticatedPage (/app/fixtures/auth.fixture.ts:12:5)

    attachment #1: screenshot (image/png) ──────────────────────────────────────────────────────────
    ../test-results/workflows-sla-tracking-SLA-28e48-ng-workflow-data-gracefully-webkit/test-failed-1.png
    ────────────────────────────────────────────────────────────────────────────────────────────────

    attachment #2: video (video/webm) ──────────────────────────────────────────────────────────────
    ../test-results/workflows-sla-tracking-SLA-28e48-ng-workflow-data-gracefully-webkit/video.webm
    ────────────────────────────────────────────────────────────────────────────────────────────────

    Error Context: ../test-results/workflows-sla-tracking-SLA-28e48-ng-workflow-data-gracefully-webkit/error-context.md

    Retry #1 ───────────────────────────────────────────────────────────────────────────────────────

    TimeoutError: locator.click: Timeout 15000ms exceeded.
    Call log:
      - waiting for locator('input[name="email"], input[type="email"], #email')


       at ../pages/base.page.ts:58

      56 |    */
      57 |   async fillField(locator: Locator, value: string) {
    > 58 |     await locator.click();
         |                   ^
      59 |     await locator.clear();
      60 |     await locator.fill(value);
      61 |   }
        at LoginPage.fillField (/app/pages/base.page.ts:58:19)
        at LoginPage.login (/app/pages/login.page.ts:33:16)
        at LoginPage.quickLogin (/app/pages/login.page.ts:58:16)
        at Object.authenticatedPage (/app/fixtures/auth.fixture.ts:12:5)

    attachment #1: screenshot (image/png) ──────────────────────────────────────────────────────────
    ../test-results/workflows-sla-tracking-SLA-28e48-ng-workflow-data-gracefully-webkit-retry1/test-failed-1.png
    ────────────────────────────────────────────────────────────────────────────────────────────────

    attachment #2: video (video/webm) ──────────────────────────────────────────────────────────────
    ../test-results/workflows-sla-tracking-SLA-28e48-ng-workflow-data-gracefully-webkit-retry1/video.webm
    ────────────────────────────────────────────────────────────────────────────────────────────────

    Error Context: ../test-results/workflows-sla-tracking-SLA-28e48-ng-workflow-data-gracefully-webkit-retry1/error-context.md

    attachment #4: trace (application/zip) ─────────────────────────────────────────────────────────
    ../test-results/workflows-sla-tracking-SLA-28e48-ng-workflow-data-gracefully-webkit-retry1/trace.zip
    Usage:

        npx playwright show-trace ../test-results/workflows-sla-tracking-SLA-28e48-ng-workflow-data-gracefully-webkit-retry1/trace.zip

    ────────────────────────────────────────────────────────────────────────────────────────────────

    Retry #2 ───────────────────────────────────────────────────────────────────────────────────────

    TimeoutError: locator.click: Timeout 15000ms exceeded.
    Call log:
      - waiting for locator('input[name="email"], input[type="email"], #email')


       at ../pages/base.page.ts:58

      56 |    */
      57 |   async fillField(locator: Locator, value: string) {
    > 58 |     await locator.click();
         |                   ^
      59 |     await locator.clear();
      60 |     await locator.fill(value);
      61 |   }
        at LoginPage.fillField (/app/pages/base.page.ts:58:19)
        at LoginPage.login (/app/pages/login.page.ts:33:16)
        at LoginPage.quickLogin (/app/pages/login.page.ts:58:16)
        at Object.authenticatedPage (/app/fixtures/auth.fixture.ts:12:5)

    attachment #1: screenshot (image/png) ──────────────────────────────────────────────────────────
    ../test-results/workflows-sla-tracking-SLA-28e48-ng-workflow-data-gracefully-webkit-retry2/test-failed-1.png
    ────────────────────────────────────────────────────────────────────────────────────────────────

    attachment #2: video (video/webm) ──────────────────────────────────────────────────────────────
    ../test-results/workflows-sla-tracking-SLA-28e48-ng-workflow-data-gracefully-webkit-retry2/video.webm
    ────────────────────────────────────────────────────────────────────────────────────────────────

    Error Context: ../test-results/workflows-sla-tracking-SLA-28e48-ng-workflow-data-gracefully-webkit-retry2/error-context.md
]]>
</failure>
<system-out>
<![CDATA[
[[ATTACHMENT|workflows-sla-tracking-SLA-28e48-ng-workflow-data-gracefully-webkit/test-failed-1.png]]

[[ATTACHMENT|workflows-sla-tracking-SLA-28e48-ng-workflow-data-gracefully-webkit/video.webm]]

[[ATTACHMENT|workflows-sla-tracking-SLA-28e48-ng-workflow-data-gracefully-webkit/error-context.md]]

[[ATTACHMENT|workflows-sla-tracking-SLA-28e48-ng-workflow-data-gracefully-webkit-retry1/test-failed-1.png]]

[[ATTACHMENT|workflows-sla-tracking-SLA-28e48-ng-workflow-data-gracefully-webkit-retry1/video.webm]]

[[ATTACHMENT|workflows-sla-tracking-SLA-28e48-ng-workflow-data-gracefully-webkit-retry1/error-context.md]]

[[ATTACHMENT|workflows-sla-tracking-SLA-28e48-ng-workflow-data-gracefully-webkit-retry1/trace.zip]]

[[ATTACHMENT|workflows-sla-tracking-SLA-28e48-ng-workflow-data-gracefully-webkit-retry2/test-failed-1.png]]

[[ATTACHMENT|workflows-sla-tracking-SLA-28e48-ng-workflow-data-gracefully-webkit-retry2/video.webm]]

[[ATTACHMENT|workflows-sla-tracking-SLA-28e48-ng-workflow-data-gracefully-webkit-retry2/error-context.md]]
]]>
</system-out>
</testcase>
<testcase name="SLA Tracking System › edge cases and error handling › updates SLA status after workflow transition" classname="workflows/sla-tracking.spec.ts" time="48.608">
<failure message="sla-tracking.spec.ts:153:9 updates SLA status after workflow transition" type="FAILURE">
<![CDATA[  [webkit] › workflows/sla-tracking.spec.ts:153:9 › SLA Tracking System › edge cases and error handling › updates SLA status after workflow transition 

    TimeoutError: locator.click: Timeout 15000ms exceeded.
    Call log:
      - waiting for locator('input[name="email"], input[type="email"], #email')


       at ../pages/base.page.ts:58

      56 |    */
      57 |   async fillField(locator: Locator, value: string) {
    > 58 |     await locator.click();
         |                   ^
      59 |     await locator.clear();
      60 |     await locator.fill(value);
      61 |   }
        at LoginPage.fillField (/app/pages/base.page.ts:58:19)
        at LoginPage.login (/app/pages/login.page.ts:33:16)
        at LoginPage.quickLogin (/app/pages/login.page.ts:58:16)
        at Object.authenticatedPage (/app/fixtures/auth.fixture.ts:12:5)

    attachment #1: screenshot (image/png) ──────────────────────────────────────────────────────────
    ../test-results/workflows-sla-tracking-SLA-3bddb-s-after-workflow-transition-webkit/test-failed-1.png
    ────────────────────────────────────────────────────────────────────────────────────────────────

    attachment #2: video (video/webm) ──────────────────────────────────────────────────────────────
    ../test-results/workflows-sla-tracking-SLA-3bddb-s-after-workflow-transition-webkit/video.webm
    ────────────────────────────────────────────────────────────────────────────────────────────────

    Error Context: ../test-results/workflows-sla-tracking-SLA-3bddb-s-after-workflow-transition-webkit/error-context.md

    Retry #1 ───────────────────────────────────────────────────────────────────────────────────────

    TimeoutError: locator.click: Timeout 15000ms exceeded.
    Call log:
      - waiting for locator('input[name="email"], input[type="email"], #email')


       at ../pages/base.page.ts:58

      56 |    */
      57 |   async fillField(locator: Locator, value: string) {
    > 58 |     await locator.click();
         |                   ^
      59 |     await locator.clear();
      60 |     await locator.fill(value);
      61 |   }
        at LoginPage.fillField (/app/pages/base.page.ts:58:19)
        at LoginPage.login (/app/pages/login.page.ts:33:16)
        at LoginPage.quickLogin (/app/pages/login.page.ts:58:16)
        at Object.authenticatedPage (/app/fixtures/auth.fixture.ts:12:5)

    attachment #1: screenshot (image/png) ──────────────────────────────────────────────────────────
    ../test-results/workflows-sla-tracking-SLA-3bddb-s-after-workflow-transition-webkit-retry1/test-failed-1.png
    ────────────────────────────────────────────────────────────────────────────────────────────────

    attachment #2: video (video/webm) ──────────────────────────────────────────────────────────────
    ../test-results/workflows-sla-tracking-SLA-3bddb-s-after-workflow-transition-webkit-retry1/video.webm
    ────────────────────────────────────────────────────────────────────────────────────────────────

    Error Context: ../test-results/workflows-sla-tracking-SLA-3bddb-s-after-workflow-transition-webkit-retry1/error-context.md

    attachment #4: trace (application/zip) ─────────────────────────────────────────────────────────
    ../test-results/workflows-sla-tracking-SLA-3bddb-s-after-workflow-transition-webkit-retry1/trace.zip
    Usage:

        npx playwright show-trace ../test-results/workflows-sla-tracking-SLA-3bddb-s-after-workflow-transition-webkit-retry1/trace.zip

    ────────────────────────────────────────────────────────────────────────────────────────────────

    Retry #2 ───────────────────────────────────────────────────────────────────────────────────────

    TimeoutError: locator.click: Timeout 15000ms exceeded.
    Call log:
      - waiting for locator('input[name="email"], input[type="email"], #email')


       at ../pages/base.page.ts:58

      56 |    */
      57 |   async fillField(locator: Locator, value: string) {
    > 58 |     await locator.click();
         |                   ^
      59 |     await locator.clear();
      60 |     await locator.fill(value);
      61 |   }
        at LoginPage.fillField (/app/pages/base.page.ts:58:19)
        at LoginPage.login (/app/pages/login.page.ts:33:16)
        at LoginPage.quickLogin (/app/pages/login.page.ts:58:16)
        at Object.authenticatedPage (/app/fixtures/auth.fixture.ts:12:5)

    attachment #1: screenshot (image/png) ──────────────────────────────────────────────────────────
    ../test-results/workflows-sla-tracking-SLA-3bddb-s-after-workflow-transition-webkit-retry2/test-failed-1.png
    ────────────────────────────────────────────────────────────────────────────────────────────────

    attachment #2: video (video/webm) ──────────────────────────────────────────────────────────────
    ../test-results/workflows-sla-tracking-SLA-3bddb-s-after-workflow-transition-webkit-retry2/video.webm
    ────────────────────────────────────────────────────────────────────────────────────────────────

    Error Context: ../test-results/workflows-sla-tracking-SLA-3bddb-s-after-workflow-transition-webkit-retry2/error-context.md
]]>
</failure>
<system-out>
<![CDATA[
[[ATTACHMENT|workflows-sla-tracking-SLA-3bddb-s-after-workflow-transition-webkit/test-failed-1.png]]

[[ATTACHMENT|workflows-sla-tracking-SLA-3bddb-s-after-workflow-transition-webkit/video.webm]]

[[ATTACHMENT|workflows-sla-tracking-SLA-3bddb-s-after-workflow-transition-webkit/error-context.md]]

[[ATTACHMENT|workflows-sla-tracking-SLA-3bddb-s-after-workflow-transition-webkit-retry1/test-failed-1.png]]

[[ATTACHMENT|workflows-sla-tracking-SLA-3bddb-s-after-workflow-transition-webkit-retry1/video.webm]]

[[ATTACHMENT|workflows-sla-tracking-SLA-3bddb-s-after-workflow-transition-webkit-retry1/error-context.md]]

[[ATTACHMENT|workflows-sla-tracking-SLA-3bddb-s-after-workflow-transition-webkit-retry1/trace.zip]]

[[ATTACHMENT|workflows-sla-tracking-SLA-3bddb-s-after-workflow-transition-webkit-retry2/test-failed-1.png]]

[[ATTACHMENT|workflows-sla-tracking-SLA-3bddb-s-after-workflow-transition-webkit-retry2/video.webm]]

[[ATTACHMENT|workflows-sla-tracking-SLA-3bddb-s-after-workflow-transition-webkit-retry2/error-context.md]]
]]>
</system-out>
</testcase>
</testsuite>
<testsuite name="invoices/invoice-calculations.spec.ts" timestamp="2025-09-25T07:53:49.510Z" hostname="mobile" tests="6" failures="6" skipped="0" time="295.402" errors="0">
<testcase name="Invoice Global Financial Calculations › JavaScript calculations update totals when global financial fields change" classname="invoices/invoice-calculations.spec.ts" time="49.183">
<failure message="invoice-calculations.spec.ts:16:7 JavaScript calculations update totals when global financial fields change" type="FAILURE">
<![CDATA[  [mobile] › invoices/invoice-calculations.spec.ts:16:7 › Invoice Global Financial Calculations › JavaScript calculations update totals when global financial fields change 

    TimeoutError: locator.click: Timeout 15000ms exceeded.
    Call log:
      - waiting for locator('input[name="email"], input[type="email"], #email')


       at ../pages/base.page.ts:58

      56 |    */
      57 |   async fillField(locator: Locator, value: string) {
    > 58 |     await locator.click();
         |                   ^
      59 |     await locator.clear();
      60 |     await locator.fill(value);
      61 |   }
        at LoginPage.fillField (/app/pages/base.page.ts:58:19)
        at LoginPage.login (/app/pages/login.page.ts:33:16)
        at LoginPage.quickLogin (/app/pages/login.page.ts:58:16)
        at Object.authenticatedPage (/app/fixtures/auth.fixture.ts:12:5)

    attachment #1: screenshot (image/png) ──────────────────────────────────────────────────────────
    ../test-results/invoices-invoice-calculati-6eea4-bal-financial-fields-change-mobile/test-failed-1.png
    ────────────────────────────────────────────────────────────────────────────────────────────────

    attachment #2: video (video/webm) ──────────────────────────────────────────────────────────────
    ../test-results/invoices-invoice-calculati-6eea4-bal-financial-fields-change-mobile/video.webm
    ────────────────────────────────────────────────────────────────────────────────────────────────

    Error Context: ../test-results/invoices-invoice-calculati-6eea4-bal-financial-fields-change-mobile/error-context.md

    Retry #1 ───────────────────────────────────────────────────────────────────────────────────────

    TimeoutError: locator.click: Timeout 15000ms exceeded.
    Call log:
      - waiting for locator('input[name="email"], input[type="email"], #email')


       at ../pages/base.page.ts:58

      56 |    */
      57 |   async fillField(locator: Locator, value: string) {
    > 58 |     await locator.click();
         |                   ^
      59 |     await locator.clear();
      60 |     await locator.fill(value);
      61 |   }
        at LoginPage.fillField (/app/pages/base.page.ts:58:19)
        at LoginPage.login (/app/pages/login.page.ts:33:16)
        at LoginPage.quickLogin (/app/pages/login.page.ts:58:16)
        at Object.authenticatedPage (/app/fixtures/auth.fixture.ts:12:5)

    attachment #1: screenshot (image/png) ──────────────────────────────────────────────────────────
    ../test-results/invoices-invoice-calculati-6eea4-bal-financial-fields-change-mobile-retry1/test-failed-1.png
    ────────────────────────────────────────────────────────────────────────────────────────────────

    attachment #2: video (video/webm) ──────────────────────────────────────────────────────────────
    ../test-results/invoices-invoice-calculati-6eea4-bal-financial-fields-change-mobile-retry1/video.webm
    ────────────────────────────────────────────────────────────────────────────────────────────────

    Error Context: ../test-results/invoices-invoice-calculati-6eea4-bal-financial-fields-change-mobile-retry1/error-context.md

    attachment #4: trace (application/zip) ─────────────────────────────────────────────────────────
    ../test-results/invoices-invoice-calculati-6eea4-bal-financial-fields-change-mobile-retry1/trace.zip
    Usage:

        npx playwright show-trace ../test-results/invoices-invoice-calculati-6eea4-bal-financial-fields-change-mobile-retry1/trace.zip

    ────────────────────────────────────────────────────────────────────────────────────────────────

    Retry #2 ───────────────────────────────────────────────────────────────────────────────────────

    TimeoutError: locator.click: Timeout 15000ms exceeded.
    Call log:
      - waiting for locator('input[name="email"], input[type="email"], #email')


       at ../pages/base.page.ts:58

      56 |    */
      57 |   async fillField(locator: Locator, value: string) {
    > 58 |     await locator.click();
         |                   ^
      59 |     await locator.clear();
      60 |     await locator.fill(value);
      61 |   }
        at LoginPage.fillField (/app/pages/base.page.ts:58:19)
        at LoginPage.login (/app/pages/login.page.ts:33:16)
        at LoginPage.quickLogin (/app/pages/login.page.ts:58:16)
        at Object.authenticatedPage (/app/fixtures/auth.fixture.ts:12:5)

    attachment #1: screenshot (image/png) ──────────────────────────────────────────────────────────
    ../test-results/invoices-invoice-calculati-6eea4-bal-financial-fields-change-mobile-retry2/test-failed-1.png
    ────────────────────────────────────────────────────────────────────────────────────────────────

    attachment #2: video (video/webm) ──────────────────────────────────────────────────────────────
    ../test-results/invoices-invoice-calculati-6eea4-bal-financial-fields-change-mobile-retry2/video.webm
    ────────────────────────────────────────────────────────────────────────────────────────────────

    Error Context: ../test-results/invoices-invoice-calculati-6eea4-bal-financial-fields-change-mobile-retry2/error-context.md
]]>
</failure>
<system-out>
<![CDATA[
[[ATTACHMENT|invoices-invoice-calculati-6eea4-bal-financial-fields-change-mobile/test-failed-1.png]]

[[ATTACHMENT|invoices-invoice-calculati-6eea4-bal-financial-fields-change-mobile/video.webm]]

[[ATTACHMENT|invoices-invoice-calculati-6eea4-bal-financial-fields-change-mobile/error-context.md]]

[[ATTACHMENT|invoices-invoice-calculati-6eea4-bal-financial-fields-change-mobile-retry1/test-failed-1.png]]

[[ATTACHMENT|invoices-invoice-calculati-6eea4-bal-financial-fields-change-mobile-retry1/video.webm]]

[[ATTACHMENT|invoices-invoice-calculati-6eea4-bal-financial-fields-change-mobile-retry1/error-context.md]]

[[ATTACHMENT|invoices-invoice-calculati-6eea4-bal-financial-fields-change-mobile-retry1/trace.zip]]

[[ATTACHMENT|invoices-invoice-calculati-6eea4-bal-financial-fields-change-mobile-retry2/test-failed-1.png]]

[[ATTACHMENT|invoices-invoice-calculati-6eea4-bal-financial-fields-change-mobile-retry2/video.webm]]

[[ATTACHMENT|invoices-invoice-calculati-6eea4-bal-financial-fields-change-mobile-retry2/error-context.md]]
]]>
</system-out>
</testcase>
<testcase name="Invoice Global Financial Calculations › Calculations handle decimal values correctly" classname="invoices/invoice-calculations.spec.ts" time="48.995">
<failure message="invoice-calculations.spec.ts:77:7 Calculations handle decimal values correctly" type="FAILURE">
<![CDATA[  [mobile] › invoices/invoice-calculations.spec.ts:77:7 › Invoice Global Financial Calculations › Calculations handle decimal values correctly 

    TimeoutError: locator.click: Timeout 15000ms exceeded.
    Call log:
      - waiting for locator('input[name="email"], input[type="email"], #email')


       at ../pages/base.page.ts:58

      56 |    */
      57 |   async fillField(locator: Locator, value: string) {
    > 58 |     await locator.click();
         |                   ^
      59 |     await locator.clear();
      60 |     await locator.fill(value);
      61 |   }
        at LoginPage.fillField (/app/pages/base.page.ts:58:19)
        at LoginPage.login (/app/pages/login.page.ts:33:16)
        at LoginPage.quickLogin (/app/pages/login.page.ts:58:16)
        at Object.authenticatedPage (/app/fixtures/auth.fixture.ts:12:5)

    attachment #1: screenshot (image/png) ──────────────────────────────────────────────────────────
    ../test-results/invoices-invoice-calculati-29518-le-decimal-values-correctly-mobile/test-failed-1.png
    ────────────────────────────────────────────────────────────────────────────────────────────────

    attachment #2: video (video/webm) ──────────────────────────────────────────────────────────────
    ../test-results/invoices-invoice-calculati-29518-le-decimal-values-correctly-mobile/video.webm
    ────────────────────────────────────────────────────────────────────────────────────────────────

    Error Context: ../test-results/invoices-invoice-calculati-29518-le-decimal-values-correctly-mobile/error-context.md

    Retry #1 ───────────────────────────────────────────────────────────────────────────────────────

    TimeoutError: locator.click: Timeout 15000ms exceeded.
    Call log:
      - waiting for locator('input[name="email"], input[type="email"], #email')


       at ../pages/base.page.ts:58

      56 |    */
      57 |   async fillField(locator: Locator, value: string) {
    > 58 |     await locator.click();
         |                   ^
      59 |     await locator.clear();
      60 |     await locator.fill(value);
      61 |   }
        at LoginPage.fillField (/app/pages/base.page.ts:58:19)
        at LoginPage.login (/app/pages/login.page.ts:33:16)
        at LoginPage.quickLogin (/app/pages/login.page.ts:58:16)
        at Object.authenticatedPage (/app/fixtures/auth.fixture.ts:12:5)

    attachment #1: screenshot (image/png) ──────────────────────────────────────────────────────────
    ../test-results/invoices-invoice-calculati-29518-le-decimal-values-correctly-mobile-retry1/test-failed-1.png
    ────────────────────────────────────────────────────────────────────────────────────────────────

    attachment #2: video (video/webm) ──────────────────────────────────────────────────────────────
    ../test-results/invoices-invoice-calculati-29518-le-decimal-values-correctly-mobile-retry1/video.webm
    ────────────────────────────────────────────────────────────────────────────────────────────────

    Error Context: ../test-results/invoices-invoice-calculati-29518-le-decimal-values-correctly-mobile-retry1/error-context.md

    attachment #4: trace (application/zip) ─────────────────────────────────────────────────────────
    ../test-results/invoices-invoice-calculati-29518-le-decimal-values-correctly-mobile-retry1/trace.zip
    Usage:

        npx playwright show-trace ../test-results/invoices-invoice-calculati-29518-le-decimal-values-correctly-mobile-retry1/trace.zip

    ────────────────────────────────────────────────────────────────────────────────────────────────

    Retry #2 ───────────────────────────────────────────────────────────────────────────────────────

    TimeoutError: locator.click: Timeout 15000ms exceeded.
    Call log:
      - waiting for locator('input[name="email"], input[type="email"], #email')


       at ../pages/base.page.ts:58

      56 |    */
      57 |   async fillField(locator: Locator, value: string) {
    > 58 |     await locator.click();
         |                   ^
      59 |     await locator.clear();
      60 |     await locator.fill(value);
      61 |   }
        at LoginPage.fillField (/app/pages/base.page.ts:58:19)
        at LoginPage.login (/app/pages/login.page.ts:33:16)
        at LoginPage.quickLogin (/app/pages/login.page.ts:58:16)
        at Object.authenticatedPage (/app/fixtures/auth.fixture.ts:12:5)

    attachment #1: screenshot (image/png) ──────────────────────────────────────────────────────────
    ../test-results/invoices-invoice-calculati-29518-le-decimal-values-correctly-mobile-retry2/test-failed-1.png
    ────────────────────────────────────────────────────────────────────────────────────────────────

    attachment #2: video (video/webm) ──────────────────────────────────────────────────────────────
    ../test-results/invoices-invoice-calculati-29518-le-decimal-values-correctly-mobile-retry2/video.webm
    ────────────────────────────────────────────────────────────────────────────────────────────────

    Error Context: ../test-results/invoices-invoice-calculati-29518-le-decimal-values-correctly-mobile-retry2/error-context.md
]]>
</failure>
<system-out>
<![CDATA[
[[ATTACHMENT|invoices-invoice-calculati-29518-le-decimal-values-correctly-mobile/test-failed-1.png]]

[[ATTACHMENT|invoices-invoice-calculati-29518-le-decimal-values-correctly-mobile/video.webm]]

[[ATTACHMENT|invoices-invoice-calculati-29518-le-decimal-values-correctly-mobile/error-context.md]]

[[ATTACHMENT|invoices-invoice-calculati-29518-le-decimal-values-correctly-mobile-retry1/test-failed-1.png]]

[[ATTACHMENT|invoices-invoice-calculati-29518-le-decimal-values-correctly-mobile-retry1/video.webm]]

[[ATTACHMENT|invoices-invoice-calculati-29518-le-decimal-values-correctly-mobile-retry1/error-context.md]]

[[ATTACHMENT|invoices-invoice-calculati-29518-le-decimal-values-correctly-mobile-retry1/trace.zip]]

[[ATTACHMENT|invoices-invoice-calculati-29518-le-decimal-values-correctly-mobile-retry2/test-failed-1.png]]

[[ATTACHMENT|invoices-invoice-calculati-29518-le-decimal-values-correctly-mobile-retry2/video.webm]]

[[ATTACHMENT|invoices-invoice-calculati-29518-le-decimal-values-correctly-mobile-retry2/error-context.md]]
]]>
</system-out>
</testcase>
<testcase name="Invoice Global Financial Calculations › Calculations handle zero and empty values correctly" classname="invoices/invoice-calculations.spec.ts" time="48.864">
<failure message="invoice-calculations.spec.ts:102:7 Calculations handle zero and empty values correctly" type="FAILURE">
<![CDATA[  [mobile] › invoices/invoice-calculations.spec.ts:102:7 › Invoice Global Financial Calculations › Calculations handle zero and empty values correctly 

    TimeoutError: locator.click: Timeout 15000ms exceeded.
    Call log:
      - waiting for locator('input[name="email"], input[type="email"], #email')


       at ../pages/base.page.ts:58

      56 |    */
      57 |   async fillField(locator: Locator, value: string) {
    > 58 |     await locator.click();
         |                   ^
      59 |     await locator.clear();
      60 |     await locator.fill(value);
      61 |   }
        at LoginPage.fillField (/app/pages/base.page.ts:58:19)
        at LoginPage.login (/app/pages/login.page.ts:33:16)
        at LoginPage.quickLogin (/app/pages/login.page.ts:58:16)
        at Object.authenticatedPage (/app/fixtures/auth.fixture.ts:12:5)

    attachment #1: screenshot (image/png) ──────────────────────────────────────────────────────────
    ../test-results/invoices-invoice-calculati-e04f9--and-empty-values-correctly-mobile/test-failed-1.png
    ────────────────────────────────────────────────────────────────────────────────────────────────

    attachment #2: video (video/webm) ──────────────────────────────────────────────────────────────
    ../test-results/invoices-invoice-calculati-e04f9--and-empty-values-correctly-mobile/video.webm
    ────────────────────────────────────────────────────────────────────────────────────────────────

    Error Context: ../test-results/invoices-invoice-calculati-e04f9--and-empty-values-correctly-mobile/error-context.md

    Retry #1 ───────────────────────────────────────────────────────────────────────────────────────

    TimeoutError: locator.click: Timeout 15000ms exceeded.
    Call log:
      - waiting for locator('input[name="email"], input[type="email"], #email')


       at ../pages/base.page.ts:58

      56 |    */
      57 |   async fillField(locator: Locator, value: string) {
    > 58 |     await locator.click();
         |                   ^
      59 |     await locator.clear();
      60 |     await locator.fill(value);
      61 |   }
        at LoginPage.fillField (/app/pages/base.page.ts:58:19)
        at LoginPage.login (/app/pages/login.page.ts:33:16)
        at LoginPage.quickLogin (/app/pages/login.page.ts:58:16)
        at Object.authenticatedPage (/app/fixtures/auth.fixture.ts:12:5)

    attachment #1: screenshot (image/png) ──────────────────────────────────────────────────────────
    ../test-results/invoices-invoice-calculati-e04f9--and-empty-values-correctly-mobile-retry1/test-failed-1.png
    ────────────────────────────────────────────────────────────────────────────────────────────────

    attachment #2: video (video/webm) ──────────────────────────────────────────────────────────────
    ../test-results/invoices-invoice-calculati-e04f9--and-empty-values-correctly-mobile-retry1/video.webm
    ────────────────────────────────────────────────────────────────────────────────────────────────

    Error Context: ../test-results/invoices-invoice-calculati-e04f9--and-empty-values-correctly-mobile-retry1/error-context.md

    attachment #4: trace (application/zip) ─────────────────────────────────────────────────────────
    ../test-results/invoices-invoice-calculati-e04f9--and-empty-values-correctly-mobile-retry1/trace.zip
    Usage:

        npx playwright show-trace ../test-results/invoices-invoice-calculati-e04f9--and-empty-values-correctly-mobile-retry1/trace.zip

    ────────────────────────────────────────────────────────────────────────────────────────────────

    Retry #2 ───────────────────────────────────────────────────────────────────────────────────────

    TimeoutError: locator.click: Timeout 15000ms exceeded.
    Call log:
      - waiting for locator('input[name="email"], input[type="email"], #email')


       at ../pages/base.page.ts:58

      56 |    */
      57 |   async fillField(locator: Locator, value: string) {
    > 58 |     await locator.click();
         |                   ^
      59 |     await locator.clear();
      60 |     await locator.fill(value);
      61 |   }
        at LoginPage.fillField (/app/pages/base.page.ts:58:19)
        at LoginPage.login (/app/pages/login.page.ts:33:16)
        at LoginPage.quickLogin (/app/pages/login.page.ts:58:16)
        at Object.authenticatedPage (/app/fixtures/auth.fixture.ts:12:5)

    attachment #1: screenshot (image/png) ──────────────────────────────────────────────────────────
    ../test-results/invoices-invoice-calculati-e04f9--and-empty-values-correctly-mobile-retry2/test-failed-1.png
    ────────────────────────────────────────────────────────────────────────────────────────────────

    attachment #2: video (video/webm) ──────────────────────────────────────────────────────────────
    ../test-results/invoices-invoice-calculati-e04f9--and-empty-values-correctly-mobile-retry2/video.webm
    ────────────────────────────────────────────────────────────────────────────────────────────────

    Error Context: ../test-results/invoices-invoice-calculati-e04f9--and-empty-values-correctly-mobile-retry2/error-context.md
]]>
</failure>
<system-out>
<![CDATA[
[[ATTACHMENT|invoices-invoice-calculati-e04f9--and-empty-values-correctly-mobile/test-failed-1.png]]

[[ATTACHMENT|invoices-invoice-calculati-e04f9--and-empty-values-correctly-mobile/video.webm]]

[[ATTACHMENT|invoices-invoice-calculati-e04f9--and-empty-values-correctly-mobile/error-context.md]]

[[ATTACHMENT|invoices-invoice-calculati-e04f9--and-empty-values-correctly-mobile-retry1/test-failed-1.png]]

[[ATTACHMENT|invoices-invoice-calculati-e04f9--and-empty-values-correctly-mobile-retry1/video.webm]]

[[ATTACHMENT|invoices-invoice-calculati-e04f9--and-empty-values-correctly-mobile-retry1/error-context.md]]

[[ATTACHMENT|invoices-invoice-calculati-e04f9--and-empty-values-correctly-mobile-retry1/trace.zip]]

[[ATTACHMENT|invoices-invoice-calculati-e04f9--and-empty-values-correctly-mobile-retry2/test-failed-1.png]]

[[ATTACHMENT|invoices-invoice-calculati-e04f9--and-empty-values-correctly-mobile-retry2/video.webm]]

[[ATTACHMENT|invoices-invoice-calculati-e04f9--and-empty-values-correctly-mobile-retry2/error-context.md]]
]]>
</system-out>
</testcase>
<testcase name="Invoice Global Financial Calculations › Multiple line items interact correctly with global financial fields" classname="invoices/invoice-calculations.spec.ts" time="49.449">
<failure message="invoice-calculations.spec.ts:130:7 Multiple line items interact correctly with global financial fields" type="FAILURE">
<![CDATA[  [mobile] › invoices/invoice-calculations.spec.ts:130:7 › Invoice Global Financial Calculations › Multiple line items interact correctly with global financial fields 

    TimeoutError: locator.click: Timeout 15000ms exceeded.
    Call log:
      - waiting for locator('input[name="email"], input[type="email"], #email')


       at ../pages/base.page.ts:58

      56 |    */
      57 |   async fillField(locator: Locator, value: string) {
    > 58 |     await locator.click();
         |                   ^
      59 |     await locator.clear();
      60 |     await locator.fill(value);
      61 |   }
        at LoginPage.fillField (/app/pages/base.page.ts:58:19)
        at LoginPage.login (/app/pages/login.page.ts:33:16)
        at LoginPage.quickLogin (/app/pages/login.page.ts:58:16)
        at Object.authenticatedPage (/app/fixtures/auth.fixture.ts:12:5)

    attachment #1: screenshot (image/png) ──────────────────────────────────────────────────────────
    ../test-results/invoices-invoice-calculati-4ab39-ith-global-financial-fields-mobile/test-failed-1.png
    ────────────────────────────────────────────────────────────────────────────────────────────────

    attachment #2: video (video/webm) ──────────────────────────────────────────────────────────────
    ../test-results/invoices-invoice-calculati-4ab39-ith-global-financial-fields-mobile/video.webm
    ────────────────────────────────────────────────────────────────────────────────────────────────

    Error Context: ../test-results/invoices-invoice-calculati-4ab39-ith-global-financial-fields-mobile/error-context.md

    Retry #1 ───────────────────────────────────────────────────────────────────────────────────────

    TimeoutError: locator.click: Timeout 15000ms exceeded.
    Call log:
      - waiting for locator('input[name="email"], input[type="email"], #email')


       at ../pages/base.page.ts:58

      56 |    */
      57 |   async fillField(locator: Locator, value: string) {
    > 58 |     await locator.click();
         |                   ^
      59 |     await locator.clear();
      60 |     await locator.fill(value);
      61 |   }
        at LoginPage.fillField (/app/pages/base.page.ts:58:19)
        at LoginPage.login (/app/pages/login.page.ts:33:16)
        at LoginPage.quickLogin (/app/pages/login.page.ts:58:16)
        at Object.authenticatedPage (/app/fixtures/auth.fixture.ts:12:5)

    attachment #1: screenshot (image/png) ──────────────────────────────────────────────────────────
    ../test-results/invoices-invoice-calculati-4ab39-ith-global-financial-fields-mobile-retry1/test-failed-1.png
    ────────────────────────────────────────────────────────────────────────────────────────────────

    attachment #2: video (video/webm) ──────────────────────────────────────────────────────────────
    ../test-results/invoices-invoice-calculati-4ab39-ith-global-financial-fields-mobile-retry1/video.webm
    ────────────────────────────────────────────────────────────────────────────────────────────────

    Error Context: ../test-results/invoices-invoice-calculati-4ab39-ith-global-financial-fields-mobile-retry1/error-context.md

    attachment #4: trace (application/zip) ─────────────────────────────────────────────────────────
    ../test-results/invoices-invoice-calculati-4ab39-ith-global-financial-fields-mobile-retry1/trace.zip
    Usage:

        npx playwright show-trace ../test-results/invoices-invoice-calculati-4ab39-ith-global-financial-fields-mobile-retry1/trace.zip

    ────────────────────────────────────────────────────────────────────────────────────────────────

    Retry #2 ───────────────────────────────────────────────────────────────────────────────────────

    TimeoutError: locator.click: Timeout 15000ms exceeded.
    Call log:
      - waiting for locator('input[name="email"], input[type="email"], #email')


       at ../pages/base.page.ts:58

      56 |    */
      57 |   async fillField(locator: Locator, value: string) {
    > 58 |     await locator.click();
         |                   ^
      59 |     await locator.clear();
      60 |     await locator.fill(value);
      61 |   }
        at LoginPage.fillField (/app/pages/base.page.ts:58:19)
        at LoginPage.login (/app/pages/login.page.ts:33:16)
        at LoginPage.quickLogin (/app/pages/login.page.ts:58:16)
        at Object.authenticatedPage (/app/fixtures/auth.fixture.ts:12:5)

    attachment #1: screenshot (image/png) ──────────────────────────────────────────────────────────
    ../test-results/invoices-invoice-calculati-4ab39-ith-global-financial-fields-mobile-retry2/test-failed-1.png
    ────────────────────────────────────────────────────────────────────────────────────────────────

    attachment #2: video (video/webm) ──────────────────────────────────────────────────────────────
    ../test-results/invoices-invoice-calculati-4ab39-ith-global-financial-fields-mobile-retry2/video.webm
    ────────────────────────────────────────────────────────────────────────────────────────────────

    Error Context: ../test-results/invoices-invoice-calculati-4ab39-ith-global-financial-fields-mobile-retry2/error-context.md
]]>
</failure>
<system-out>
<![CDATA[
[[ATTACHMENT|invoices-invoice-calculati-4ab39-ith-global-financial-fields-mobile/test-failed-1.png]]

[[ATTACHMENT|invoices-invoice-calculati-4ab39-ith-global-financial-fields-mobile/video.webm]]

[[ATTACHMENT|invoices-invoice-calculati-4ab39-ith-global-financial-fields-mobile/error-context.md]]

[[ATTACHMENT|invoices-invoice-calculati-4ab39-ith-global-financial-fields-mobile-retry1/test-failed-1.png]]

[[ATTACHMENT|invoices-invoice-calculati-4ab39-ith-global-financial-fields-mobile-retry1/video.webm]]

[[ATTACHMENT|invoices-invoice-calculati-4ab39-ith-global-financial-fields-mobile-retry1/error-context.md]]

[[ATTACHMENT|invoices-invoice-calculati-4ab39-ith-global-financial-fields-mobile-retry1/trace.zip]]

[[ATTACHMENT|invoices-invoice-calculati-4ab39-ith-global-financial-fields-mobile-retry2/test-failed-1.png]]

[[ATTACHMENT|invoices-invoice-calculati-4ab39-ith-global-financial-fields-mobile-retry2/video.webm]]

[[ATTACHMENT|invoices-invoice-calculati-4ab39-ith-global-financial-fields-mobile-retry2/error-context.md]]
]]>
</system-out>
</testcase>
<testcase name="Invoice Global Financial Calculations › Color coding works for different field types" classname="invoices/invoice-calculations.spec.ts" time="49.436">
<failure message="invoice-calculations.spec.ts:164:7 Color coding works for different field types" type="FAILURE">
<![CDATA[  [mobile] › invoices/invoice-calculations.spec.ts:164:7 › Invoice Global Financial Calculations › Color coding works for different field types 

    TimeoutError: locator.click: Timeout 15000ms exceeded.
    Call log:
      - waiting for locator('input[name="email"], input[type="email"], #email')


       at ../pages/base.page.ts:58

      56 |    */
      57 |   async fillField(locator: Locator, value: string) {
    > 58 |     await locator.click();
         |                   ^
      59 |     await locator.clear();
      60 |     await locator.fill(value);
      61 |   }
        at LoginPage.fillField (/app/pages/base.page.ts:58:19)
        at LoginPage.login (/app/pages/login.page.ts:33:16)
        at LoginPage.quickLogin (/app/pages/login.page.ts:58:16)
        at Object.authenticatedPage (/app/fixtures/auth.fixture.ts:12:5)

    attachment #1: screenshot (image/png) ──────────────────────────────────────────────────────────
    ../test-results/invoices-invoice-calculati-7a221-s-for-different-field-types-mobile/test-failed-1.png
    ────────────────────────────────────────────────────────────────────────────────────────────────

    attachment #2: video (video/webm) ──────────────────────────────────────────────────────────────
    ../test-results/invoices-invoice-calculati-7a221-s-for-different-field-types-mobile/video.webm
    ────────────────────────────────────────────────────────────────────────────────────────────────

    Error Context: ../test-results/invoices-invoice-calculati-7a221-s-for-different-field-types-mobile/error-context.md

    Retry #1 ───────────────────────────────────────────────────────────────────────────────────────

    TimeoutError: locator.click: Timeout 15000ms exceeded.
    Call log:
      - waiting for locator('input[name="email"], input[type="email"], #email')


       at ../pages/base.page.ts:58

      56 |    */
      57 |   async fillField(locator: Locator, value: string) {
    > 58 |     await locator.click();
         |                   ^
      59 |     await locator.clear();
      60 |     await locator.fill(value);
      61 |   }
        at LoginPage.fillField (/app/pages/base.page.ts:58:19)
        at LoginPage.login (/app/pages/login.page.ts:33:16)
        at LoginPage.quickLogin (/app/pages/login.page.ts:58:16)
        at Object.authenticatedPage (/app/fixtures/auth.fixture.ts:12:5)

    attachment #1: screenshot (image/png) ──────────────────────────────────────────────────────────
    ../test-results/invoices-invoice-calculati-7a221-s-for-different-field-types-mobile-retry1/test-failed-1.png
    ────────────────────────────────────────────────────────────────────────────────────────────────

    attachment #2: video (video/webm) ──────────────────────────────────────────────────────────────
    ../test-results/invoices-invoice-calculati-7a221-s-for-different-field-types-mobile-retry1/video.webm
    ────────────────────────────────────────────────────────────────────────────────────────────────

    Error Context: ../test-results/invoices-invoice-calculati-7a221-s-for-different-field-types-mobile-retry1/error-context.md

    attachment #4: trace (application/zip) ─────────────────────────────────────────────────────────
    ../test-results/invoices-invoice-calculati-7a221-s-for-different-field-types-mobile-retry1/trace.zip
    Usage:

        npx playwright show-trace ../test-results/invoices-invoice-calculati-7a221-s-for-different-field-types-mobile-retry1/trace.zip

    ────────────────────────────────────────────────────────────────────────────────────────────────

    Retry #2 ───────────────────────────────────────────────────────────────────────────────────────

    TimeoutError: locator.click: Timeout 15000ms exceeded.
    Call log:
      - waiting for locator('input[name="email"], input[type="email"], #email')


       at ../pages/base.page.ts:58

      56 |    */
      57 |   async fillField(locator: Locator, value: string) {
    > 58 |     await locator.click();
         |                   ^
      59 |     await locator.clear();
      60 |     await locator.fill(value);
      61 |   }
        at LoginPage.fillField (/app/pages/base.page.ts:58:19)
        at LoginPage.login (/app/pages/login.page.ts:33:16)
        at LoginPage.quickLogin (/app/pages/login.page.ts:58:16)
        at Object.authenticatedPage (/app/fixtures/auth.fixture.ts:12:5)

    attachment #1: screenshot (image/png) ──────────────────────────────────────────────────────────
    ../test-results/invoices-invoice-calculati-7a221-s-for-different-field-types-mobile-retry2/test-failed-1.png
    ────────────────────────────────────────────────────────────────────────────────────────────────

    attachment #2: video (video/webm) ──────────────────────────────────────────────────────────────
    ../test-results/invoices-invoice-calculati-7a221-s-for-different-field-types-mobile-retry2/video.webm
    ────────────────────────────────────────────────────────────────────────────────────────────────

    Error Context: ../test-results/invoices-invoice-calculati-7a221-s-for-different-field-types-mobile-retry2/error-context.md
]]>
</failure>
<system-out>
<![CDATA[
[[ATTACHMENT|invoices-invoice-calculati-7a221-s-for-different-field-types-mobile/test-failed-1.png]]

[[ATTACHMENT|invoices-invoice-calculati-7a221-s-for-different-field-types-mobile/video.webm]]

[[ATTACHMENT|invoices-invoice-calculati-7a221-s-for-different-field-types-mobile/error-context.md]]

[[ATTACHMENT|invoices-invoice-calculati-7a221-s-for-different-field-types-mobile-retry1/test-failed-1.png]]

[[ATTACHMENT|invoices-invoice-calculati-7a221-s-for-different-field-types-mobile-retry1/video.webm]]

[[ATTACHMENT|invoices-invoice-calculati-7a221-s-for-different-field-types-mobile-retry1/error-context.md]]

[[ATTACHMENT|invoices-invoice-calculati-7a221-s-for-different-field-types-mobile-retry1/trace.zip]]

[[ATTACHMENT|invoices-invoice-calculati-7a221-s-for-different-field-types-mobile-retry2/test-failed-1.png]]

[[ATTACHMENT|invoices-invoice-calculati-7a221-s-for-different-field-types-mobile-retry2/video.webm]]

[[ATTACHMENT|invoices-invoice-calculati-7a221-s-for-different-field-types-mobile-retry2/error-context.md]]
]]>
</system-out>
</testcase>
<testcase name="Invoice Global Financial Calculations › Form validation for global financial fields" classname="invoices/invoice-calculations.spec.ts" time="49.475">
<failure message="invoice-calculations.spec.ts:194:7 Form validation for global financial fields" type="FAILURE">
<![CDATA[  [mobile] › invoices/invoice-calculations.spec.ts:194:7 › Invoice Global Financial Calculations › Form validation for global financial fields 

    TimeoutError: locator.click: Timeout 15000ms exceeded.
    Call log:
      - waiting for locator('input[name="email"], input[type="email"], #email')


       at ../pages/base.page.ts:58

      56 |    */
      57 |   async fillField(locator: Locator, value: string) {
    > 58 |     await locator.click();
         |                   ^
      59 |     await locator.clear();
      60 |     await locator.fill(value);
      61 |   }
        at LoginPage.fillField (/app/pages/base.page.ts:58:19)
        at LoginPage.login (/app/pages/login.page.ts:33:16)
        at LoginPage.quickLogin (/app/pages/login.page.ts:58:16)
        at Object.authenticatedPage (/app/fixtures/auth.fixture.ts:12:5)

    attachment #1: screenshot (image/png) ──────────────────────────────────────────────────────────
    ../test-results/invoices-invoice-calculati-84ffc-for-global-financial-fields-mobile/test-failed-1.png
    ────────────────────────────────────────────────────────────────────────────────────────────────

    attachment #2: video (video/webm) ──────────────────────────────────────────────────────────────
    ../test-results/invoices-invoice-calculati-84ffc-for-global-financial-fields-mobile/video.webm
    ────────────────────────────────────────────────────────────────────────────────────────────────

    Error Context: ../test-results/invoices-invoice-calculati-84ffc-for-global-financial-fields-mobile/error-context.md

    Retry #1 ───────────────────────────────────────────────────────────────────────────────────────

    TimeoutError: locator.click: Timeout 15000ms exceeded.
    Call log:
      - waiting for locator('input[name="email"], input[type="email"], #email')


       at ../pages/base.page.ts:58

      56 |    */
      57 |   async fillField(locator: Locator, value: string) {
    > 58 |     await locator.click();
         |                   ^
      59 |     await locator.clear();
      60 |     await locator.fill(value);
      61 |   }
        at LoginPage.fillField (/app/pages/base.page.ts:58:19)
        at LoginPage.login (/app/pages/login.page.ts:33:16)
        at LoginPage.quickLogin (/app/pages/login.page.ts:58:16)
        at Object.authenticatedPage (/app/fixtures/auth.fixture.ts:12:5)

    attachment #1: screenshot (image/png) ──────────────────────────────────────────────────────────
    ../test-results/invoices-invoice-calculati-84ffc-for-global-financial-fields-mobile-retry1/test-failed-1.png
    ────────────────────────────────────────────────────────────────────────────────────────────────

    attachment #2: video (video/webm) ──────────────────────────────────────────────────────────────
    ../test-results/invoices-invoice-calculati-84ffc-for-global-financial-fields-mobile-retry1/video.webm
    ────────────────────────────────────────────────────────────────────────────────────────────────

    Error Context: ../test-results/invoices-invoice-calculati-84ffc-for-global-financial-fields-mobile-retry1/error-context.md

    attachment #4: trace (application/zip) ─────────────────────────────────────────────────────────
    ../test-results/invoices-invoice-calculati-84ffc-for-global-financial-fields-mobile-retry1/trace.zip
    Usage:

        npx playwright show-trace ../test-results/invoices-invoice-calculati-84ffc-for-global-financial-fields-mobile-retry1/trace.zip

    ────────────────────────────────────────────────────────────────────────────────────────────────

    Retry #2 ───────────────────────────────────────────────────────────────────────────────────────

    TimeoutError: locator.click: Timeout 15000ms exceeded.
    Call log:
      - waiting for locator('input[name="email"], input[type="email"], #email')


       at ../pages/base.page.ts:58

      56 |    */
      57 |   async fillField(locator: Locator, value: string) {
    > 58 |     await locator.click();
         |                   ^
      59 |     await locator.clear();
      60 |     await locator.fill(value);
      61 |   }
        at LoginPage.fillField (/app/pages/base.page.ts:58:19)
        at LoginPage.login (/app/pages/login.page.ts:33:16)
        at LoginPage.quickLogin (/app/pages/login.page.ts:58:16)
        at Object.authenticatedPage (/app/fixtures/auth.fixture.ts:12:5)

    attachment #1: screenshot (image/png) ──────────────────────────────────────────────────────────
    ../test-results/invoices-invoice-calculati-84ffc-for-global-financial-fields-mobile-retry2/test-failed-1.png
    ────────────────────────────────────────────────────────────────────────────────────────────────

    attachment #2: video (video/webm) ──────────────────────────────────────────────────────────────
    ../test-results/invoices-invoice-calculati-84ffc-for-global-financial-fields-mobile-retry2/video.webm
    ────────────────────────────────────────────────────────────────────────────────────────────────

    Error Context: ../test-results/invoices-invoice-calculati-84ffc-for-global-financial-fields-mobile-retry2/error-context.md
]]>
</failure>
<system-out>
<![CDATA[
[[ATTACHMENT|invoices-invoice-calculati-84ffc-for-global-financial-fields-mobile/test-failed-1.png]]

[[ATTACHMENT|invoices-invoice-calculati-84ffc-for-global-financial-fields-mobile/video.webm]]

[[ATTACHMENT|invoices-invoice-calculati-84ffc-for-global-financial-fields-mobile/error-context.md]]

[[ATTACHMENT|invoices-invoice-calculati-84ffc-for-global-financial-fields-mobile-retry1/test-failed-1.png]]

[[ATTACHMENT|invoices-invoice-calculati-84ffc-for-global-financial-fields-mobile-retry1/video.webm]]

[[ATTACHMENT|invoices-invoice-calculati-84ffc-for-global-financial-fields-mobile-retry1/error-context.md]]

[[ATTACHMENT|invoices-invoice-calculati-84ffc-for-global-financial-fields-mobile-retry1/trace.zip]]

[[ATTACHMENT|invoices-invoice-calculati-84ffc-for-global-financial-fields-mobile-retry2/test-failed-1.png]]

[[ATTACHMENT|invoices-invoice-calculati-84ffc-for-global-financial-fields-mobile-retry2/video.webm]]

[[ATTACHMENT|invoices-invoice-calculati-84ffc-for-global-financial-fields-mobile-retry2/error-context.md]]
]]>
</system-out>
</testcase>
</testsuite>
<testsuite name="workflows/sla-tracking.spec.ts" timestamp="2025-09-25T07:53:49.510Z" hostname="mobile" tests="9" failures="9" skipped="0" time="440.7" errors="0">
<testcase name="SLA Tracking System › SLA indicators on invoices index page › displays correct SLA status indicators for different invoice states" classname="workflows/sla-tracking.spec.ts" time="48.708">
<failure message="sla-tracking.spec.ts:26:9 displays correct SLA status indicators for different invoice states" type="FAILURE">
<![CDATA[  [mobile] › workflows/sla-tracking.spec.ts:26:9 › SLA Tracking System › SLA indicators on invoices index page › displays correct SLA status indicators for different invoice states 

    TimeoutError: locator.click: Timeout 15000ms exceeded.
    Call log:
      - waiting for locator('input[name="email"], input[type="email"], #email')


       at ../pages/base.page.ts:58

      56 |    */
      57 |   async fillField(locator: Locator, value: string) {
    > 58 |     await locator.click();
         |                   ^
      59 |     await locator.clear();
      60 |     await locator.fill(value);
      61 |   }
        at LoginPage.fillField (/app/pages/base.page.ts:58:19)
        at LoginPage.login (/app/pages/login.page.ts:33:16)
        at LoginPage.quickLogin (/app/pages/login.page.ts:58:16)
        at Object.authenticatedPage (/app/fixtures/auth.fixture.ts:12:5)

    attachment #1: screenshot (image/png) ──────────────────────────────────────────────────────────
    ../test-results/workflows-sla-tracking-SLA-15e09-or-different-invoice-states-mobile/test-failed-1.png
    ────────────────────────────────────────────────────────────────────────────────────────────────

    attachment #2: video (video/webm) ──────────────────────────────────────────────────────────────
    ../test-results/workflows-sla-tracking-SLA-15e09-or-different-invoice-states-mobile/video.webm
    ────────────────────────────────────────────────────────────────────────────────────────────────

    Error Context: ../test-results/workflows-sla-tracking-SLA-15e09-or-different-invoice-states-mobile/error-context.md

    Retry #1 ───────────────────────────────────────────────────────────────────────────────────────

    TimeoutError: locator.click: Timeout 15000ms exceeded.
    Call log:
      - waiting for locator('input[name="email"], input[type="email"], #email')


       at ../pages/base.page.ts:58

      56 |    */
      57 |   async fillField(locator: Locator, value: string) {
    > 58 |     await locator.click();
         |                   ^
      59 |     await locator.clear();
      60 |     await locator.fill(value);
      61 |   }
        at LoginPage.fillField (/app/pages/base.page.ts:58:19)
        at LoginPage.login (/app/pages/login.page.ts:33:16)
        at LoginPage.quickLogin (/app/pages/login.page.ts:58:16)
        at Object.authenticatedPage (/app/fixtures/auth.fixture.ts:12:5)

    attachment #1: screenshot (image/png) ──────────────────────────────────────────────────────────
    ../test-results/workflows-sla-tracking-SLA-15e09-or-different-invoice-states-mobile-retry1/test-failed-1.png
    ────────────────────────────────────────────────────────────────────────────────────────────────

    attachment #2: video (video/webm) ──────────────────────────────────────────────────────────────
    ../test-results/workflows-sla-tracking-SLA-15e09-or-different-invoice-states-mobile-retry1/video.webm
    ────────────────────────────────────────────────────────────────────────────────────────────────

    Error Context: ../test-results/workflows-sla-tracking-SLA-15e09-or-different-invoice-states-mobile-retry1/error-context.md

    attachment #4: trace (application/zip) ─────────────────────────────────────────────────────────
    ../test-results/workflows-sla-tracking-SLA-15e09-or-different-invoice-states-mobile-retry1/trace.zip
    Usage:

        npx playwright show-trace ../test-results/workflows-sla-tracking-SLA-15e09-or-different-invoice-states-mobile-retry1/trace.zip

    ────────────────────────────────────────────────────────────────────────────────────────────────

    Retry #2 ───────────────────────────────────────────────────────────────────────────────────────

    TimeoutError: locator.click: Timeout 15000ms exceeded.
    Call log:
      - waiting for locator('input[name="email"], input[type="email"], #email')


       at ../pages/base.page.ts:58

      56 |    */
      57 |   async fillField(locator: Locator, value: string) {
    > 58 |     await locator.click();
         |                   ^
      59 |     await locator.clear();
      60 |     await locator.fill(value);
      61 |   }
        at LoginPage.fillField (/app/pages/base.page.ts:58:19)
        at LoginPage.login (/app/pages/login.page.ts:33:16)
        at LoginPage.quickLogin (/app/pages/login.page.ts:58:16)
        at Object.authenticatedPage (/app/fixtures/auth.fixture.ts:12:5)

    attachment #1: screenshot (image/png) ──────────────────────────────────────────────────────────
    ../test-results/workflows-sla-tracking-SLA-15e09-or-different-invoice-states-mobile-retry2/test-failed-1.png
    ────────────────────────────────────────────────────────────────────────────────────────────────

    attachment #2: video (video/webm) ──────────────────────────────────────────────────────────────
    ../test-results/workflows-sla-tracking-SLA-15e09-or-different-invoice-states-mobile-retry2/video.webm
    ────────────────────────────────────────────────────────────────────────────────────────────────

    Error Context: ../test-results/workflows-sla-tracking-SLA-15e09-or-different-invoice-states-mobile-retry2/error-context.md
]]>
</failure>
<system-out>
<![CDATA[
[[ATTACHMENT|workflows-sla-tracking-SLA-15e09-or-different-invoice-states-mobile/test-failed-1.png]]

[[ATTACHMENT|workflows-sla-tracking-SLA-15e09-or-different-invoice-states-mobile/video.webm]]

[[ATTACHMENT|workflows-sla-tracking-SLA-15e09-or-different-invoice-states-mobile/error-context.md]]

[[ATTACHMENT|workflows-sla-tracking-SLA-15e09-or-different-invoice-states-mobile-retry1/test-failed-1.png]]

[[ATTACHMENT|workflows-sla-tracking-SLA-15e09-or-different-invoice-states-mobile-retry1/video.webm]]

[[ATTACHMENT|workflows-sla-tracking-SLA-15e09-or-different-invoice-states-mobile-retry1/error-context.md]]

[[ATTACHMENT|workflows-sla-tracking-SLA-15e09-or-different-invoice-states-mobile-retry1/trace.zip]]

[[ATTACHMENT|workflows-sla-tracking-SLA-15e09-or-different-invoice-states-mobile-retry2/test-failed-1.png]]

[[ATTACHMENT|workflows-sla-tracking-SLA-15e09-or-different-invoice-states-mobile-retry2/video.webm]]

[[ATTACHMENT|workflows-sla-tracking-SLA-15e09-or-different-invoice-states-mobile-retry2/error-context.md]]
]]>
</system-out>
</testcase>
<testcase name="SLA Tracking System › SLA indicators on invoices index page › displays warning indicator for approaching deadlines" classname="workflows/sla-tracking.spec.ts" time="49.129">
<failure message="sla-tracking.spec.ts:45:9 displays warning indicator for approaching deadlines" type="FAILURE">
<![CDATA[  [mobile] › workflows/sla-tracking.spec.ts:45:9 › SLA Tracking System › SLA indicators on invoices index page › displays warning indicator for approaching deadlines 

    TimeoutError: locator.click: Timeout 15000ms exceeded.
    Call log:
      - waiting for locator('input[name="email"], input[type="email"], #email')


       at ../pages/base.page.ts:58

      56 |    */
      57 |   async fillField(locator: Locator, value: string) {
    > 58 |     await locator.click();
         |                   ^
      59 |     await locator.clear();
      60 |     await locator.fill(value);
      61 |   }
        at LoginPage.fillField (/app/pages/base.page.ts:58:19)
        at LoginPage.login (/app/pages/login.page.ts:33:16)
        at LoginPage.quickLogin (/app/pages/login.page.ts:58:16)
        at Object.authenticatedPage (/app/fixtures/auth.fixture.ts:12:5)

    attachment #1: screenshot (image/png) ──────────────────────────────────────────────────────────
    ../test-results/workflows-sla-tracking-SLA-87986-r-for-approaching-deadlines-mobile/test-failed-1.png
    ────────────────────────────────────────────────────────────────────────────────────────────────

    attachment #2: video (video/webm) ──────────────────────────────────────────────────────────────
    ../test-results/workflows-sla-tracking-SLA-87986-r-for-approaching-deadlines-mobile/video.webm
    ────────────────────────────────────────────────────────────────────────────────────────────────

    Error Context: ../test-results/workflows-sla-tracking-SLA-87986-r-for-approaching-deadlines-mobile/error-context.md

    Retry #1 ───────────────────────────────────────────────────────────────────────────────────────

    TimeoutError: locator.click: Timeout 15000ms exceeded.
    Call log:
      - waiting for locator('input[name="email"], input[type="email"], #email')


       at ../pages/base.page.ts:58

      56 |    */
      57 |   async fillField(locator: Locator, value: string) {
    > 58 |     await locator.click();
         |                   ^
      59 |     await locator.clear();
      60 |     await locator.fill(value);
      61 |   }
        at LoginPage.fillField (/app/pages/base.page.ts:58:19)
        at LoginPage.login (/app/pages/login.page.ts:33:16)
        at LoginPage.quickLogin (/app/pages/login.page.ts:58:16)
        at Object.authenticatedPage (/app/fixtures/auth.fixture.ts:12:5)

    attachment #1: screenshot (image/png) ──────────────────────────────────────────────────────────
    ../test-results/workflows-sla-tracking-SLA-87986-r-for-approaching-deadlines-mobile-retry1/test-failed-1.png
    ────────────────────────────────────────────────────────────────────────────────────────────────

    attachment #2: video (video/webm) ──────────────────────────────────────────────────────────────
    ../test-results/workflows-sla-tracking-SLA-87986-r-for-approaching-deadlines-mobile-retry1/video.webm
    ────────────────────────────────────────────────────────────────────────────────────────────────

    Error Context: ../test-results/workflows-sla-tracking-SLA-87986-r-for-approaching-deadlines-mobile-retry1/error-context.md

    attachment #4: trace (application/zip) ─────────────────────────────────────────────────────────
    ../test-results/workflows-sla-tracking-SLA-87986-r-for-approaching-deadlines-mobile-retry1/trace.zip
    Usage:

        npx playwright show-trace ../test-results/workflows-sla-tracking-SLA-87986-r-for-approaching-deadlines-mobile-retry1/trace.zip

    ────────────────────────────────────────────────────────────────────────────────────────────────

    Retry #2 ───────────────────────────────────────────────────────────────────────────────────────

    TimeoutError: locator.click: Timeout 15000ms exceeded.
    Call log:
      - waiting for locator('input[name="email"], input[type="email"], #email')


       at ../pages/base.page.ts:58

      56 |    */
      57 |   async fillField(locator: Locator, value: string) {
    > 58 |     await locator.click();
         |                   ^
      59 |     await locator.clear();
      60 |     await locator.fill(value);
      61 |   }
        at LoginPage.fillField (/app/pages/base.page.ts:58:19)
        at LoginPage.login (/app/pages/login.page.ts:33:16)
        at LoginPage.quickLogin (/app/pages/login.page.ts:58:16)
        at Object.authenticatedPage (/app/fixtures/auth.fixture.ts:12:5)

    attachment #1: screenshot (image/png) ──────────────────────────────────────────────────────────
    ../test-results/workflows-sla-tracking-SLA-87986-r-for-approaching-deadlines-mobile-retry2/test-failed-1.png
    ────────────────────────────────────────────────────────────────────────────────────────────────

    attachment #2: video (video/webm) ──────────────────────────────────────────────────────────────
    ../test-results/workflows-sla-tracking-SLA-87986-r-for-approaching-deadlines-mobile-retry2/video.webm
    ────────────────────────────────────────────────────────────────────────────────────────────────

    Error Context: ../test-results/workflows-sla-tracking-SLA-87986-r-for-approaching-deadlines-mobile-retry2/error-context.md
]]>
</failure>
<system-out>
<![CDATA[
[[ATTACHMENT|workflows-sla-tracking-SLA-87986-r-for-approaching-deadlines-mobile/test-failed-1.png]]

[[ATTACHMENT|workflows-sla-tracking-SLA-87986-r-for-approaching-deadlines-mobile/video.webm]]

[[ATTACHMENT|workflows-sla-tracking-SLA-87986-r-for-approaching-deadlines-mobile/error-context.md]]

[[ATTACHMENT|workflows-sla-tracking-SLA-87986-r-for-approaching-deadlines-mobile-retry1/test-failed-1.png]]

[[ATTACHMENT|workflows-sla-tracking-SLA-87986-r-for-approaching-deadlines-mobile-retry1/video.webm]]

[[ATTACHMENT|workflows-sla-tracking-SLA-87986-r-for-approaching-deadlines-mobile-retry1/error-context.md]]

[[ATTACHMENT|workflows-sla-tracking-SLA-87986-r-for-approaching-deadlines-mobile-retry1/trace.zip]]

[[ATTACHMENT|workflows-sla-tracking-SLA-87986-r-for-approaching-deadlines-mobile-retry2/test-failed-1.png]]

[[ATTACHMENT|workflows-sla-tracking-SLA-87986-r-for-approaching-deadlines-mobile-retry2/video.webm]]

[[ATTACHMENT|workflows-sla-tracking-SLA-87986-r-for-approaching-deadlines-mobile-retry2/error-context.md]]
]]>
</system-out>
</testcase>
<testcase name="SLA Tracking System › SLA indicators on invoices index page › applies correct styling based on time remaining" classname="workflows/sla-tracking.spec.ts" time="48.821">
<failure message="sla-tracking.spec.ts:54:9 applies correct styling based on time remaining" type="FAILURE">
<![CDATA[  [mobile] › workflows/sla-tracking.spec.ts:54:9 › SLA Tracking System › SLA indicators on invoices index page › applies correct styling based on time remaining 

    TimeoutError: locator.click: Timeout 15000ms exceeded.
    Call log:
      - waiting for locator('input[name="email"], input[type="email"], #email')


       at ../pages/base.page.ts:58

      56 |    */
      57 |   async fillField(locator: Locator, value: string) {
    > 58 |     await locator.click();
         |                   ^
      59 |     await locator.clear();
      60 |     await locator.fill(value);
      61 |   }
        at LoginPage.fillField (/app/pages/base.page.ts:58:19)
        at LoginPage.login (/app/pages/login.page.ts:33:16)
        at LoginPage.quickLogin (/app/pages/login.page.ts:58:16)
        at Object.authenticatedPage (/app/fixtures/auth.fixture.ts:12:5)

    attachment #1: screenshot (image/png) ──────────────────────────────────────────────────────────
    ../test-results/workflows-sla-tracking-SLA-d49e4-ing-based-on-time-remaining-mobile/test-failed-1.png
    ────────────────────────────────────────────────────────────────────────────────────────────────

    attachment #2: video (video/webm) ──────────────────────────────────────────────────────────────
    ../test-results/workflows-sla-tracking-SLA-d49e4-ing-based-on-time-remaining-mobile/video.webm
    ────────────────────────────────────────────────────────────────────────────────────────────────

    Error Context: ../test-results/workflows-sla-tracking-SLA-d49e4-ing-based-on-time-remaining-mobile/error-context.md

    Retry #1 ───────────────────────────────────────────────────────────────────────────────────────

    TimeoutError: locator.click: Timeout 15000ms exceeded.
    Call log:
      - waiting for locator('input[name="email"], input[type="email"], #email')


       at ../pages/base.page.ts:58

      56 |    */
      57 |   async fillField(locator: Locator, value: string) {
    > 58 |     await locator.click();
         |                   ^
      59 |     await locator.clear();
      60 |     await locator.fill(value);
      61 |   }
        at LoginPage.fillField (/app/pages/base.page.ts:58:19)
        at LoginPage.login (/app/pages/login.page.ts:33:16)
        at LoginPage.quickLogin (/app/pages/login.page.ts:58:16)
        at Object.authenticatedPage (/app/fixtures/auth.fixture.ts:12:5)

    attachment #1: screenshot (image/png) ──────────────────────────────────────────────────────────
    ../test-results/workflows-sla-tracking-SLA-d49e4-ing-based-on-time-remaining-mobile-retry1/test-failed-1.png
    ────────────────────────────────────────────────────────────────────────────────────────────────

    attachment #2: video (video/webm) ──────────────────────────────────────────────────────────────
    ../test-results/workflows-sla-tracking-SLA-d49e4-ing-based-on-time-remaining-mobile-retry1/video.webm
    ────────────────────────────────────────────────────────────────────────────────────────────────

    Error Context: ../test-results/workflows-sla-tracking-SLA-d49e4-ing-based-on-time-remaining-mobile-retry1/error-context.md

    attachment #4: trace (application/zip) ─────────────────────────────────────────────────────────
    ../test-results/workflows-sla-tracking-SLA-d49e4-ing-based-on-time-remaining-mobile-retry1/trace.zip
    Usage:

        npx playwright show-trace ../test-results/workflows-sla-tracking-SLA-d49e4-ing-based-on-time-remaining-mobile-retry1/trace.zip

    ────────────────────────────────────────────────────────────────────────────────────────────────

    Retry #2 ───────────────────────────────────────────────────────────────────────────────────────

    TimeoutError: locator.click: Timeout 15000ms exceeded.
    Call log:
      - waiting for locator('input[name="email"], input[type="email"], #email')


       at ../pages/base.page.ts:58

      56 |    */
      57 |   async fillField(locator: Locator, value: string) {
    > 58 |     await locator.click();
         |                   ^
      59 |     await locator.clear();
      60 |     await locator.fill(value);
      61 |   }
        at LoginPage.fillField (/app/pages/base.page.ts:58:19)
        at LoginPage.login (/app/pages/login.page.ts:33:16)
        at LoginPage.quickLogin (/app/pages/login.page.ts:58:16)
        at Object.authenticatedPage (/app/fixtures/auth.fixture.ts:12:5)

    attachment #1: screenshot (image/png) ──────────────────────────────────────────────────────────
    ../test-results/workflows-sla-tracking-SLA-d49e4-ing-based-on-time-remaining-mobile-retry2/test-failed-1.png
    ────────────────────────────────────────────────────────────────────────────────────────────────

    attachment #2: video (video/webm) ──────────────────────────────────────────────────────────────
    ../test-results/workflows-sla-tracking-SLA-d49e4-ing-based-on-time-remaining-mobile-retry2/video.webm
    ────────────────────────────────────────────────────────────────────────────────────────────────

    Error Context: ../test-results/workflows-sla-tracking-SLA-d49e4-ing-based-on-time-remaining-mobile-retry2/error-context.md
]]>
</failure>
<system-out>
<![CDATA[
[[ATTACHMENT|workflows-sla-tracking-SLA-d49e4-ing-based-on-time-remaining-mobile/test-failed-1.png]]

[[ATTACHMENT|workflows-sla-tracking-SLA-d49e4-ing-based-on-time-remaining-mobile/video.webm]]

[[ATTACHMENT|workflows-sla-tracking-SLA-d49e4-ing-based-on-time-remaining-mobile/error-context.md]]

[[ATTACHMENT|workflows-sla-tracking-SLA-d49e4-ing-based-on-time-remaining-mobile-retry1/test-failed-1.png]]

[[ATTACHMENT|workflows-sla-tracking-SLA-d49e4-ing-based-on-time-remaining-mobile-retry1/video.webm]]

[[ATTACHMENT|workflows-sla-tracking-SLA-d49e4-ing-based-on-time-remaining-mobile-retry1/error-context.md]]

[[ATTACHMENT|workflows-sla-tracking-SLA-d49e4-ing-based-on-time-remaining-mobile-retry1/trace.zip]]

[[ATTACHMENT|workflows-sla-tracking-SLA-d49e4-ing-based-on-time-remaining-mobile-retry2/test-failed-1.png]]

[[ATTACHMENT|workflows-sla-tracking-SLA-d49e4-ing-based-on-time-remaining-mobile-retry2/video.webm]]

[[ATTACHMENT|workflows-sla-tracking-SLA-d49e4-ing-based-on-time-remaining-mobile-retry2/error-context.md]]
]]>
</system-out>
</testcase>
<testcase name="SLA Tracking System › detailed SLA information on workflow page › displays comprehensive SLA details for active invoices" classname="workflows/sla-tracking.spec.ts" time="48.991">
<failure message="sla-tracking.spec.ts:71:9 displays comprehensive SLA details for active invoices" type="FAILURE">
<![CDATA[  [mobile] › workflows/sla-tracking.spec.ts:71:9 › SLA Tracking System › detailed SLA information on workflow page › displays comprehensive SLA details for active invoices 

    TimeoutError: locator.click: Timeout 15000ms exceeded.
    Call log:
      - waiting for locator('input[name="email"], input[type="email"], #email')


       at ../pages/base.page.ts:58

      56 |    */
      57 |   async fillField(locator: Locator, value: string) {
    > 58 |     await locator.click();
         |                   ^
      59 |     await locator.clear();
      60 |     await locator.fill(value);
      61 |   }
        at LoginPage.fillField (/app/pages/base.page.ts:58:19)
        at LoginPage.login (/app/pages/login.page.ts:33:16)
        at LoginPage.quickLogin (/app/pages/login.page.ts:58:16)
        at Object.authenticatedPage (/app/fixtures/auth.fixture.ts:12:5)

    attachment #1: screenshot (image/png) ──────────────────────────────────────────────────────────
    ../test-results/workflows-sla-tracking-SLA-eca3f-details-for-active-invoices-mobile/test-failed-1.png
    ────────────────────────────────────────────────────────────────────────────────────────────────

    attachment #2: video (video/webm) ──────────────────────────────────────────────────────────────
    ../test-results/workflows-sla-tracking-SLA-eca3f-details-for-active-invoices-mobile/video.webm
    ────────────────────────────────────────────────────────────────────────────────────────────────

    Error Context: ../test-results/workflows-sla-tracking-SLA-eca3f-details-for-active-invoices-mobile/error-context.md

    Retry #1 ───────────────────────────────────────────────────────────────────────────────────────

    TimeoutError: locator.click: Timeout 15000ms exceeded.
    Call log:
      - waiting for locator('input[name="email"], input[type="email"], #email')


       at ../pages/base.page.ts:58

      56 |    */
      57 |   async fillField(locator: Locator, value: string) {
    > 58 |     await locator.click();
         |                   ^
      59 |     await locator.clear();
      60 |     await locator.fill(value);
      61 |   }
        at LoginPage.fillField (/app/pages/base.page.ts:58:19)
        at LoginPage.login (/app/pages/login.page.ts:33:16)
        at LoginPage.quickLogin (/app/pages/login.page.ts:58:16)
        at Object.authenticatedPage (/app/fixtures/auth.fixture.ts:12:5)

    attachment #1: screenshot (image/png) ──────────────────────────────────────────────────────────
    ../test-results/workflows-sla-tracking-SLA-eca3f-details-for-active-invoices-mobile-retry1/test-failed-1.png
    ────────────────────────────────────────────────────────────────────────────────────────────────

    attachment #2: video (video/webm) ──────────────────────────────────────────────────────────────
    ../test-results/workflows-sla-tracking-SLA-eca3f-details-for-active-invoices-mobile-retry1/video.webm
    ────────────────────────────────────────────────────────────────────────────────────────────────

    Error Context: ../test-results/workflows-sla-tracking-SLA-eca3f-details-for-active-invoices-mobile-retry1/error-context.md

    attachment #4: trace (application/zip) ─────────────────────────────────────────────────────────
    ../test-results/workflows-sla-tracking-SLA-eca3f-details-for-active-invoices-mobile-retry1/trace.zip
    Usage:

        npx playwright show-trace ../test-results/workflows-sla-tracking-SLA-eca3f-details-for-active-invoices-mobile-retry1/trace.zip

    ────────────────────────────────────────────────────────────────────────────────────────────────

    Retry #2 ───────────────────────────────────────────────────────────────────────────────────────

    TimeoutError: locator.click: Timeout 15000ms exceeded.
    Call log:
      - waiting for locator('input[name="email"], input[type="email"], #email')


       at ../pages/base.page.ts:58

      56 |    */
      57 |   async fillField(locator: Locator, value: string) {
    > 58 |     await locator.click();
         |                   ^
      59 |     await locator.clear();
      60 |     await locator.fill(value);
      61 |   }
        at LoginPage.fillField (/app/pages/base.page.ts:58:19)
        at LoginPage.login (/app/pages/login.page.ts:33:16)
        at LoginPage.quickLogin (/app/pages/login.page.ts:58:16)
        at Object.authenticatedPage (/app/fixtures/auth.fixture.ts:12:5)

    attachment #1: screenshot (image/png) ──────────────────────────────────────────────────────────
    ../test-results/workflows-sla-tracking-SLA-eca3f-details-for-active-invoices-mobile-retry2/test-failed-1.png
    ────────────────────────────────────────────────────────────────────────────────────────────────

    attachment #2: video (video/webm) ──────────────────────────────────────────────────────────────
    ../test-results/workflows-sla-tracking-SLA-eca3f-details-for-active-invoices-mobile-retry2/video.webm
    ────────────────────────────────────────────────────────────────────────────────────────────────

    Error Context: ../test-results/workflows-sla-tracking-SLA-eca3f-details-for-active-invoices-mobile-retry2/error-context.md
]]>
</failure>
<system-out>
<![CDATA[
[[ATTACHMENT|workflows-sla-tracking-SLA-eca3f-details-for-active-invoices-mobile/test-failed-1.png]]

[[ATTACHMENT|workflows-sla-tracking-SLA-eca3f-details-for-active-invoices-mobile/video.webm]]

[[ATTACHMENT|workflows-sla-tracking-SLA-eca3f-details-for-active-invoices-mobile/error-context.md]]

[[ATTACHMENT|workflows-sla-tracking-SLA-eca3f-details-for-active-invoices-mobile-retry1/test-failed-1.png]]

[[ATTACHMENT|workflows-sla-tracking-SLA-eca3f-details-for-active-invoices-mobile-retry1/video.webm]]

[[ATTACHMENT|workflows-sla-tracking-SLA-eca3f-details-for-active-invoices-mobile-retry1/error-context.md]]

[[ATTACHMENT|workflows-sla-tracking-SLA-eca3f-details-for-active-invoices-mobile-retry1/trace.zip]]

[[ATTACHMENT|workflows-sla-tracking-SLA-eca3f-details-for-active-invoices-mobile-retry2/test-failed-1.png]]

[[ATTACHMENT|workflows-sla-tracking-SLA-eca3f-details-for-active-invoices-mobile-retry2/video.webm]]

[[ATTACHMENT|workflows-sla-tracking-SLA-eca3f-details-for-active-invoices-mobile-retry2/error-context.md]]
]]>
</system-out>
</testcase>
<testcase name="SLA Tracking System › detailed SLA information on workflow page › displays overdue SLA details with correct styling" classname="workflows/sla-tracking.spec.ts" time="49.141">
<failure message="sla-tracking.spec.ts:90:9 displays overdue SLA details with correct styling" type="FAILURE">
<![CDATA[  [mobile] › workflows/sla-tracking.spec.ts:90:9 › SLA Tracking System › detailed SLA information on workflow page › displays overdue SLA details with correct styling 

    TimeoutError: locator.click: Timeout 15000ms exceeded.
    Call log:
      - waiting for locator('input[name="email"], input[type="email"], #email')


       at ../pages/base.page.ts:58

      56 |    */
      57 |   async fillField(locator: Locator, value: string) {
    > 58 |     await locator.click();
         |                   ^
      59 |     await locator.clear();
      60 |     await locator.fill(value);
      61 |   }
        at LoginPage.fillField (/app/pages/base.page.ts:58:19)
        at LoginPage.login (/app/pages/login.page.ts:33:16)
        at LoginPage.quickLogin (/app/pages/login.page.ts:58:16)
        at Object.authenticatedPage (/app/fixtures/auth.fixture.ts:12:5)

    attachment #1: screenshot (image/png) ──────────────────────────────────────────────────────────
    ../test-results/workflows-sla-tracking-SLA-e086f-etails-with-correct-styling-mobile/test-failed-1.png
    ────────────────────────────────────────────────────────────────────────────────────────────────

    attachment #2: video (video/webm) ──────────────────────────────────────────────────────────────
    ../test-results/workflows-sla-tracking-SLA-e086f-etails-with-correct-styling-mobile/video.webm
    ────────────────────────────────────────────────────────────────────────────────────────────────

    Error Context: ../test-results/workflows-sla-tracking-SLA-e086f-etails-with-correct-styling-mobile/error-context.md

    Retry #1 ───────────────────────────────────────────────────────────────────────────────────────

    TimeoutError: locator.click: Timeout 15000ms exceeded.
    Call log:
      - waiting for locator('input[name="email"], input[type="email"], #email')


       at ../pages/base.page.ts:58

      56 |    */
      57 |   async fillField(locator: Locator, value: string) {
    > 58 |     await locator.click();
         |                   ^
      59 |     await locator.clear();
      60 |     await locator.fill(value);
      61 |   }
        at LoginPage.fillField (/app/pages/base.page.ts:58:19)
        at LoginPage.login (/app/pages/login.page.ts:33:16)
        at LoginPage.quickLogin (/app/pages/login.page.ts:58:16)
        at Object.authenticatedPage (/app/fixtures/auth.fixture.ts:12:5)

    attachment #1: screenshot (image/png) ──────────────────────────────────────────────────────────
    ../test-results/workflows-sla-tracking-SLA-e086f-etails-with-correct-styling-mobile-retry1/test-failed-1.png
    ────────────────────────────────────────────────────────────────────────────────────────────────

    attachment #2: video (video/webm) ──────────────────────────────────────────────────────────────
    ../test-results/workflows-sla-tracking-SLA-e086f-etails-with-correct-styling-mobile-retry1/video.webm
    ────────────────────────────────────────────────────────────────────────────────────────────────

    Error Context: ../test-results/workflows-sla-tracking-SLA-e086f-etails-with-correct-styling-mobile-retry1/error-context.md

    attachment #4: trace (application/zip) ─────────────────────────────────────────────────────────
    ../test-results/workflows-sla-tracking-SLA-e086f-etails-with-correct-styling-mobile-retry1/trace.zip
    Usage:

        npx playwright show-trace ../test-results/workflows-sla-tracking-SLA-e086f-etails-with-correct-styling-mobile-retry1/trace.zip

    ────────────────────────────────────────────────────────────────────────────────────────────────

    Retry #2 ───────────────────────────────────────────────────────────────────────────────────────

    TimeoutError: locator.click: Timeout 15000ms exceeded.
    Call log:
      - waiting for locator('input[name="email"], input[type="email"], #email')


       at ../pages/base.page.ts:58

      56 |    */
      57 |   async fillField(locator: Locator, value: string) {
    > 58 |     await locator.click();
         |                   ^
      59 |     await locator.clear();
      60 |     await locator.fill(value);
      61 |   }
        at LoginPage.fillField (/app/pages/base.page.ts:58:19)
        at LoginPage.login (/app/pages/login.page.ts:33:16)
        at LoginPage.quickLogin (/app/pages/login.page.ts:58:16)
        at Object.authenticatedPage (/app/fixtures/auth.fixture.ts:12:5)

    attachment #1: screenshot (image/png) ──────────────────────────────────────────────────────────
    ../test-results/workflows-sla-tracking-SLA-e086f-etails-with-correct-styling-mobile-retry2/test-failed-1.png
    ────────────────────────────────────────────────────────────────────────────────────────────────

    attachment #2: video (video/webm) ──────────────────────────────────────────────────────────────
    ../test-results/workflows-sla-tracking-SLA-e086f-etails-with-correct-styling-mobile-retry2/video.webm
    ────────────────────────────────────────────────────────────────────────────────────────────────

    Error Context: ../test-results/workflows-sla-tracking-SLA-e086f-etails-with-correct-styling-mobile-retry2/error-context.md
]]>
</failure>
<system-out>
<![CDATA[
[[ATTACHMENT|workflows-sla-tracking-SLA-e086f-etails-with-correct-styling-mobile/test-failed-1.png]]

[[ATTACHMENT|workflows-sla-tracking-SLA-e086f-etails-with-correct-styling-mobile/video.webm]]

[[ATTACHMENT|workflows-sla-tracking-SLA-e086f-etails-with-correct-styling-mobile/error-context.md]]

[[ATTACHMENT|workflows-sla-tracking-SLA-e086f-etails-with-correct-styling-mobile-retry1/test-failed-1.png]]

[[ATTACHMENT|workflows-sla-tracking-SLA-e086f-etails-with-correct-styling-mobile-retry1/video.webm]]

[[ATTACHMENT|workflows-sla-tracking-SLA-e086f-etails-with-correct-styling-mobile-retry1/error-context.md]]

[[ATTACHMENT|workflows-sla-tracking-SLA-e086f-etails-with-correct-styling-mobile-retry1/trace.zip]]

[[ATTACHMENT|workflows-sla-tracking-SLA-e086f-etails-with-correct-styling-mobile-retry2/test-failed-1.png]]

[[ATTACHMENT|workflows-sla-tracking-SLA-e086f-etails-with-correct-styling-mobile-retry2/video.webm]]

[[ATTACHMENT|workflows-sla-tracking-SLA-e086f-etails-with-correct-styling-mobile-retry2/error-context.md]]
]]>
</system-out>
</testcase>
<testcase name="SLA Tracking System › detailed SLA information on workflow page › handles invoices without SLA deadline" classname="workflows/sla-tracking.spec.ts" time="49.012">
<failure message="sla-tracking.spec.ts:104:9 handles invoices without SLA deadline" type="FAILURE">
<![CDATA[  [mobile] › workflows/sla-tracking.spec.ts:104:9 › SLA Tracking System › detailed SLA information on workflow page › handles invoices without SLA deadline 

    TimeoutError: locator.click: Timeout 15000ms exceeded.
    Call log:
      - waiting for locator('input[name="email"], input[type="email"], #email')


       at ../pages/base.page.ts:58

      56 |    */
      57 |   async fillField(locator: Locator, value: string) {
    > 58 |     await locator.click();
         |                   ^
      59 |     await locator.clear();
      60 |     await locator.fill(value);
      61 |   }
        at LoginPage.fillField (/app/pages/base.page.ts:58:19)
        at LoginPage.login (/app/pages/login.page.ts:33:16)
        at LoginPage.quickLogin (/app/pages/login.page.ts:58:16)
        at Object.authenticatedPage (/app/fixtures/auth.fixture.ts:12:5)

    attachment #1: screenshot (image/png) ──────────────────────────────────────────────────────────
    ../test-results/workflows-sla-tracking-SLA-c39d2-voices-without-SLA-deadline-mobile/test-failed-1.png
    ────────────────────────────────────────────────────────────────────────────────────────────────

    attachment #2: video (video/webm) ──────────────────────────────────────────────────────────────
    ../test-results/workflows-sla-tracking-SLA-c39d2-voices-without-SLA-deadline-mobile/video.webm
    ────────────────────────────────────────────────────────────────────────────────────────────────

    Error Context: ../test-results/workflows-sla-tracking-SLA-c39d2-voices-without-SLA-deadline-mobile/error-context.md

    Retry #1 ───────────────────────────────────────────────────────────────────────────────────────

    TimeoutError: locator.click: Timeout 15000ms exceeded.
    Call log:
      - waiting for locator('input[name="email"], input[type="email"], #email')


       at ../pages/base.page.ts:58

      56 |    */
      57 |   async fillField(locator: Locator, value: string) {
    > 58 |     await locator.click();
         |                   ^
      59 |     await locator.clear();
      60 |     await locator.fill(value);
      61 |   }
        at LoginPage.fillField (/app/pages/base.page.ts:58:19)
        at LoginPage.login (/app/pages/login.page.ts:33:16)
        at LoginPage.quickLogin (/app/pages/login.page.ts:58:16)
        at Object.authenticatedPage (/app/fixtures/auth.fixture.ts:12:5)

    attachment #1: screenshot (image/png) ──────────────────────────────────────────────────────────
    ../test-results/workflows-sla-tracking-SLA-c39d2-voices-without-SLA-deadline-mobile-retry1/test-failed-1.png
    ────────────────────────────────────────────────────────────────────────────────────────────────

    attachment #2: video (video/webm) ──────────────────────────────────────────────────────────────
    ../test-results/workflows-sla-tracking-SLA-c39d2-voices-without-SLA-deadline-mobile-retry1/video.webm
    ────────────────────────────────────────────────────────────────────────────────────────────────

    Error Context: ../test-results/workflows-sla-tracking-SLA-c39d2-voices-without-SLA-deadline-mobile-retry1/error-context.md

    attachment #4: trace (application/zip) ─────────────────────────────────────────────────────────
    ../test-results/workflows-sla-tracking-SLA-c39d2-voices-without-SLA-deadline-mobile-retry1/trace.zip
    Usage:

        npx playwright show-trace ../test-results/workflows-sla-tracking-SLA-c39d2-voices-without-SLA-deadline-mobile-retry1/trace.zip

    ────────────────────────────────────────────────────────────────────────────────────────────────

    Retry #2 ───────────────────────────────────────────────────────────────────────────────────────

    TimeoutError: locator.click: Timeout 15000ms exceeded.
    Call log:
      - waiting for locator('input[name="email"], input[type="email"], #email')


       at ../pages/base.page.ts:58

      56 |    */
      57 |   async fillField(locator: Locator, value: string) {
    > 58 |     await locator.click();
         |                   ^
      59 |     await locator.clear();
      60 |     await locator.fill(value);
      61 |   }
        at LoginPage.fillField (/app/pages/base.page.ts:58:19)
        at LoginPage.login (/app/pages/login.page.ts:33:16)
        at LoginPage.quickLogin (/app/pages/login.page.ts:58:16)
        at Object.authenticatedPage (/app/fixtures/auth.fixture.ts:12:5)

    attachment #1: screenshot (image/png) ──────────────────────────────────────────────────────────
    ../test-results/workflows-sla-tracking-SLA-c39d2-voices-without-SLA-deadline-mobile-retry2/test-failed-1.png
    ────────────────────────────────────────────────────────────────────────────────────────────────

    attachment #2: video (video/webm) ──────────────────────────────────────────────────────────────
    ../test-results/workflows-sla-tracking-SLA-c39d2-voices-without-SLA-deadline-mobile-retry2/video.webm
    ────────────────────────────────────────────────────────────────────────────────────────────────

    Error Context: ../test-results/workflows-sla-tracking-SLA-c39d2-voices-without-SLA-deadline-mobile-retry2/error-context.md
]]>
</failure>
<system-out>
<![CDATA[
[[ATTACHMENT|workflows-sla-tracking-SLA-c39d2-voices-without-SLA-deadline-mobile/test-failed-1.png]]

[[ATTACHMENT|workflows-sla-tracking-SLA-c39d2-voices-without-SLA-deadline-mobile/video.webm]]

[[ATTACHMENT|workflows-sla-tracking-SLA-c39d2-voices-without-SLA-deadline-mobile/error-context.md]]

[[ATTACHMENT|workflows-sla-tracking-SLA-c39d2-voices-without-SLA-deadline-mobile-retry1/test-failed-1.png]]

[[ATTACHMENT|workflows-sla-tracking-SLA-c39d2-voices-without-SLA-deadline-mobile-retry1/video.webm]]

[[ATTACHMENT|workflows-sla-tracking-SLA-c39d2-voices-without-SLA-deadline-mobile-retry1/error-context.md]]

[[ATTACHMENT|workflows-sla-tracking-SLA-c39d2-voices-without-SLA-deadline-mobile-retry1/trace.zip]]

[[ATTACHMENT|workflows-sla-tracking-SLA-c39d2-voices-without-SLA-deadline-mobile-retry2/test-failed-1.png]]

[[ATTACHMENT|workflows-sla-tracking-SLA-c39d2-voices-without-SLA-deadline-mobile-retry2/video.webm]]

[[ATTACHMENT|workflows-sla-tracking-SLA-c39d2-voices-without-SLA-deadline-mobile-retry2/error-context.md]]
]]>
</system-out>
</testcase>
<testcase name="SLA Tracking System › detailed SLA information on workflow page › calculates and displays correct progress percentage" classname="workflows/sla-tracking.spec.ts" time="49.128">
<failure message="sla-tracking.spec.ts:117:9 calculates and displays correct progress percentage" type="FAILURE">
<![CDATA[  [mobile] › workflows/sla-tracking.spec.ts:117:9 › SLA Tracking System › detailed SLA information on workflow page › calculates and displays correct progress percentage 

    TimeoutError: locator.click: Timeout 15000ms exceeded.
    Call log:
      - waiting for locator('input[name="email"], input[type="email"], #email')


       at ../pages/base.page.ts:58

      56 |    */
      57 |   async fillField(locator: Locator, value: string) {
    > 58 |     await locator.click();
         |                   ^
      59 |     await locator.clear();
      60 |     await locator.fill(value);
      61 |   }
        at LoginPage.fillField (/app/pages/base.page.ts:58:19)
        at LoginPage.login (/app/pages/login.page.ts:33:16)
        at LoginPage.quickLogin (/app/pages/login.page.ts:58:16)
        at Object.authenticatedPage (/app/fixtures/auth.fixture.ts:12:5)

    attachment #1: screenshot (image/png) ──────────────────────────────────────────────────────────
    ../test-results/workflows-sla-tracking-SLA-01b13-correct-progress-percentage-mobile/test-failed-1.png
    ────────────────────────────────────────────────────────────────────────────────────────────────

    attachment #2: video (video/webm) ──────────────────────────────────────────────────────────────
    ../test-results/workflows-sla-tracking-SLA-01b13-correct-progress-percentage-mobile/video.webm
    ────────────────────────────────────────────────────────────────────────────────────────────────

    Error Context: ../test-results/workflows-sla-tracking-SLA-01b13-correct-progress-percentage-mobile/error-context.md

    Retry #1 ───────────────────────────────────────────────────────────────────────────────────────

    TimeoutError: locator.click: Timeout 15000ms exceeded.
    Call log:
      - waiting for locator('input[name="email"], input[type="email"], #email')


       at ../pages/base.page.ts:58

      56 |    */
      57 |   async fillField(locator: Locator, value: string) {
    > 58 |     await locator.click();
         |                   ^
      59 |     await locator.clear();
      60 |     await locator.fill(value);
      61 |   }
        at LoginPage.fillField (/app/pages/base.page.ts:58:19)
        at LoginPage.login (/app/pages/login.page.ts:33:16)
        at LoginPage.quickLogin (/app/pages/login.page.ts:58:16)
        at Object.authenticatedPage (/app/fixtures/auth.fixture.ts:12:5)

    attachment #1: screenshot (image/png) ──────────────────────────────────────────────────────────
    ../test-results/workflows-sla-tracking-SLA-01b13-correct-progress-percentage-mobile-retry1/test-failed-1.png
    ────────────────────────────────────────────────────────────────────────────────────────────────

    attachment #2: video (video/webm) ──────────────────────────────────────────────────────────────
    ../test-results/workflows-sla-tracking-SLA-01b13-correct-progress-percentage-mobile-retry1/video.webm
    ────────────────────────────────────────────────────────────────────────────────────────────────

    Error Context: ../test-results/workflows-sla-tracking-SLA-01b13-correct-progress-percentage-mobile-retry1/error-context.md

    attachment #4: trace (application/zip) ─────────────────────────────────────────────────────────
    ../test-results/workflows-sla-tracking-SLA-01b13-correct-progress-percentage-mobile-retry1/trace.zip
    Usage:

        npx playwright show-trace ../test-results/workflows-sla-tracking-SLA-01b13-correct-progress-percentage-mobile-retry1/trace.zip

    ────────────────────────────────────────────────────────────────────────────────────────────────

    Retry #2 ───────────────────────────────────────────────────────────────────────────────────────

    TimeoutError: locator.click: Timeout 15000ms exceeded.
    Call log:
      - waiting for locator('input[name="email"], input[type="email"], #email')


       at ../pages/base.page.ts:58

      56 |    */
      57 |   async fillField(locator: Locator, value: string) {
    > 58 |     await locator.click();
         |                   ^
      59 |     await locator.clear();
      60 |     await locator.fill(value);
      61 |   }
        at LoginPage.fillField (/app/pages/base.page.ts:58:19)
        at LoginPage.login (/app/pages/login.page.ts:33:16)
        at LoginPage.quickLogin (/app/pages/login.page.ts:58:16)
        at Object.authenticatedPage (/app/fixtures/auth.fixture.ts:12:5)

    attachment #1: screenshot (image/png) ──────────────────────────────────────────────────────────
    ../test-results/workflows-sla-tracking-SLA-01b13-correct-progress-percentage-mobile-retry2/test-failed-1.png
    ────────────────────────────────────────────────────────────────────────────────────────────────

    attachment #2: video (video/webm) ──────────────────────────────────────────────────────────────
    ../test-results/workflows-sla-tracking-SLA-01b13-correct-progress-percentage-mobile-retry2/video.webm
    ────────────────────────────────────────────────────────────────────────────────────────────────

    Error Context: ../test-results/workflows-sla-tracking-SLA-01b13-correct-progress-percentage-mobile-retry2/error-context.md
]]>
</failure>
<system-out>
<![CDATA[
[[ATTACHMENT|workflows-sla-tracking-SLA-01b13-correct-progress-percentage-mobile/test-failed-1.png]]

[[ATTACHMENT|workflows-sla-tracking-SLA-01b13-correct-progress-percentage-mobile/video.webm]]

[[ATTACHMENT|workflows-sla-tracking-SLA-01b13-correct-progress-percentage-mobile/error-context.md]]

[[ATTACHMENT|workflows-sla-tracking-SLA-01b13-correct-progress-percentage-mobile-retry1/test-failed-1.png]]

[[ATTACHMENT|workflows-sla-tracking-SLA-01b13-correct-progress-percentage-mobile-retry1/video.webm]]

[[ATTACHMENT|workflows-sla-tracking-SLA-01b13-correct-progress-percentage-mobile-retry1/error-context.md]]

[[ATTACHMENT|workflows-sla-tracking-SLA-01b13-correct-progress-percentage-mobile-retry1/trace.zip]]

[[ATTACHMENT|workflows-sla-tracking-SLA-01b13-correct-progress-percentage-mobile-retry2/test-failed-1.png]]

[[ATTACHMENT|workflows-sla-tracking-SLA-01b13-correct-progress-percentage-mobile-retry2/video.webm]]

[[ATTACHMENT|workflows-sla-tracking-SLA-01b13-correct-progress-percentage-mobile-retry2/error-context.md]]
]]>
</system-out>
</testcase>
<testcase name="SLA Tracking System › edge cases and error handling › handles missing workflow data gracefully" classname="workflows/sla-tracking.spec.ts" time="48.869">
<failure message="sla-tracking.spec.ts:131:9 handles missing workflow data gracefully" type="FAILURE">
<![CDATA[  [mobile] › workflows/sla-tracking.spec.ts:131:9 › SLA Tracking System › edge cases and error handling › handles missing workflow data gracefully 

    TimeoutError: locator.click: Timeout 15000ms exceeded.
    Call log:
      - waiting for locator('input[name="email"], input[type="email"], #email')


       at ../pages/base.page.ts:58

      56 |    */
      57 |   async fillField(locator: Locator, value: string) {
    > 58 |     await locator.click();
         |                   ^
      59 |     await locator.clear();
      60 |     await locator.fill(value);
      61 |   }
        at LoginPage.fillField (/app/pages/base.page.ts:58:19)
        at LoginPage.login (/app/pages/login.page.ts:33:16)
        at LoginPage.quickLogin (/app/pages/login.page.ts:58:16)
        at Object.authenticatedPage (/app/fixtures/auth.fixture.ts:12:5)

    attachment #1: screenshot (image/png) ──────────────────────────────────────────────────────────
    ../test-results/workflows-sla-tracking-SLA-28e48-ng-workflow-data-gracefully-mobile/test-failed-1.png
    ────────────────────────────────────────────────────────────────────────────────────────────────

    attachment #2: video (video/webm) ──────────────────────────────────────────────────────────────
    ../test-results/workflows-sla-tracking-SLA-28e48-ng-workflow-data-gracefully-mobile/video.webm
    ────────────────────────────────────────────────────────────────────────────────────────────────

    Error Context: ../test-results/workflows-sla-tracking-SLA-28e48-ng-workflow-data-gracefully-mobile/error-context.md

    Retry #1 ───────────────────────────────────────────────────────────────────────────────────────

    TimeoutError: locator.click: Timeout 15000ms exceeded.
    Call log:
      - waiting for locator('input[name="email"], input[type="email"], #email')


       at ../pages/base.page.ts:58

      56 |    */
      57 |   async fillField(locator: Locator, value: string) {
    > 58 |     await locator.click();
         |                   ^
      59 |     await locator.clear();
      60 |     await locator.fill(value);
      61 |   }
        at LoginPage.fillField (/app/pages/base.page.ts:58:19)
        at LoginPage.login (/app/pages/login.page.ts:33:16)
        at LoginPage.quickLogin (/app/pages/login.page.ts:58:16)
        at Object.authenticatedPage (/app/fixtures/auth.fixture.ts:12:5)

    attachment #1: screenshot (image/png) ──────────────────────────────────────────────────────────
    ../test-results/workflows-sla-tracking-SLA-28e48-ng-workflow-data-gracefully-mobile-retry1/test-failed-1.png
    ────────────────────────────────────────────────────────────────────────────────────────────────

    attachment #2: video (video/webm) ──────────────────────────────────────────────────────────────
    ../test-results/workflows-sla-tracking-SLA-28e48-ng-workflow-data-gracefully-mobile-retry1/video.webm
    ────────────────────────────────────────────────────────────────────────────────────────────────

    Error Context: ../test-results/workflows-sla-tracking-SLA-28e48-ng-workflow-data-gracefully-mobile-retry1/error-context.md

    attachment #4: trace (application/zip) ─────────────────────────────────────────────────────────
    ../test-results/workflows-sla-tracking-SLA-28e48-ng-workflow-data-gracefully-mobile-retry1/trace.zip
    Usage:

        npx playwright show-trace ../test-results/workflows-sla-tracking-SLA-28e48-ng-workflow-data-gracefully-mobile-retry1/trace.zip

    ────────────────────────────────────────────────────────────────────────────────────────────────

    Retry #2 ───────────────────────────────────────────────────────────────────────────────────────

    TimeoutError: locator.click: Timeout 15000ms exceeded.
    Call log:
      - waiting for locator('input[name="email"], input[type="email"], #email')


       at ../pages/base.page.ts:58

      56 |    */
      57 |   async fillField(locator: Locator, value: string) {
    > 58 |     await locator.click();
         |                   ^
      59 |     await locator.clear();
      60 |     await locator.fill(value);
      61 |   }
        at LoginPage.fillField (/app/pages/base.page.ts:58:19)
        at LoginPage.login (/app/pages/login.page.ts:33:16)
        at LoginPage.quickLogin (/app/pages/login.page.ts:58:16)
        at Object.authenticatedPage (/app/fixtures/auth.fixture.ts:12:5)

    attachment #1: screenshot (image/png) ──────────────────────────────────────────────────────────
    ../test-results/workflows-sla-tracking-SLA-28e48-ng-workflow-data-gracefully-mobile-retry2/test-failed-1.png
    ────────────────────────────────────────────────────────────────────────────────────────────────

    attachment #2: video (video/webm) ──────────────────────────────────────────────────────────────
    ../test-results/workflows-sla-tracking-SLA-28e48-ng-workflow-data-gracefully-mobile-retry2/video.webm
    ────────────────────────────────────────────────────────────────────────────────────────────────

    Error Context: ../test-results/workflows-sla-tracking-SLA-28e48-ng-workflow-data-gracefully-mobile-retry2/error-context.md
]]>
</failure>
<system-out>
<![CDATA[
[[ATTACHMENT|workflows-sla-tracking-SLA-28e48-ng-workflow-data-gracefully-mobile/test-failed-1.png]]

[[ATTACHMENT|workflows-sla-tracking-SLA-28e48-ng-workflow-data-gracefully-mobile/video.webm]]

[[ATTACHMENT|workflows-sla-tracking-SLA-28e48-ng-workflow-data-gracefully-mobile/error-context.md]]

[[ATTACHMENT|workflows-sla-tracking-SLA-28e48-ng-workflow-data-gracefully-mobile-retry1/test-failed-1.png]]

[[ATTACHMENT|workflows-sla-tracking-SLA-28e48-ng-workflow-data-gracefully-mobile-retry1/video.webm]]

[[ATTACHMENT|workflows-sla-tracking-SLA-28e48-ng-workflow-data-gracefully-mobile-retry1/error-context.md]]

[[ATTACHMENT|workflows-sla-tracking-SLA-28e48-ng-workflow-data-gracefully-mobile-retry1/trace.zip]]

[[ATTACHMENT|workflows-sla-tracking-SLA-28e48-ng-workflow-data-gracefully-mobile-retry2/test-failed-1.png]]

[[ATTACHMENT|workflows-sla-tracking-SLA-28e48-ng-workflow-data-gracefully-mobile-retry2/video.webm]]

[[ATTACHMENT|workflows-sla-tracking-SLA-28e48-ng-workflow-data-gracefully-mobile-retry2/error-context.md]]
]]>
</system-out>
</testcase>
<testcase name="SLA Tracking System › edge cases and error handling › updates SLA status after workflow transition" classname="workflows/sla-tracking.spec.ts" time="48.901">
<failure message="sla-tracking.spec.ts:153:9 updates SLA status after workflow transition" type="FAILURE">
<![CDATA[  [mobile] › workflows/sla-tracking.spec.ts:153:9 › SLA Tracking System › edge cases and error handling › updates SLA status after workflow transition 

    TimeoutError: locator.click: Timeout 15000ms exceeded.
    Call log:
      - waiting for locator('input[name="email"], input[type="email"], #email')


       at ../pages/base.page.ts:58

      56 |    */
      57 |   async fillField(locator: Locator, value: string) {
    > 58 |     await locator.click();
         |                   ^
      59 |     await locator.clear();
      60 |     await locator.fill(value);
      61 |   }
        at LoginPage.fillField (/app/pages/base.page.ts:58:19)
        at LoginPage.login (/app/pages/login.page.ts:33:16)
        at LoginPage.quickLogin (/app/pages/login.page.ts:58:16)
        at Object.authenticatedPage (/app/fixtures/auth.fixture.ts:12:5)

    attachment #1: screenshot (image/png) ──────────────────────────────────────────────────────────
    ../test-results/workflows-sla-tracking-SLA-3bddb-s-after-workflow-transition-mobile/test-failed-1.png
    ────────────────────────────────────────────────────────────────────────────────────────────────

    attachment #2: video (video/webm) ──────────────────────────────────────────────────────────────
    ../test-results/workflows-sla-tracking-SLA-3bddb-s-after-workflow-transition-mobile/video.webm
    ────────────────────────────────────────────────────────────────────────────────────────────────

    Error Context: ../test-results/workflows-sla-tracking-SLA-3bddb-s-after-workflow-transition-mobile/error-context.md

    Retry #1 ───────────────────────────────────────────────────────────────────────────────────────

    TimeoutError: locator.click: Timeout 15000ms exceeded.
    Call log:
      - waiting for locator('input[name="email"], input[type="email"], #email')


       at ../pages/base.page.ts:58

      56 |    */
      57 |   async fillField(locator: Locator, value: string) {
    > 58 |     await locator.click();
         |                   ^
      59 |     await locator.clear();
      60 |     await locator.fill(value);
      61 |   }
        at LoginPage.fillField (/app/pages/base.page.ts:58:19)
        at LoginPage.login (/app/pages/login.page.ts:33:16)
        at LoginPage.quickLogin (/app/pages/login.page.ts:58:16)
        at Object.authenticatedPage (/app/fixtures/auth.fixture.ts:12:5)

    attachment #1: screenshot (image/png) ──────────────────────────────────────────────────────────
    ../test-results/workflows-sla-tracking-SLA-3bddb-s-after-workflow-transition-mobile-retry1/test-failed-1.png
    ────────────────────────────────────────────────────────────────────────────────────────────────

    attachment #2: video (video/webm) ──────────────────────────────────────────────────────────────
    ../test-results/workflows-sla-tracking-SLA-3bddb-s-after-workflow-transition-mobile-retry1/video.webm
    ────────────────────────────────────────────────────────────────────────────────────────────────

    Error Context: ../test-results/workflows-sla-tracking-SLA-3bddb-s-after-workflow-transition-mobile-retry1/error-context.md

    attachment #4: trace (application/zip) ─────────────────────────────────────────────────────────
    ../test-results/workflows-sla-tracking-SLA-3bddb-s-after-workflow-transition-mobile-retry1/trace.zip
    Usage:

        npx playwright show-trace ../test-results/workflows-sla-tracking-SLA-3bddb-s-after-workflow-transition-mobile-retry1/trace.zip

    ────────────────────────────────────────────────────────────────────────────────────────────────

    Retry #2 ───────────────────────────────────────────────────────────────────────────────────────

    TimeoutError: locator.click: Timeout 15000ms exceeded.
    Call log:
      - waiting for locator('input[name="email"], input[type="email"], #email')


       at ../pages/base.page.ts:58

      56 |    */
      57 |   async fillField(locator: Locator, value: string) {
    > 58 |     await locator.click();
         |                   ^
      59 |     await locator.clear();
      60 |     await locator.fill(value);
      61 |   }
        at LoginPage.fillField (/app/pages/base.page.ts:58:19)
        at LoginPage.login (/app/pages/login.page.ts:33:16)
        at LoginPage.quickLogin (/app/pages/login.page.ts:58:16)
        at Object.authenticatedPage (/app/fixtures/auth.fixture.ts:12:5)

    attachment #1: screenshot (image/png) ──────────────────────────────────────────────────────────
    ../test-results/workflows-sla-tracking-SLA-3bddb-s-after-workflow-transition-mobile-retry2/test-failed-1.png
    ────────────────────────────────────────────────────────────────────────────────────────────────

    attachment #2: video (video/webm) ──────────────────────────────────────────────────────────────
    ../test-results/workflows-sla-tracking-SLA-3bddb-s-after-workflow-transition-mobile-retry2/video.webm
    ────────────────────────────────────────────────────────────────────────────────────────────────

    Error Context: ../test-results/workflows-sla-tracking-SLA-3bddb-s-after-workflow-transition-mobile-retry2/error-context.md
]]>
</failure>
<system-out>
<![CDATA[
[[ATTACHMENT|workflows-sla-tracking-SLA-3bddb-s-after-workflow-transition-mobile/test-failed-1.png]]

[[ATTACHMENT|workflows-sla-tracking-SLA-3bddb-s-after-workflow-transition-mobile/video.webm]]

[[ATTACHMENT|workflows-sla-tracking-SLA-3bddb-s-after-workflow-transition-mobile/error-context.md]]

[[ATTACHMENT|workflows-sla-tracking-SLA-3bddb-s-after-workflow-transition-mobile-retry1/test-failed-1.png]]

[[ATTACHMENT|workflows-sla-tracking-SLA-3bddb-s-after-workflow-transition-mobile-retry1/video.webm]]

[[ATTACHMENT|workflows-sla-tracking-SLA-3bddb-s-after-workflow-transition-mobile-retry1/error-context.md]]

[[ATTACHMENT|workflows-sla-tracking-SLA-3bddb-s-after-workflow-transition-mobile-retry1/trace.zip]]

[[ATTACHMENT|workflows-sla-tracking-SLA-3bddb-s-after-workflow-transition-mobile-retry2/test-failed-1.png]]

[[ATTACHMENT|workflows-sla-tracking-SLA-3bddb-s-after-workflow-transition-mobile-retry2/video.webm]]

[[ATTACHMENT|workflows-sla-tracking-SLA-3bddb-s-after-workflow-transition-mobile-retry2/error-context.md]]
]]>
</system-out>
</testcase>
</testsuite>
<testsuite name="invoices/invoice-calculations.spec.ts" timestamp="2025-09-25T07:53:49.510Z" hostname="tablet" tests="6" failures="6" skipped="0" time="295.454" errors="0">
<testcase name="Invoice Global Financial Calculations › JavaScript calculations update totals when global financial fields change" classname="invoices/invoice-calculations.spec.ts" time="49.54">
<failure message="invoice-calculations.spec.ts:16:7 JavaScript calculations update totals when global financial fields change" type="FAILURE">
<![CDATA[  [tablet] › invoices/invoice-calculations.spec.ts:16:7 › Invoice Global Financial Calculations › JavaScript calculations update totals when global financial fields change 

    TimeoutError: locator.click: Timeout 15000ms exceeded.
    Call log:
      - waiting for locator('input[name="email"], input[type="email"], #email')


       at ../pages/base.page.ts:58

      56 |    */
      57 |   async fillField(locator: Locator, value: string) {
    > 58 |     await locator.click();
         |                   ^
      59 |     await locator.clear();
      60 |     await locator.fill(value);
      61 |   }
        at LoginPage.fillField (/app/pages/base.page.ts:58:19)
        at LoginPage.login (/app/pages/login.page.ts:33:16)
        at LoginPage.quickLogin (/app/pages/login.page.ts:58:16)
        at Object.authenticatedPage (/app/fixtures/auth.fixture.ts:12:5)

    attachment #1: screenshot (image/png) ──────────────────────────────────────────────────────────
    ../test-results/invoices-invoice-calculati-6eea4-bal-financial-fields-change-tablet/test-failed-1.png
    ────────────────────────────────────────────────────────────────────────────────────────────────

    attachment #2: video (video/webm) ──────────────────────────────────────────────────────────────
    ../test-results/invoices-invoice-calculati-6eea4-bal-financial-fields-change-tablet/video.webm
    ────────────────────────────────────────────────────────────────────────────────────────────────

    Error Context: ../test-results/invoices-invoice-calculati-6eea4-bal-financial-fields-change-tablet/error-context.md

    Retry #1 ───────────────────────────────────────────────────────────────────────────────────────

    TimeoutError: locator.click: Timeout 15000ms exceeded.
    Call log:
      - waiting for locator('input[name="email"], input[type="email"], #email')


       at ../pages/base.page.ts:58

      56 |    */
      57 |   async fillField(locator: Locator, value: string) {
    > 58 |     await locator.click();
         |                   ^
      59 |     await locator.clear();
      60 |     await locator.fill(value);
      61 |   }
        at LoginPage.fillField (/app/pages/base.page.ts:58:19)
        at LoginPage.login (/app/pages/login.page.ts:33:16)
        at LoginPage.quickLogin (/app/pages/login.page.ts:58:16)
        at Object.authenticatedPage (/app/fixtures/auth.fixture.ts:12:5)

    attachment #1: screenshot (image/png) ──────────────────────────────────────────────────────────
    ../test-results/invoices-invoice-calculati-6eea4-bal-financial-fields-change-tablet-retry1/test-failed-1.png
    ────────────────────────────────────────────────────────────────────────────────────────────────

    attachment #2: video (video/webm) ──────────────────────────────────────────────────────────────
    ../test-results/invoices-invoice-calculati-6eea4-bal-financial-fields-change-tablet-retry1/video.webm
    ────────────────────────────────────────────────────────────────────────────────────────────────

    Error Context: ../test-results/invoices-invoice-calculati-6eea4-bal-financial-fields-change-tablet-retry1/error-context.md

    attachment #4: trace (application/zip) ─────────────────────────────────────────────────────────
    ../test-results/invoices-invoice-calculati-6eea4-bal-financial-fields-change-tablet-retry1/trace.zip
    Usage:

        npx playwright show-trace ../test-results/invoices-invoice-calculati-6eea4-bal-financial-fields-change-tablet-retry1/trace.zip

    ────────────────────────────────────────────────────────────────────────────────────────────────

    Retry #2 ───────────────────────────────────────────────────────────────────────────────────────

    TimeoutError: locator.click: Timeout 15000ms exceeded.
    Call log:
      - waiting for locator('input[name="email"], input[type="email"], #email')


       at ../pages/base.page.ts:58

      56 |    */
      57 |   async fillField(locator: Locator, value: string) {
    > 58 |     await locator.click();
         |                   ^
      59 |     await locator.clear();
      60 |     await locator.fill(value);
      61 |   }
        at LoginPage.fillField (/app/pages/base.page.ts:58:19)
        at LoginPage.login (/app/pages/login.page.ts:33:16)
        at LoginPage.quickLogin (/app/pages/login.page.ts:58:16)
        at Object.authenticatedPage (/app/fixtures/auth.fixture.ts:12:5)

    attachment #1: screenshot (image/png) ──────────────────────────────────────────────────────────
    ../test-results/invoices-invoice-calculati-6eea4-bal-financial-fields-change-tablet-retry2/test-failed-1.png
    ────────────────────────────────────────────────────────────────────────────────────────────────

    attachment #2: video (video/webm) ──────────────────────────────────────────────────────────────
    ../test-results/invoices-invoice-calculati-6eea4-bal-financial-fields-change-tablet-retry2/video.webm
    ────────────────────────────────────────────────────────────────────────────────────────────────

    Error Context: ../test-results/invoices-invoice-calculati-6eea4-bal-financial-fields-change-tablet-retry2/error-context.md
]]>
</failure>
<system-out>
<![CDATA[
[[ATTACHMENT|invoices-invoice-calculati-6eea4-bal-financial-fields-change-tablet/test-failed-1.png]]

[[ATTACHMENT|invoices-invoice-calculati-6eea4-bal-financial-fields-change-tablet/video.webm]]

[[ATTACHMENT|invoices-invoice-calculati-6eea4-bal-financial-fields-change-tablet/error-context.md]]

[[ATTACHMENT|invoices-invoice-calculati-6eea4-bal-financial-fields-change-tablet-retry1/test-failed-1.png]]

[[ATTACHMENT|invoices-invoice-calculati-6eea4-bal-financial-fields-change-tablet-retry1/video.webm]]

[[ATTACHMENT|invoices-invoice-calculati-6eea4-bal-financial-fields-change-tablet-retry1/error-context.md]]

[[ATTACHMENT|invoices-invoice-calculati-6eea4-bal-financial-fields-change-tablet-retry1/trace.zip]]

[[ATTACHMENT|invoices-invoice-calculati-6eea4-bal-financial-fields-change-tablet-retry2/test-failed-1.png]]

[[ATTACHMENT|invoices-invoice-calculati-6eea4-bal-financial-fields-change-tablet-retry2/video.webm]]

[[ATTACHMENT|invoices-invoice-calculati-6eea4-bal-financial-fields-change-tablet-retry2/error-context.md]]
]]>
</system-out>
</testcase>
<testcase name="Invoice Global Financial Calculations › Calculations handle decimal values correctly" classname="invoices/invoice-calculations.spec.ts" time="49.19">
<failure message="invoice-calculations.spec.ts:77:7 Calculations handle decimal values correctly" type="FAILURE">
<![CDATA[  [tablet] › invoices/invoice-calculations.spec.ts:77:7 › Invoice Global Financial Calculations › Calculations handle decimal values correctly 

    TimeoutError: locator.click: Timeout 15000ms exceeded.
    Call log:
      - waiting for locator('input[name="email"], input[type="email"], #email')


       at ../pages/base.page.ts:58

      56 |    */
      57 |   async fillField(locator: Locator, value: string) {
    > 58 |     await locator.click();
         |                   ^
      59 |     await locator.clear();
      60 |     await locator.fill(value);
      61 |   }
        at LoginPage.fillField (/app/pages/base.page.ts:58:19)
        at LoginPage.login (/app/pages/login.page.ts:33:16)
        at LoginPage.quickLogin (/app/pages/login.page.ts:58:16)
        at Object.authenticatedPage (/app/fixtures/auth.fixture.ts:12:5)

    attachment #1: screenshot (image/png) ──────────────────────────────────────────────────────────
    ../test-results/invoices-invoice-calculati-29518-le-decimal-values-correctly-tablet/test-failed-1.png
    ────────────────────────────────────────────────────────────────────────────────────────────────

    attachment #2: video (video/webm) ──────────────────────────────────────────────────────────────
    ../test-results/invoices-invoice-calculati-29518-le-decimal-values-correctly-tablet/video.webm
    ────────────────────────────────────────────────────────────────────────────────────────────────

    Error Context: ../test-results/invoices-invoice-calculati-29518-le-decimal-values-correctly-tablet/error-context.md

    Retry #1 ───────────────────────────────────────────────────────────────────────────────────────

    TimeoutError: locator.click: Timeout 15000ms exceeded.
    Call log:
      - waiting for locator('input[name="email"], input[type="email"], #email')


       at ../pages/base.page.ts:58

      56 |    */
      57 |   async fillField(locator: Locator, value: string) {
    > 58 |     await locator.click();
         |                   ^
      59 |     await locator.clear();
      60 |     await locator.fill(value);
      61 |   }
        at LoginPage.fillField (/app/pages/base.page.ts:58:19)
        at LoginPage.login (/app/pages/login.page.ts:33:16)
        at LoginPage.quickLogin (/app/pages/login.page.ts:58:16)
        at Object.authenticatedPage (/app/fixtures/auth.fixture.ts:12:5)

    attachment #1: screenshot (image/png) ──────────────────────────────────────────────────────────
    ../test-results/invoices-invoice-calculati-29518-le-decimal-values-correctly-tablet-retry1/test-failed-1.png
    ────────────────────────────────────────────────────────────────────────────────────────────────

    attachment #2: video (video/webm) ──────────────────────────────────────────────────────────────
    ../test-results/invoices-invoice-calculati-29518-le-decimal-values-correctly-tablet-retry1/video.webm
    ────────────────────────────────────────────────────────────────────────────────────────────────

    Error Context: ../test-results/invoices-invoice-calculati-29518-le-decimal-values-correctly-tablet-retry1/error-context.md

    attachment #4: trace (application/zip) ─────────────────────────────────────────────────────────
    ../test-results/invoices-invoice-calculati-29518-le-decimal-values-correctly-tablet-retry1/trace.zip
    Usage:

        npx playwright show-trace ../test-results/invoices-invoice-calculati-29518-le-decimal-values-correctly-tablet-retry1/trace.zip

    ────────────────────────────────────────────────────────────────────────────────────────────────

    Retry #2 ───────────────────────────────────────────────────────────────────────────────────────

    TimeoutError: locator.click: Timeout 15000ms exceeded.
    Call log:
      - waiting for locator('input[name="email"], input[type="email"], #email')


       at ../pages/base.page.ts:58

      56 |    */
      57 |   async fillField(locator: Locator, value: string) {
    > 58 |     await locator.click();
         |                   ^
      59 |     await locator.clear();
      60 |     await locator.fill(value);
      61 |   }
        at LoginPage.fillField (/app/pages/base.page.ts:58:19)
        at LoginPage.login (/app/pages/login.page.ts:33:16)
        at LoginPage.quickLogin (/app/pages/login.page.ts:58:16)
        at Object.authenticatedPage (/app/fixtures/auth.fixture.ts:12:5)

    attachment #1: screenshot (image/png) ──────────────────────────────────────────────────────────
    ../test-results/invoices-invoice-calculati-29518-le-decimal-values-correctly-tablet-retry2/test-failed-1.png
    ────────────────────────────────────────────────────────────────────────────────────────────────

    attachment #2: video (video/webm) ──────────────────────────────────────────────────────────────
    ../test-results/invoices-invoice-calculati-29518-le-decimal-values-correctly-tablet-retry2/video.webm
    ────────────────────────────────────────────────────────────────────────────────────────────────

    Error Context: ../test-results/invoices-invoice-calculati-29518-le-decimal-values-correctly-tablet-retry2/error-context.md
]]>
</failure>
<system-out>
<![CDATA[
[[ATTACHMENT|invoices-invoice-calculati-29518-le-decimal-values-correctly-tablet/test-failed-1.png]]

[[ATTACHMENT|invoices-invoice-calculati-29518-le-decimal-values-correctly-tablet/video.webm]]

[[ATTACHMENT|invoices-invoice-calculati-29518-le-decimal-values-correctly-tablet/error-context.md]]

[[ATTACHMENT|invoices-invoice-calculati-29518-le-decimal-values-correctly-tablet-retry1/test-failed-1.png]]

[[ATTACHMENT|invoices-invoice-calculati-29518-le-decimal-values-correctly-tablet-retry1/video.webm]]

[[ATTACHMENT|invoices-invoice-calculati-29518-le-decimal-values-correctly-tablet-retry1/error-context.md]]

[[ATTACHMENT|invoices-invoice-calculati-29518-le-decimal-values-correctly-tablet-retry1/trace.zip]]

[[ATTACHMENT|invoices-invoice-calculati-29518-le-decimal-values-correctly-tablet-retry2/test-failed-1.png]]

[[ATTACHMENT|invoices-invoice-calculati-29518-le-decimal-values-correctly-tablet-retry2/video.webm]]

[[ATTACHMENT|invoices-invoice-calculati-29518-le-decimal-values-correctly-tablet-retry2/error-context.md]]
]]>
</system-out>
</testcase>
<testcase name="Invoice Global Financial Calculations › Calculations handle zero and empty values correctly" classname="invoices/invoice-calculations.spec.ts" time="49.195">
<failure message="invoice-calculations.spec.ts:102:7 Calculations handle zero and empty values correctly" type="FAILURE">
<![CDATA[  [tablet] › invoices/invoice-calculations.spec.ts:102:7 › Invoice Global Financial Calculations › Calculations handle zero and empty values correctly 

    TimeoutError: locator.click: Timeout 15000ms exceeded.
    Call log:
      - waiting for locator('input[name="email"], input[type="email"], #email')


       at ../pages/base.page.ts:58

      56 |    */
      57 |   async fillField(locator: Locator, value: string) {
    > 58 |     await locator.click();
         |                   ^
      59 |     await locator.clear();
      60 |     await locator.fill(value);
      61 |   }
        at LoginPage.fillField (/app/pages/base.page.ts:58:19)
        at LoginPage.login (/app/pages/login.page.ts:33:16)
        at LoginPage.quickLogin (/app/pages/login.page.ts:58:16)
        at Object.authenticatedPage (/app/fixtures/auth.fixture.ts:12:5)

    attachment #1: screenshot (image/png) ──────────────────────────────────────────────────────────
    ../test-results/invoices-invoice-calculati-e04f9--and-empty-values-correctly-tablet/test-failed-1.png
    ────────────────────────────────────────────────────────────────────────────────────────────────

    attachment #2: video (video/webm) ──────────────────────────────────────────────────────────────
    ../test-results/invoices-invoice-calculati-e04f9--and-empty-values-correctly-tablet/video.webm
    ────────────────────────────────────────────────────────────────────────────────────────────────

    Error Context: ../test-results/invoices-invoice-calculati-e04f9--and-empty-values-correctly-tablet/error-context.md

    Retry #1 ───────────────────────────────────────────────────────────────────────────────────────

    TimeoutError: locator.click: Timeout 15000ms exceeded.
    Call log:
      - waiting for locator('input[name="email"], input[type="email"], #email')


       at ../pages/base.page.ts:58

      56 |    */
      57 |   async fillField(locator: Locator, value: string) {
    > 58 |     await locator.click();
         |                   ^
      59 |     await locator.clear();
      60 |     await locator.fill(value);
      61 |   }
        at LoginPage.fillField (/app/pages/base.page.ts:58:19)
        at LoginPage.login (/app/pages/login.page.ts:33:16)
        at LoginPage.quickLogin (/app/pages/login.page.ts:58:16)
        at Object.authenticatedPage (/app/fixtures/auth.fixture.ts:12:5)

    attachment #1: screenshot (image/png) ──────────────────────────────────────────────────────────
    ../test-results/invoices-invoice-calculati-e04f9--and-empty-values-correctly-tablet-retry1/test-failed-1.png
    ────────────────────────────────────────────────────────────────────────────────────────────────

    attachment #2: video (video/webm) ──────────────────────────────────────────────────────────────
    ../test-results/invoices-invoice-calculati-e04f9--and-empty-values-correctly-tablet-retry1/video.webm
    ────────────────────────────────────────────────────────────────────────────────────────────────

    Error Context: ../test-results/invoices-invoice-calculati-e04f9--and-empty-values-correctly-tablet-retry1/error-context.md

    attachment #4: trace (application/zip) ─────────────────────────────────────────────────────────
    ../test-results/invoices-invoice-calculati-e04f9--and-empty-values-correctly-tablet-retry1/trace.zip
    Usage:

        npx playwright show-trace ../test-results/invoices-invoice-calculati-e04f9--and-empty-values-correctly-tablet-retry1/trace.zip

    ────────────────────────────────────────────────────────────────────────────────────────────────

    Retry #2 ───────────────────────────────────────────────────────────────────────────────────────

    TimeoutError: locator.click: Timeout 15000ms exceeded.
    Call log:
      - waiting for locator('input[name="email"], input[type="email"], #email')


       at ../pages/base.page.ts:58

      56 |    */
      57 |   async fillField(locator: Locator, value: string) {
    > 58 |     await locator.click();
         |                   ^
      59 |     await locator.clear();
      60 |     await locator.fill(value);
      61 |   }
        at LoginPage.fillField (/app/pages/base.page.ts:58:19)
        at LoginPage.login (/app/pages/login.page.ts:33:16)
        at LoginPage.quickLogin (/app/pages/login.page.ts:58:16)
        at Object.authenticatedPage (/app/fixtures/auth.fixture.ts:12:5)

    attachment #1: screenshot (image/png) ──────────────────────────────────────────────────────────
    ../test-results/invoices-invoice-calculati-e04f9--and-empty-values-correctly-tablet-retry2/test-failed-1.png
    ────────────────────────────────────────────────────────────────────────────────────────────────

    attachment #2: video (video/webm) ──────────────────────────────────────────────────────────────
    ../test-results/invoices-invoice-calculati-e04f9--and-empty-values-correctly-tablet-retry2/video.webm
    ────────────────────────────────────────────────────────────────────────────────────────────────

    Error Context: ../test-results/invoices-invoice-calculati-e04f9--and-empty-values-correctly-tablet-retry2/error-context.md
]]>
</failure>
<system-out>
<![CDATA[
[[ATTACHMENT|invoices-invoice-calculati-e04f9--and-empty-values-correctly-tablet/test-failed-1.png]]

[[ATTACHMENT|invoices-invoice-calculati-e04f9--and-empty-values-correctly-tablet/video.webm]]

[[ATTACHMENT|invoices-invoice-calculati-e04f9--and-empty-values-correctly-tablet/error-context.md]]

[[ATTACHMENT|invoices-invoice-calculati-e04f9--and-empty-values-correctly-tablet-retry1/test-failed-1.png]]

[[ATTACHMENT|invoices-invoice-calculati-e04f9--and-empty-values-correctly-tablet-retry1/video.webm]]

[[ATTACHMENT|invoices-invoice-calculati-e04f9--and-empty-values-correctly-tablet-retry1/error-context.md]]

[[ATTACHMENT|invoices-invoice-calculati-e04f9--and-empty-values-correctly-tablet-retry1/trace.zip]]

[[ATTACHMENT|invoices-invoice-calculati-e04f9--and-empty-values-correctly-tablet-retry2/test-failed-1.png]]

[[ATTACHMENT|invoices-invoice-calculati-e04f9--and-empty-values-correctly-tablet-retry2/video.webm]]

[[ATTACHMENT|invoices-invoice-calculati-e04f9--and-empty-values-correctly-tablet-retry2/error-context.md]]
]]>
</system-out>
</testcase>
<testcase name="Invoice Global Financial Calculations › Multiple line items interact correctly with global financial fields" classname="invoices/invoice-calculations.spec.ts" time="49.368">
<failure message="invoice-calculations.spec.ts:130:7 Multiple line items interact correctly with global financial fields" type="FAILURE">
<![CDATA[  [tablet] › invoices/invoice-calculations.spec.ts:130:7 › Invoice Global Financial Calculations › Multiple line items interact correctly with global financial fields 

    TimeoutError: locator.click: Timeout 15000ms exceeded.
    Call log:
      - waiting for locator('input[name="email"], input[type="email"], #email')


       at ../pages/base.page.ts:58

      56 |    */
      57 |   async fillField(locator: Locator, value: string) {
    > 58 |     await locator.click();
         |                   ^
      59 |     await locator.clear();
      60 |     await locator.fill(value);
      61 |   }
        at LoginPage.fillField (/app/pages/base.page.ts:58:19)
        at LoginPage.login (/app/pages/login.page.ts:33:16)
        at LoginPage.quickLogin (/app/pages/login.page.ts:58:16)
        at Object.authenticatedPage (/app/fixtures/auth.fixture.ts:12:5)

    attachment #1: screenshot (image/png) ──────────────────────────────────────────────────────────
    ../test-results/invoices-invoice-calculati-4ab39-ith-global-financial-fields-tablet/test-failed-1.png
    ────────────────────────────────────────────────────────────────────────────────────────────────

    attachment #2: video (video/webm) ──────────────────────────────────────────────────────────────
    ../test-results/invoices-invoice-calculati-4ab39-ith-global-financial-fields-tablet/video.webm
    ────────────────────────────────────────────────────────────────────────────────────────────────

    Error Context: ../test-results/invoices-invoice-calculati-4ab39-ith-global-financial-fields-tablet/error-context.md

    Retry #1 ───────────────────────────────────────────────────────────────────────────────────────

    TimeoutError: locator.click: Timeout 15000ms exceeded.
    Call log:
      - waiting for locator('input[name="email"], input[type="email"], #email')


       at ../pages/base.page.ts:58

      56 |    */
      57 |   async fillField(locator: Locator, value: string) {
    > 58 |     await locator.click();
         |                   ^
      59 |     await locator.clear();
      60 |     await locator.fill(value);
      61 |   }
        at LoginPage.fillField (/app/pages/base.page.ts:58:19)
        at LoginPage.login (/app/pages/login.page.ts:33:16)
        at LoginPage.quickLogin (/app/pages/login.page.ts:58:16)
        at Object.authenticatedPage (/app/fixtures/auth.fixture.ts:12:5)

    attachment #1: screenshot (image/png) ──────────────────────────────────────────────────────────
    ../test-results/invoices-invoice-calculati-4ab39-ith-global-financial-fields-tablet-retry1/test-failed-1.png
    ────────────────────────────────────────────────────────────────────────────────────────────────

    attachment #2: video (video/webm) ──────────────────────────────────────────────────────────────
    ../test-results/invoices-invoice-calculati-4ab39-ith-global-financial-fields-tablet-retry1/video.webm
    ────────────────────────────────────────────────────────────────────────────────────────────────

    Error Context: ../test-results/invoices-invoice-calculati-4ab39-ith-global-financial-fields-tablet-retry1/error-context.md

    attachment #4: trace (application/zip) ─────────────────────────────────────────────────────────
    ../test-results/invoices-invoice-calculati-4ab39-ith-global-financial-fields-tablet-retry1/trace.zip
    Usage:

        npx playwright show-trace ../test-results/invoices-invoice-calculati-4ab39-ith-global-financial-fields-tablet-retry1/trace.zip

    ────────────────────────────────────────────────────────────────────────────────────────────────

    Retry #2 ───────────────────────────────────────────────────────────────────────────────────────

    TimeoutError: locator.click: Timeout 15000ms exceeded.
    Call log:
      - waiting for locator('input[name="email"], input[type="email"], #email')


       at ../pages/base.page.ts:58

      56 |    */
      57 |   async fillField(locator: Locator, value: string) {
    > 58 |     await locator.click();
         |                   ^
      59 |     await locator.clear();
      60 |     await locator.fill(value);
      61 |   }
        at LoginPage.fillField (/app/pages/base.page.ts:58:19)
        at LoginPage.login (/app/pages/login.page.ts:33:16)
        at LoginPage.quickLogin (/app/pages/login.page.ts:58:16)
        at Object.authenticatedPage (/app/fixtures/auth.fixture.ts:12:5)

    attachment #1: screenshot (image/png) ──────────────────────────────────────────────────────────
    ../test-results/invoices-invoice-calculati-4ab39-ith-global-financial-fields-tablet-retry2/test-failed-1.png
    ────────────────────────────────────────────────────────────────────────────────────────────────

    attachment #2: video (video/webm) ──────────────────────────────────────────────────────────────
    ../test-results/invoices-invoice-calculati-4ab39-ith-global-financial-fields-tablet-retry2/video.webm
    ────────────────────────────────────────────────────────────────────────────────────────────────

    Error Context: ../test-results/invoices-invoice-calculati-4ab39-ith-global-financial-fields-tablet-retry2/error-context.md
]]>
</failure>
<system-out>
<![CDATA[
[[ATTACHMENT|invoices-invoice-calculati-4ab39-ith-global-financial-fields-tablet/test-failed-1.png]]

[[ATTACHMENT|invoices-invoice-calculati-4ab39-ith-global-financial-fields-tablet/video.webm]]

[[ATTACHMENT|invoices-invoice-calculati-4ab39-ith-global-financial-fields-tablet/error-context.md]]

[[ATTACHMENT|invoices-invoice-calculati-4ab39-ith-global-financial-fields-tablet-retry1/test-failed-1.png]]

[[ATTACHMENT|invoices-invoice-calculati-4ab39-ith-global-financial-fields-tablet-retry1/video.webm]]

[[ATTACHMENT|invoices-invoice-calculati-4ab39-ith-global-financial-fields-tablet-retry1/error-context.md]]

[[ATTACHMENT|invoices-invoice-calculati-4ab39-ith-global-financial-fields-tablet-retry1/trace.zip]]

[[ATTACHMENT|invoices-invoice-calculati-4ab39-ith-global-financial-fields-tablet-retry2/test-failed-1.png]]

[[ATTACHMENT|invoices-invoice-calculati-4ab39-ith-global-financial-fields-tablet-retry2/video.webm]]

[[ATTACHMENT|invoices-invoice-calculati-4ab39-ith-global-financial-fields-tablet-retry2/error-context.md]]
]]>
</system-out>
</testcase>
<testcase name="Invoice Global Financial Calculations › Color coding works for different field types" classname="invoices/invoice-calculations.spec.ts" time="49.077">
<failure message="invoice-calculations.spec.ts:164:7 Color coding works for different field types" type="FAILURE">
<![CDATA[  [tablet] › invoices/invoice-calculations.spec.ts:164:7 › Invoice Global Financial Calculations › Color coding works for different field types 

    TimeoutError: locator.click: Timeout 15000ms exceeded.
    Call log:
      - waiting for locator('input[name="email"], input[type="email"], #email')


       at ../pages/base.page.ts:58

      56 |    */
      57 |   async fillField(locator: Locator, value: string) {
    > 58 |     await locator.click();
         |                   ^
      59 |     await locator.clear();
      60 |     await locator.fill(value);
      61 |   }
        at LoginPage.fillField (/app/pages/base.page.ts:58:19)
        at LoginPage.login (/app/pages/login.page.ts:33:16)
        at LoginPage.quickLogin (/app/pages/login.page.ts:58:16)
        at Object.authenticatedPage (/app/fixtures/auth.fixture.ts:12:5)

    attachment #1: screenshot (image/png) ──────────────────────────────────────────────────────────
    ../test-results/invoices-invoice-calculati-7a221-s-for-different-field-types-tablet/test-failed-1.png
    ────────────────────────────────────────────────────────────────────────────────────────────────

    attachment #2: video (video/webm) ──────────────────────────────────────────────────────────────
    ../test-results/invoices-invoice-calculati-7a221-s-for-different-field-types-tablet/video.webm
    ────────────────────────────────────────────────────────────────────────────────────────────────

    Error Context: ../test-results/invoices-invoice-calculati-7a221-s-for-different-field-types-tablet/error-context.md

    Retry #1 ───────────────────────────────────────────────────────────────────────────────────────

    TimeoutError: locator.click: Timeout 15000ms exceeded.
    Call log:
      - waiting for locator('input[name="email"], input[type="email"], #email')


       at ../pages/base.page.ts:58

      56 |    */
      57 |   async fillField(locator: Locator, value: string) {
    > 58 |     await locator.click();
         |                   ^
      59 |     await locator.clear();
      60 |     await locator.fill(value);
      61 |   }
        at LoginPage.fillField (/app/pages/base.page.ts:58:19)
        at LoginPage.login (/app/pages/login.page.ts:33:16)
        at LoginPage.quickLogin (/app/pages/login.page.ts:58:16)
        at Object.authenticatedPage (/app/fixtures/auth.fixture.ts:12:5)

    attachment #1: screenshot (image/png) ──────────────────────────────────────────────────────────
    ../test-results/invoices-invoice-calculati-7a221-s-for-different-field-types-tablet-retry1/test-failed-1.png
    ────────────────────────────────────────────────────────────────────────────────────────────────

    attachment #2: video (video/webm) ──────────────────────────────────────────────────────────────
    ../test-results/invoices-invoice-calculati-7a221-s-for-different-field-types-tablet-retry1/video.webm
    ────────────────────────────────────────────────────────────────────────────────────────────────

    Error Context: ../test-results/invoices-invoice-calculati-7a221-s-for-different-field-types-tablet-retry1/error-context.md

    attachment #4: trace (application/zip) ─────────────────────────────────────────────────────────
    ../test-results/invoices-invoice-calculati-7a221-s-for-different-field-types-tablet-retry1/trace.zip
    Usage:

        npx playwright show-trace ../test-results/invoices-invoice-calculati-7a221-s-for-different-field-types-tablet-retry1/trace.zip

    ────────────────────────────────────────────────────────────────────────────────────────────────

    Retry #2 ───────────────────────────────────────────────────────────────────────────────────────

    TimeoutError: locator.click: Timeout 15000ms exceeded.
    Call log:
      - waiting for locator('input[name="email"], input[type="email"], #email')


       at ../pages/base.page.ts:58

      56 |    */
      57 |   async fillField(locator: Locator, value: string) {
    > 58 |     await locator.click();
         |                   ^
      59 |     await locator.clear();
      60 |     await locator.fill(value);
      61 |   }
        at LoginPage.fillField (/app/pages/base.page.ts:58:19)
        at LoginPage.login (/app/pages/login.page.ts:33:16)
        at LoginPage.quickLogin (/app/pages/login.page.ts:58:16)
        at Object.authenticatedPage (/app/fixtures/auth.fixture.ts:12:5)

    attachment #1: screenshot (image/png) ──────────────────────────────────────────────────────────
    ../test-results/invoices-invoice-calculati-7a221-s-for-different-field-types-tablet-retry2/test-failed-1.png
    ────────────────────────────────────────────────────────────────────────────────────────────────

    attachment #2: video (video/webm) ──────────────────────────────────────────────────────────────
    ../test-results/invoices-invoice-calculati-7a221-s-for-different-field-types-tablet-retry2/video.webm
    ────────────────────────────────────────────────────────────────────────────────────────────────

    Error Context: ../test-results/invoices-invoice-calculati-7a221-s-for-different-field-types-tablet-retry2/error-context.md
]]>
</failure>
<system-out>
<![CDATA[
[[ATTACHMENT|invoices-invoice-calculati-7a221-s-for-different-field-types-tablet/test-failed-1.png]]

[[ATTACHMENT|invoices-invoice-calculati-7a221-s-for-different-field-types-tablet/video.webm]]

[[ATTACHMENT|invoices-invoice-calculati-7a221-s-for-different-field-types-tablet/error-context.md]]

[[ATTACHMENT|invoices-invoice-calculati-7a221-s-for-different-field-types-tablet-retry1/test-failed-1.png]]

[[ATTACHMENT|invoices-invoice-calculati-7a221-s-for-different-field-types-tablet-retry1/video.webm]]

[[ATTACHMENT|invoices-invoice-calculati-7a221-s-for-different-field-types-tablet-retry1/error-context.md]]

[[ATTACHMENT|invoices-invoice-calculati-7a221-s-for-different-field-types-tablet-retry1/trace.zip]]

[[ATTACHMENT|invoices-invoice-calculati-7a221-s-for-different-field-types-tablet-retry2/test-failed-1.png]]

[[ATTACHMENT|invoices-invoice-calculati-7a221-s-for-different-field-types-tablet-retry2/video.webm]]

[[ATTACHMENT|invoices-invoice-calculati-7a221-s-for-different-field-types-tablet-retry2/error-context.md]]
]]>
</system-out>
</testcase>
<testcase name="Invoice Global Financial Calculations › Form validation for global financial fields" classname="invoices/invoice-calculations.spec.ts" time="49.084">
<failure message="invoice-calculations.spec.ts:194:7 Form validation for global financial fields" type="FAILURE">
<![CDATA[  [tablet] › invoices/invoice-calculations.spec.ts:194:7 › Invoice Global Financial Calculations › Form validation for global financial fields 

    TimeoutError: locator.click: Timeout 15000ms exceeded.
    Call log:
      - waiting for locator('input[name="email"], input[type="email"], #email')


       at ../pages/base.page.ts:58

      56 |    */
      57 |   async fillField(locator: Locator, value: string) {
    > 58 |     await locator.click();
         |                   ^
      59 |     await locator.clear();
      60 |     await locator.fill(value);
      61 |   }
        at LoginPage.fillField (/app/pages/base.page.ts:58:19)
        at LoginPage.login (/app/pages/login.page.ts:33:16)
        at LoginPage.quickLogin (/app/pages/login.page.ts:58:16)
        at Object.authenticatedPage (/app/fixtures/auth.fixture.ts:12:5)

    attachment #1: screenshot (image/png) ──────────────────────────────────────────────────────────
    ../test-results/invoices-invoice-calculati-84ffc-for-global-financial-fields-tablet/test-failed-1.png
    ────────────────────────────────────────────────────────────────────────────────────────────────

    attachment #2: video (video/webm) ──────────────────────────────────────────────────────────────
    ../test-results/invoices-invoice-calculati-84ffc-for-global-financial-fields-tablet/video.webm
    ────────────────────────────────────────────────────────────────────────────────────────────────

    Error Context: ../test-results/invoices-invoice-calculati-84ffc-for-global-financial-fields-tablet/error-context.md

    Retry #1 ───────────────────────────────────────────────────────────────────────────────────────

    TimeoutError: locator.click: Timeout 15000ms exceeded.
    Call log:
      - waiting for locator('input[name="email"], input[type="email"], #email')


       at ../pages/base.page.ts:58

      56 |    */
      57 |   async fillField(locator: Locator, value: string) {
    > 58 |     await locator.click();
         |                   ^
      59 |     await locator.clear();
      60 |     await locator.fill(value);
      61 |   }
        at LoginPage.fillField (/app/pages/base.page.ts:58:19)
        at LoginPage.login (/app/pages/login.page.ts:33:16)
        at LoginPage.quickLogin (/app/pages/login.page.ts:58:16)
        at Object.authenticatedPage (/app/fixtures/auth.fixture.ts:12:5)

    attachment #1: screenshot (image/png) ──────────────────────────────────────────────────────────
    ../test-results/invoices-invoice-calculati-84ffc-for-global-financial-fields-tablet-retry1/test-failed-1.png
    ────────────────────────────────────────────────────────────────────────────────────────────────

    attachment #2: video (video/webm) ──────────────────────────────────────────────────────────────
    ../test-results/invoices-invoice-calculati-84ffc-for-global-financial-fields-tablet-retry1/video.webm
    ────────────────────────────────────────────────────────────────────────────────────────────────

    Error Context: ../test-results/invoices-invoice-calculati-84ffc-for-global-financial-fields-tablet-retry1/error-context.md

    attachment #4: trace (application/zip) ─────────────────────────────────────────────────────────
    ../test-results/invoices-invoice-calculati-84ffc-for-global-financial-fields-tablet-retry1/trace.zip
    Usage:

        npx playwright show-trace ../test-results/invoices-invoice-calculati-84ffc-for-global-financial-fields-tablet-retry1/trace.zip

    ────────────────────────────────────────────────────────────────────────────────────────────────

    Retry #2 ───────────────────────────────────────────────────────────────────────────────────────

    TimeoutError: locator.click: Timeout 15000ms exceeded.
    Call log:
      - waiting for locator('input[name="email"], input[type="email"], #email')


       at ../pages/base.page.ts:58

      56 |    */
      57 |   async fillField(locator: Locator, value: string) {
    > 58 |     await locator.click();
         |                   ^
      59 |     await locator.clear();
      60 |     await locator.fill(value);
      61 |   }
        at LoginPage.fillField (/app/pages/base.page.ts:58:19)
        at LoginPage.login (/app/pages/login.page.ts:33:16)
        at LoginPage.quickLogin (/app/pages/login.page.ts:58:16)
        at Object.authenticatedPage (/app/fixtures/auth.fixture.ts:12:5)

    attachment #1: screenshot (image/png) ──────────────────────────────────────────────────────────
    ../test-results/invoices-invoice-calculati-84ffc-for-global-financial-fields-tablet-retry2/test-failed-1.png
    ────────────────────────────────────────────────────────────────────────────────────────────────

    attachment #2: video (video/webm) ──────────────────────────────────────────────────────────────
    ../test-results/invoices-invoice-calculati-84ffc-for-global-financial-fields-tablet-retry2/video.webm
    ────────────────────────────────────────────────────────────────────────────────────────────────

    Error Context: ../test-results/invoices-invoice-calculati-84ffc-for-global-financial-fields-tablet-retry2/error-context.md
]]>
</failure>
<system-out>
<![CDATA[
[[ATTACHMENT|invoices-invoice-calculati-84ffc-for-global-financial-fields-tablet/test-failed-1.png]]

[[ATTACHMENT|invoices-invoice-calculati-84ffc-for-global-financial-fields-tablet/video.webm]]

[[ATTACHMENT|invoices-invoice-calculati-84ffc-for-global-financial-fields-tablet/error-context.md]]

[[ATTACHMENT|invoices-invoice-calculati-84ffc-for-global-financial-fields-tablet-retry1/test-failed-1.png]]

[[ATTACHMENT|invoices-invoice-calculati-84ffc-for-global-financial-fields-tablet-retry1/video.webm]]

[[ATTACHMENT|invoices-invoice-calculati-84ffc-for-global-financial-fields-tablet-retry1/error-context.md]]

[[ATTACHMENT|invoices-invoice-calculati-84ffc-for-global-financial-fields-tablet-retry1/trace.zip]]

[[ATTACHMENT|invoices-invoice-calculati-84ffc-for-global-financial-fields-tablet-retry2/test-failed-1.png]]

[[ATTACHMENT|invoices-invoice-calculati-84ffc-for-global-financial-fields-tablet-retry2/video.webm]]

[[ATTACHMENT|invoices-invoice-calculati-84ffc-for-global-financial-fields-tablet-retry2/error-context.md]]
]]>
</system-out>
</testcase>
</testsuite>
<testsuite name="workflows/sla-tracking.spec.ts" timestamp="2025-09-25T07:53:49.510Z" hostname="tablet" tests="9" failures="3" skipped="6" time="160.962" errors="0">
<testcase name="SLA Tracking System › SLA indicators on invoices index page › displays correct SLA status indicators for different invoice states" classname="workflows/sla-tracking.spec.ts" time="49.64">
<failure message="sla-tracking.spec.ts:26:9 displays correct SLA status indicators for different invoice states" type="FAILURE">
<![CDATA[  [tablet] › workflows/sla-tracking.spec.ts:26:9 › SLA Tracking System › SLA indicators on invoices index page › displays correct SLA status indicators for different invoice states 

    TimeoutError: locator.click: Timeout 15000ms exceeded.
    Call log:
      - waiting for locator('input[name="email"], input[type="email"], #email')


       at ../pages/base.page.ts:58

      56 |    */
      57 |   async fillField(locator: Locator, value: string) {
    > 58 |     await locator.click();
         |                   ^
      59 |     await locator.clear();
      60 |     await locator.fill(value);
      61 |   }
        at LoginPage.fillField (/app/pages/base.page.ts:58:19)
        at LoginPage.login (/app/pages/login.page.ts:33:16)
        at LoginPage.quickLogin (/app/pages/login.page.ts:58:16)
        at Object.authenticatedPage (/app/fixtures/auth.fixture.ts:12:5)

    attachment #1: screenshot (image/png) ──────────────────────────────────────────────────────────
    ../test-results/workflows-sla-tracking-SLA-15e09-or-different-invoice-states-tablet/test-failed-1.png
    ────────────────────────────────────────────────────────────────────────────────────────────────

    attachment #2: video (video/webm) ──────────────────────────────────────────────────────────────
    ../test-results/workflows-sla-tracking-SLA-15e09-or-different-invoice-states-tablet/video.webm
    ────────────────────────────────────────────────────────────────────────────────────────────────

    Error Context: ../test-results/workflows-sla-tracking-SLA-15e09-or-different-invoice-states-tablet/error-context.md

    Retry #1 ───────────────────────────────────────────────────────────────────────────────────────

    TimeoutError: locator.click: Timeout 15000ms exceeded.
    Call log:
      - waiting for locator('input[name="email"], input[type="email"], #email')


       at ../pages/base.page.ts:58

      56 |    */
      57 |   async fillField(locator: Locator, value: string) {
    > 58 |     await locator.click();
         |                   ^
      59 |     await locator.clear();
      60 |     await locator.fill(value);
      61 |   }
        at LoginPage.fillField (/app/pages/base.page.ts:58:19)
        at LoginPage.login (/app/pages/login.page.ts:33:16)
        at LoginPage.quickLogin (/app/pages/login.page.ts:58:16)
        at Object.authenticatedPage (/app/fixtures/auth.fixture.ts:12:5)

    attachment #1: screenshot (image/png) ──────────────────────────────────────────────────────────
    ../test-results/workflows-sla-tracking-SLA-15e09-or-different-invoice-states-tablet-retry1/test-failed-1.png
    ────────────────────────────────────────────────────────────────────────────────────────────────

    attachment #2: video (video/webm) ──────────────────────────────────────────────────────────────
    ../test-results/workflows-sla-tracking-SLA-15e09-or-different-invoice-states-tablet-retry1/video.webm
    ────────────────────────────────────────────────────────────────────────────────────────────────

    Error Context: ../test-results/workflows-sla-tracking-SLA-15e09-or-different-invoice-states-tablet-retry1/error-context.md

    attachment #4: trace (application/zip) ─────────────────────────────────────────────────────────
    ../test-results/workflows-sla-tracking-SLA-15e09-or-different-invoice-states-tablet-retry1/trace.zip
    Usage:

        npx playwright show-trace ../test-results/workflows-sla-tracking-SLA-15e09-or-different-invoice-states-tablet-retry1/trace.zip

    ────────────────────────────────────────────────────────────────────────────────────────────────

    Retry #2 ───────────────────────────────────────────────────────────────────────────────────────

    TimeoutError: locator.click: Timeout 15000ms exceeded.
    Call log:
      - waiting for locator('input[name="email"], input[type="email"], #email')


       at ../pages/base.page.ts:58

      56 |    */
      57 |   async fillField(locator: Locator, value: string) {
    > 58 |     await locator.click();
         |                   ^
      59 |     await locator.clear();
      60 |     await locator.fill(value);
      61 |   }
        at LoginPage.fillField (/app/pages/base.page.ts:58:19)
        at LoginPage.login (/app/pages/login.page.ts:33:16)
        at LoginPage.quickLogin (/app/pages/login.page.ts:58:16)
        at Object.authenticatedPage (/app/fixtures/auth.fixture.ts:12:5)

    attachment #1: screenshot (image/png) ──────────────────────────────────────────────────────────
    ../test-results/workflows-sla-tracking-SLA-15e09-or-different-invoice-states-tablet-retry2/test-failed-1.png
    ────────────────────────────────────────────────────────────────────────────────────────────────

    attachment #2: video (video/webm) ──────────────────────────────────────────────────────────────
    ../test-results/workflows-sla-tracking-SLA-15e09-or-different-invoice-states-tablet-retry2/video.webm
    ────────────────────────────────────────────────────────────────────────────────────────────────

    Error Context: ../test-results/workflows-sla-tracking-SLA-15e09-or-different-invoice-states-tablet-retry2/error-context.md
]]>
</failure>
<system-out>
<![CDATA[
[[ATTACHMENT|workflows-sla-tracking-SLA-15e09-or-different-invoice-states-tablet/test-failed-1.png]]

[[ATTACHMENT|workflows-sla-tracking-SLA-15e09-or-different-invoice-states-tablet/video.webm]]

[[ATTACHMENT|workflows-sla-tracking-SLA-15e09-or-different-invoice-states-tablet/error-context.md]]

[[ATTACHMENT|workflows-sla-tracking-SLA-15e09-or-different-invoice-states-tablet-retry1/test-failed-1.png]]

[[ATTACHMENT|workflows-sla-tracking-SLA-15e09-or-different-invoice-states-tablet-retry1/video.webm]]

[[ATTACHMENT|workflows-sla-tracking-SLA-15e09-or-different-invoice-states-tablet-retry1/error-context.md]]

[[ATTACHMENT|workflows-sla-tracking-SLA-15e09-or-different-invoice-states-tablet-retry1/trace.zip]]

[[ATTACHMENT|workflows-sla-tracking-SLA-15e09-or-different-invoice-states-tablet-retry2/test-failed-1.png]]

[[ATTACHMENT|workflows-sla-tracking-SLA-15e09-or-different-invoice-states-tablet-retry2/video.webm]]

[[ATTACHMENT|workflows-sla-tracking-SLA-15e09-or-different-invoice-states-tablet-retry2/error-context.md]]
]]>
</system-out>
</testcase>
<testcase name="SLA Tracking System › SLA indicators on invoices index page › displays warning indicator for approaching deadlines" classname="workflows/sla-tracking.spec.ts" time="49.399">
<failure message="sla-tracking.spec.ts:45:9 displays warning indicator for approaching deadlines" type="FAILURE">
<![CDATA[  [tablet] › workflows/sla-tracking.spec.ts:45:9 › SLA Tracking System › SLA indicators on invoices index page › displays warning indicator for approaching deadlines 

    TimeoutError: locator.click: Timeout 15000ms exceeded.
    Call log:
      - waiting for locator('input[name="email"], input[type="email"], #email')


       at ../pages/base.page.ts:58

      56 |    */
      57 |   async fillField(locator: Locator, value: string) {
    > 58 |     await locator.click();
         |                   ^
      59 |     await locator.clear();
      60 |     await locator.fill(value);
      61 |   }
        at LoginPage.fillField (/app/pages/base.page.ts:58:19)
        at LoginPage.login (/app/pages/login.page.ts:33:16)
        at LoginPage.quickLogin (/app/pages/login.page.ts:58:16)
        at Object.authenticatedPage (/app/fixtures/auth.fixture.ts:12:5)

    attachment #1: screenshot (image/png) ──────────────────────────────────────────────────────────
    ../test-results/workflows-sla-tracking-SLA-87986-r-for-approaching-deadlines-tablet/test-failed-1.png
    ────────────────────────────────────────────────────────────────────────────────────────────────

    attachment #2: video (video/webm) ──────────────────────────────────────────────────────────────
    ../test-results/workflows-sla-tracking-SLA-87986-r-for-approaching-deadlines-tablet/video.webm
    ────────────────────────────────────────────────────────────────────────────────────────────────

    Error Context: ../test-results/workflows-sla-tracking-SLA-87986-r-for-approaching-deadlines-tablet/error-context.md

    Retry #1 ───────────────────────────────────────────────────────────────────────────────────────

    TimeoutError: locator.click: Timeout 15000ms exceeded.
    Call log:
      - waiting for locator('input[name="email"], input[type="email"], #email')


       at ../pages/base.page.ts:58

      56 |    */
      57 |   async fillField(locator: Locator, value: string) {
    > 58 |     await locator.click();
         |                   ^
      59 |     await locator.clear();
      60 |     await locator.fill(value);
      61 |   }
        at LoginPage.fillField (/app/pages/base.page.ts:58:19)
        at LoginPage.login (/app/pages/login.page.ts:33:16)
        at LoginPage.quickLogin (/app/pages/login.page.ts:58:16)
        at Object.authenticatedPage (/app/fixtures/auth.fixture.ts:12:5)

    attachment #1: screenshot (image/png) ──────────────────────────────────────────────────────────
    ../test-results/workflows-sla-tracking-SLA-87986-r-for-approaching-deadlines-tablet-retry1/test-failed-1.png
    ────────────────────────────────────────────────────────────────────────────────────────────────

    attachment #2: video (video/webm) ──────────────────────────────────────────────────────────────
    ../test-results/workflows-sla-tracking-SLA-87986-r-for-approaching-deadlines-tablet-retry1/video.webm
    ────────────────────────────────────────────────────────────────────────────────────────────────

    Error Context: ../test-results/workflows-sla-tracking-SLA-87986-r-for-approaching-deadlines-tablet-retry1/error-context.md

    attachment #4: trace (application/zip) ─────────────────────────────────────────────────────────
    ../test-results/workflows-sla-tracking-SLA-87986-r-for-approaching-deadlines-tablet-retry1/trace.zip
    Usage:

        npx playwright show-trace ../test-results/workflows-sla-tracking-SLA-87986-r-for-approaching-deadlines-tablet-retry1/trace.zip

    ────────────────────────────────────────────────────────────────────────────────────────────────

    Retry #2 ───────────────────────────────────────────────────────────────────────────────────────

    TimeoutError: locator.click: Timeout 15000ms exceeded.
    Call log:
      - waiting for locator('input[name="email"], input[type="email"], #email')


       at ../pages/base.page.ts:58

      56 |    */
      57 |   async fillField(locator: Locator, value: string) {
    > 58 |     await locator.click();
         |                   ^
      59 |     await locator.clear();
      60 |     await locator.fill(value);
      61 |   }
        at LoginPage.fillField (/app/pages/base.page.ts:58:19)
        at LoginPage.login (/app/pages/login.page.ts:33:16)
        at LoginPage.quickLogin (/app/pages/login.page.ts:58:16)
        at Object.authenticatedPage (/app/fixtures/auth.fixture.ts:12:5)

    attachment #1: screenshot (image/png) ──────────────────────────────────────────────────────────
    ../test-results/workflows-sla-tracking-SLA-87986-r-for-approaching-deadlines-tablet-retry2/test-failed-1.png
    ────────────────────────────────────────────────────────────────────────────────────────────────

    attachment #2: video (video/webm) ──────────────────────────────────────────────────────────────
    ../test-results/workflows-sla-tracking-SLA-87986-r-for-approaching-deadlines-tablet-retry2/video.webm
    ────────────────────────────────────────────────────────────────────────────────────────────────

    Error Context: ../test-results/workflows-sla-tracking-SLA-87986-r-for-approaching-deadlines-tablet-retry2/error-context.md
]]>
</failure>
<system-out>
<![CDATA[
[[ATTACHMENT|workflows-sla-tracking-SLA-87986-r-for-approaching-deadlines-tablet/test-failed-1.png]]

[[ATTACHMENT|workflows-sla-tracking-SLA-87986-r-for-approaching-deadlines-tablet/video.webm]]

[[ATTACHMENT|workflows-sla-tracking-SLA-87986-r-for-approaching-deadlines-tablet/error-context.md]]

[[ATTACHMENT|workflows-sla-tracking-SLA-87986-r-for-approaching-deadlines-tablet-retry1/test-failed-1.png]]

[[ATTACHMENT|workflows-sla-tracking-SLA-87986-r-for-approaching-deadlines-tablet-retry1/video.webm]]

[[ATTACHMENT|workflows-sla-tracking-SLA-87986-r-for-approaching-deadlines-tablet-retry1/error-context.md]]

[[ATTACHMENT|workflows-sla-tracking-SLA-87986-r-for-approaching-deadlines-tablet-retry1/trace.zip]]

[[ATTACHMENT|workflows-sla-tracking-SLA-87986-r-for-approaching-deadlines-tablet-retry2/test-failed-1.png]]

[[ATTACHMENT|workflows-sla-tracking-SLA-87986-r-for-approaching-deadlines-tablet-retry2/video.webm]]

[[ATTACHMENT|workflows-sla-tracking-SLA-87986-r-for-approaching-deadlines-tablet-retry2/error-context.md]]
]]>
</system-out>
</testcase>
<testcase name="SLA Tracking System › SLA indicators on invoices index page › applies correct styling based on time remaining" classname="workflows/sla-tracking.spec.ts" time="49.461">
<failure message="sla-tracking.spec.ts:54:9 applies correct styling based on time remaining" type="FAILURE">
<![CDATA[  [tablet] › workflows/sla-tracking.spec.ts:54:9 › SLA Tracking System › SLA indicators on invoices index page › applies correct styling based on time remaining 

    TimeoutError: locator.click: Timeout 15000ms exceeded.
    Call log:
      - waiting for locator('input[name="email"], input[type="email"], #email')


       at ../pages/base.page.ts:58

      56 |    */
      57 |   async fillField(locator: Locator, value: string) {
    > 58 |     await locator.click();
         |                   ^
      59 |     await locator.clear();
      60 |     await locator.fill(value);
      61 |   }
        at LoginPage.fillField (/app/pages/base.page.ts:58:19)
        at LoginPage.login (/app/pages/login.page.ts:33:16)
        at LoginPage.quickLogin (/app/pages/login.page.ts:58:16)
        at Object.authenticatedPage (/app/fixtures/auth.fixture.ts:12:5)

    attachment #1: screenshot (image/png) ──────────────────────────────────────────────────────────
    ../test-results/workflows-sla-tracking-SLA-d49e4-ing-based-on-time-remaining-tablet/test-failed-1.png
    ────────────────────────────────────────────────────────────────────────────────────────────────

    attachment #2: video (video/webm) ──────────────────────────────────────────────────────────────
    ../test-results/workflows-sla-tracking-SLA-d49e4-ing-based-on-time-remaining-tablet/video.webm
    ────────────────────────────────────────────────────────────────────────────────────────────────

    Error Context: ../test-results/workflows-sla-tracking-SLA-d49e4-ing-based-on-time-remaining-tablet/error-context.md

    Retry #1 ───────────────────────────────────────────────────────────────────────────────────────

    TimeoutError: locator.click: Timeout 15000ms exceeded.
    Call log:
      - waiting for locator('input[name="email"], input[type="email"], #email')


       at ../pages/base.page.ts:58

      56 |    */
      57 |   async fillField(locator: Locator, value: string) {
    > 58 |     await locator.click();
         |                   ^
      59 |     await locator.clear();
      60 |     await locator.fill(value);
      61 |   }
        at LoginPage.fillField (/app/pages/base.page.ts:58:19)
        at LoginPage.login (/app/pages/login.page.ts:33:16)
        at LoginPage.quickLogin (/app/pages/login.page.ts:58:16)
        at Object.authenticatedPage (/app/fixtures/auth.fixture.ts:12:5)

    attachment #1: screenshot (image/png) ──────────────────────────────────────────────────────────
    ../test-results/workflows-sla-tracking-SLA-d49e4-ing-based-on-time-remaining-tablet-retry1/test-failed-1.png
    ────────────────────────────────────────────────────────────────────────────────────────────────

    attachment #2: video (video/webm) ──────────────────────────────────────────────────────────────
    ../test-results/workflows-sla-tracking-SLA-d49e4-ing-based-on-time-remaining-tablet-retry1/video.webm
    ────────────────────────────────────────────────────────────────────────────────────────────────

    Error Context: ../test-results/workflows-sla-tracking-SLA-d49e4-ing-based-on-time-remaining-tablet-retry1/error-context.md

    attachment #4: trace (application/zip) ─────────────────────────────────────────────────────────
    ../test-results/workflows-sla-tracking-SLA-d49e4-ing-based-on-time-remaining-tablet-retry1/trace.zip
    Usage:

        npx playwright show-trace ../test-results/workflows-sla-tracking-SLA-d49e4-ing-based-on-time-remaining-tablet-retry1/trace.zip

    ────────────────────────────────────────────────────────────────────────────────────────────────

    Retry #2 ───────────────────────────────────────────────────────────────────────────────────────

    TimeoutError: locator.click: Timeout 15000ms exceeded.
    Call log:
      - waiting for locator('input[name="email"], input[type="email"], #email')


       at ../pages/base.page.ts:58

      56 |    */
      57 |   async fillField(locator: Locator, value: string) {
    > 58 |     await locator.click();
         |                   ^
      59 |     await locator.clear();
      60 |     await locator.fill(value);
      61 |   }
        at LoginPage.fillField (/app/pages/base.page.ts:58:19)
        at LoginPage.login (/app/pages/login.page.ts:33:16)
        at LoginPage.quickLogin (/app/pages/login.page.ts:58:16)
        at Object.authenticatedPage (/app/fixtures/auth.fixture.ts:12:5)

    attachment #1: screenshot (image/png) ──────────────────────────────────────────────────────────
    ../test-results/workflows-sla-tracking-SLA-d49e4-ing-based-on-time-remaining-tablet-retry2/test-failed-1.png
    ────────────────────────────────────────────────────────────────────────────────────────────────

    attachment #2: video (video/webm) ──────────────────────────────────────────────────────────────
    ../test-results/workflows-sla-tracking-SLA-d49e4-ing-based-on-time-remaining-tablet-retry2/video.webm
    ────────────────────────────────────────────────────────────────────────────────────────────────

    Error Context: ../test-results/workflows-sla-tracking-SLA-d49e4-ing-based-on-time-remaining-tablet-retry2/error-context.md
]]>
</failure>
<system-out>
<![CDATA[
[[ATTACHMENT|workflows-sla-tracking-SLA-d49e4-ing-based-on-time-remaining-tablet/test-failed-1.png]]

[[ATTACHMENT|workflows-sla-tracking-SLA-d49e4-ing-based-on-time-remaining-tablet/video.webm]]

[[ATTACHMENT|workflows-sla-tracking-SLA-d49e4-ing-based-on-time-remaining-tablet/error-context.md]]

[[ATTACHMENT|workflows-sla-tracking-SLA-d49e4-ing-based-on-time-remaining-tablet-retry1/test-failed-1.png]]

[[ATTACHMENT|workflows-sla-tracking-SLA-d49e4-ing-based-on-time-remaining-tablet-retry1/video.webm]]

[[ATTACHMENT|workflows-sla-tracking-SLA-d49e4-ing-based-on-time-remaining-tablet-retry1/error-context.md]]

[[ATTACHMENT|workflows-sla-tracking-SLA-d49e4-ing-based-on-time-remaining-tablet-retry1/trace.zip]]

[[ATTACHMENT|workflows-sla-tracking-SLA-d49e4-ing-based-on-time-remaining-tablet-retry2/test-failed-1.png]]

[[ATTACHMENT|workflows-sla-tracking-SLA-d49e4-ing-based-on-time-remaining-tablet-retry2/video.webm]]

[[ATTACHMENT|workflows-sla-tracking-SLA-d49e4-ing-based-on-time-remaining-tablet-retry2/error-context.md]]
]]>
</system-out>
</testcase>
<testcase name="SLA Tracking System › detailed SLA information on workflow page › displays comprehensive SLA details for active invoices" classname="workflows/sla-tracking.spec.ts" time="12.462">
<skipped>
</skipped>
</testcase>
<testcase name="SLA Tracking System › detailed SLA information on workflow page › displays overdue SLA details with correct styling" classname="workflows/sla-tracking.spec.ts" time="0">
<skipped>
</skipped>
</testcase>
<testcase name="SLA Tracking System › detailed SLA information on workflow page › handles invoices without SLA deadline" classname="workflows/sla-tracking.spec.ts" time="0">
<skipped>
</skipped>
</testcase>
<testcase name="SLA Tracking System › detailed SLA information on workflow page › calculates and displays correct progress percentage" classname="workflows/sla-tracking.spec.ts" time="0">
<skipped>
</skipped>
</testcase>
<testcase name="SLA Tracking System › edge cases and error handling › handles missing workflow data gracefully" classname="workflows/sla-tracking.spec.ts" time="0">
<skipped>
</skipped>
</testcase>
<testcase name="SLA Tracking System › edge cases and error handling › updates SLA status after workflow transition" classname="workflows/sla-tracking.spec.ts" time="0">
<skipped>
</skipped>
</testcase>
</testsuite>
</testsuites>